Archive member included to satisfy reference by file (symbol)

/Users/clfilho/SimplicityStudio/BLE/socThroughputBG13/protocol/bluetooth/lib/EFR32BG13P/GCC/libbluetooth.a(bgapi.c.obj)
                              ./main.o (gecko_rsp_msg_buf)
/Users/clfilho/SimplicityStudio/BLE/socThroughputBG13/protocol/bluetooth/lib/EFR32BG13P/GCC/libbluetooth.a(bgapi_endpoint.c.obj)
                              ./main.o (sli_bt_cmd_endpoint_close)
/Users/clfilho/SimplicityStudio/BLE/socThroughputBG13/protocol/bluetooth/lib/EFR32BG13P/GCC/libbluetooth.a(bgapi_gap.c.obj)
                              ./main.o (sli_bt_cmd_le_gap_set_mode)
/Users/clfilho/SimplicityStudio/BLE/socThroughputBG13/protocol/bluetooth/lib/EFR32BG13P/GCC/libbluetooth.a(bgapi_gatt.c.obj)
                              /Users/clfilho/SimplicityStudio/BLE/socThroughputBG13/protocol/bluetooth/lib/EFR32BG13P/GCC/libbluetooth.a(bgapi.c.obj) (bgapi_gatt_listener)
/Users/clfilho/SimplicityStudio/BLE/socThroughputBG13/protocol/bluetooth/lib/EFR32BG13P/GCC/libbluetooth.a(bgapi_gatt_lib.c.obj)
                              ./main.o (sli_bt_cmd_gatt_set_max_mtu)
/Users/clfilho/SimplicityStudio/BLE/socThroughputBG13/protocol/bluetooth/lib/EFR32BG13P/GCC/libbluetooth.a(bgapi_hardware.c.obj)
                              ./main.o (sli_bt_cmd_hardware_set_soft_timer)
/Users/clfilho/SimplicityStudio/BLE/socThroughputBG13/protocol/bluetooth/lib/EFR32BG13P/GCC/libbluetooth.a(bgapi_le_connection.c.obj)
                              ./main.o (sli_bt_cmd_le_connection_set_parameters)
/Users/clfilho/SimplicityStudio/BLE/socThroughputBG13/protocol/bluetooth/lib/EFR32BG13P/GCC/libbluetooth.a(bgapi_system.c.obj)
                              ./main.o (sli_bt_cmd_system_set_tx_power)
/Users/clfilho/SimplicityStudio/BLE/socThroughputBG13/protocol/bluetooth/lib/EFR32BG13P/GCC/libbluetooth.a(bgbuf.c.obj)
                              /Users/clfilho/SimplicityStudio/BLE/socThroughputBG13/protocol/bluetooth/lib/EFR32BG13P/GCC/libbluetooth.a(bgapi.c.obj) (bgbuf_chain_free)
/Users/clfilho/SimplicityStudio/BLE/socThroughputBG13/protocol/bluetooth/lib/EFR32BG13P/GCC/libbluetooth.a(bglib.c.obj)
                              ./main.o (gecko_stack_init)
/Users/clfilho/SimplicityStudio/BLE/socThroughputBG13/protocol/bluetooth/lib/EFR32BG13P/GCC/libbluetooth.a(btl_interface.c.obj)
                              /Users/clfilho/SimplicityStudio/BLE/socThroughputBG13/protocol/bluetooth/lib/EFR32BG13P/GCC/libbluetooth.a(bgapi.c.obj) (bootloader_getInfo)
/Users/clfilho/SimplicityStudio/BLE/socThroughputBG13/protocol/bluetooth/lib/EFR32BG13P/GCC/libbluetooth.a(efr32xg1x.c.obj)
                              /Users/clfilho/SimplicityStudio/BLE/socThroughputBG13/protocol/bluetooth/lib/EFR32BG13P/GCC/libbluetooth.a(bgapi_hardware.c.obj) (bg_hal_set_dcdc_enable)
/Users/clfilho/SimplicityStudio/BLE/socThroughputBG13/protocol/bluetooth/lib/EFR32BG13P/GCC/libbluetooth.a(gap.c.obj)
                              /Users/clfilho/SimplicityStudio/BLE/socThroughputBG13/protocol/bluetooth/lib/EFR32BG13P/GCC/libbluetooth.a(bglib.c.obj) (gap_reset_state)
/Users/clfilho/SimplicityStudio/BLE/socThroughputBG13/protocol/bluetooth/lib/EFR32BG13P/GCC/libbluetooth.a(gap_adv.c.obj)
                              /Users/clfilho/SimplicityStudio/BLE/socThroughputBG13/protocol/bluetooth/lib/EFR32BG13P/GCC/libbluetooth.a(gap.c.obj) (gap_set_advertising_timeout)
/Users/clfilho/SimplicityStudio/BLE/socThroughputBG13/protocol/bluetooth/lib/EFR32BG13P/GCC/libbluetooth.a(gap_deprecated.c.obj)
                              /Users/clfilho/SimplicityStudio/BLE/socThroughputBG13/protocol/bluetooth/lib/EFR32BG13P/GCC/libbluetooth.a(bgapi_gap.c.obj) (ubt_gap_set_adv_parameters)
/Users/clfilho/SimplicityStudio/BLE/socThroughputBG13/protocol/bluetooth/lib/EFR32BG13P/GCC/libbluetooth.a(gap_resolver.c.obj)
                              /Users/clfilho/SimplicityStudio/BLE/socThroughputBG13/protocol/bluetooth/lib/EFR32BG13P/GCC/libbluetooth.a(gap.c.obj) (gap_address_resolver_step)
/Users/clfilho/SimplicityStudio/BLE/socThroughputBG13/protocol/bluetooth/lib/EFR32BG13P/GCC/libbluetooth.a(gap_scan.c.obj)
                              /Users/clfilho/SimplicityStudio/BLE/socThroughputBG13/protocol/bluetooth/lib/EFR32BG13P/GCC/libbluetooth.a(gap.c.obj) (gap_status_set_scan_packet)
/Users/clfilho/SimplicityStudio/BLE/socThroughputBG13/protocol/bluetooth/lib/EFR32BG13P/GCC/libbluetooth.a(gatt.c.obj)
                              /Users/clfilho/SimplicityStudio/BLE/socThroughputBG13/protocol/bluetooth/lib/EFR32BG13P/GCC/libbluetooth.a(gap.c.obj) (gatt_init_connection)
/Users/clfilho/SimplicityStudio/BLE/socThroughputBG13/protocol/bluetooth/lib/EFR32BG13P/GCC/libbluetooth.a(gatt_client.c.obj)
                              /Users/clfilho/SimplicityStudio/BLE/socThroughputBG13/protocol/bluetooth/lib/EFR32BG13P/GCC/libbluetooth.a(bgapi_gatt_lib.c.obj) (gatt_client_init)
[...]
Memory Configuration

Name             Origin             Length             Attributes
FLASH_BOOTLOADER 0x000000000fe10000 0x0000000000004000 xr
FLASH            0x0000000000000000 0x000000000007f000 xr
RAM              0x0000000020000000 0x0000000000010000 xrw
*default*        0x0000000000000000 0xffffffffffffffff

Linker script and memory map

LOAD /Applications/Simplicity Studio.app/Contents/Eclipse/developer/toolchains/gnu_arm/7.2_2017q4/bin/../lib/gcc/arm-none-eabi/7.2.1/thumb/v7e-m/fpv4-sp/softfp/crti.o
LOAD /Applications/Simplicity Studio.app/Contents/Eclipse/developer/toolchains/gnu_arm/7.2_2017q4/bin/../lib/gcc/arm-none-eabi/7.2.1/thumb/v7e-m/fpv4-sp/softfp/crtbegin.o
LOAD /Applications/Simplicity Studio.app/Contents/Eclipse/developer/toolchains/gnu_arm/7.2_2017q4/bin/../lib/gcc/arm-none-eabi/7.2.1/../../../../arm-none-eabi/lib/thumb/v7e-m/fpv4-sp/softfp/crt0.o
START GROUP
LOAD ./app/bluetooth/common/util/infrastructure.o
LOAD ./application_properties.o
LOAD ./gatt_db.o
LOAD ./init_app.o
LOAD ./init_board_efr32xg1.o
LOAD ./init_mcu_efr32xg1.o
LOAD ./main.o
LOAD ./pti.o
LOAD ./hardware/kit/common/bsp/bsp_stk.o
LOAD ./hardware/kit/common/drivers/mx25flash_spi.o
LOAD ./lcd-graphics/bmp.o
LOAD ./lcd-graphics/display.o
LOAD ./lcd-graphics/displayls013b7dh03.o
LOAD ./lcd-graphics/displaypalemlib.o
LOAD ./lcd-graphics/dmd_display.o
LOAD ./lcd-graphics/glib.o
LOAD ./lcd-graphics/glib_bitmap.o
LOAD ./lcd-graphics/glib_circle.o
LOAD ./lcd-graphics/glib_font_narrow_6x8.o
LOAD ./lcd-graphics/glib_font_normal_8x8.o
LOAD ./lcd-graphics/glib_font_number_16x20.o
LOAD ./lcd-graphics/glib_line.o
LOAD ./lcd-graphics/glib_polygon.o
LOAD ./lcd-graphics/glib_rectangle.o
LOAD ./lcd-graphics/glib_string.o
LOAD ./lcd-graphics/graphics.o
LOAD ./lcd-graphics/udelay.o
LOAD ./platform/Device/SiliconLabs/EFR32BG13P/Source/GCC/startup_efr32bg13p.o
LOAD ./platform/Device/SiliconLabs/EFR32BG13P/Source/system_efr32bg13p.o
LOAD ./platform/emdrv/gpiointerrupt/src/gpiointerrupt.o
LOAD ./platform/emdrv/sleep/src/sleep.o
LOAD ./platform/emlib/src/em_assert.o
LOAD ./platform/emlib/src/em_cmu.o
LOAD ./platform/emlib/src/em_core.o
LOAD ./platform/emlib/src/em_cryotimer.o
LOAD ./platform/emlib/src/em_crypto.o
LOAD ./platform/emlib/src/em_emu.o
LOAD ./platform/emlib/src/em_gpio.o
LOAD ./platform/emlib/src/em_i2c.o
LOAD ./platform/emlib/src/em_msc.o
LOAD ./platform/emlib/src/em_rmu.o
LOAD ./platform/emlib/src/em_rtcc.o
LOAD ./platform/emlib/src/em_se.o
LOAD ./platform/emlib/src/em_system.o
LOAD ./platform/emlib/src/em_timer.o
LOAD ./platform/emlib/src/em_usart.o
LOAD /Users/clfilho/SimplicityStudio/BLE/socThroughputBG13/protocol/bluetooth/lib/EFR32BG13P/GCC/binapploader.o
LOAD /Users/clfilho/SimplicityStudio/BLE/socThroughputBG13/protocol/bluetooth/lib/EFR32BG13P/GCC/libpsstore.a
LOAD /Users/clfilho/SimplicityStudio/BLE/socThroughputBG13/protocol/bluetooth/lib/EFR32BG13P/GCC/libbluetooth.a
LOAD /Users/clfilho/SimplicityStudio/BLE/socThroughputBG13/platform/radio/rail_lib/autogen/librail_release/librail_efr32xg13_gcc_release.a
LOAD /Users/clfilho/SimplicityStudio/BLE/socThroughputBG13/protocol/bluetooth/lib/EFR32BG13P/GCC/libmbedtls.a
LOAD /Applications/Simplicity Studio.app/Contents/Eclipse/developer/toolchains/gnu_arm/7.2_2017q4/bin/../lib/gcc/arm-none-eabi/7.2.1/../../../../arm-none-eabi/lib/thumb/v7e-m/fpv4-sp/softfp/libm.a
END GROUP
START GROUP
LOAD /Applications/Simplicity Studio.app/Contents/Eclipse/developer/toolchains/gnu_arm/7.2_2017q4/bin/../lib/gcc/arm-none-eabi/7.2.1/thumb/v7e-m/fpv4-sp/softfp/libgcc.a
LOAD /Applications/Simplicity Studio.app/Contents/Eclipse/developer/toolchains/gnu_arm/7.2_2017q4/bin/../lib/gcc/arm-none-eabi/7.2.1/../../../../arm-none-eabi/lib/thumb/v7e-m/fpv4-sp/softfp/libc_nano.a
LOAD /Applications/Simplicity Studio.app/Contents/Eclipse/developer/toolchains/gnu_arm/7.2_2017q4/bin/../lib/gcc/arm-none-eabi/7.2.1/../../../../arm-none-eabi/lib/thumb/v7e-m/fpv4-sp/softfp/libnosys.a
END GROUP
START GROUP
LOAD /Applications/Simplicity Studio.app/Contents/Eclipse/developer/toolchains/gnu_arm/7.2_2017q4/bin/../lib/gcc/arm-none-eabi/7.2.1/thumb/v7e-m/fpv4-sp/softfp/libgcc.a
LOAD /Applications/Simplicity Studio.app/Contents/Eclipse/developer/toolchains/gnu_arm/7.2_2017q4/bin/../lib/gcc/arm-none-eabi/7.2.1/../../../../arm-none-eabi/lib/thumb/v7e-m/fpv4-sp/softfp/libg_nano.a
LOAD /Applications/Simplicity Studio.app/Contents/Eclipse/developer/toolchains/gnu_arm/7.2_2017q4/bin/../lib/gcc/arm-none-eabi/7.2.1/../../../../arm-none-eabi/lib/thumb/v7e-m/fpv4-sp/softfp/libc_nano.a
END GROUP
START GROUP
LOAD /Applications/Simplicity Studio.app/Contents/Eclipse/developer/toolchains/gnu_arm/7.2_2017q4/bin/../lib/gcc/arm-none-eabi/7.2.1/thumb/v7e-m/fpv4-sp/softfp/libgcc.a
LOAD /Applications/Simplicity Studio.app/Contents/Eclipse/developer/toolchains/gnu_arm/7.2_2017q4/bin/../lib/gcc/arm-none-eabi/7.2.1/../../../../arm-none-eabi/lib/thumb/v7e-m/fpv4-sp/softfp/libc_nano.a
END GROUP
LOAD /Applications/Simplicity Studio.app/Contents/Eclipse/developer/toolchains/gnu_arm/7.2_2017q4/bin/../lib/gcc/arm-none-eabi/7.2.1/thumb/v7e-m/fpv4-sp/softfp/crtend.o
LOAD /Applications/Simplicity Studio.app/Contents/Eclipse/developer/toolchains/gnu_arm/7.2_2017q4/bin/../lib/gcc/arm-none-eabi/7.2.1/thumb/v7e-m/fpv4-sp/softfp/crtn.o

.text_bootloader
                0x000000000fe10000        0x0
 *(.binbootloader*)
                0x000000000fe10000                . = ALIGN (0x4000)

.text_apploader
                0x0000000000000000     0x8fc0
 *(.binapploader*)
 .binapploader  0x0000000000000000     0x8fc0 /Users/clfilho/SimplicityStudio/BLE/socThroughputBG13/protocol/bluetooth/lib/EFR32BG13P/GCC/binapploader.o

.text_signature
                0x0000000000008fc0       0x40
                0x0000000000009000                . = ALIGN (0x800)
 *fill*         0x0000000000008fc0       0x40 
                0x0000000000009000                __text_start__ = .

.text_application
                0x0000000000009000    0x25ba4
 *(.vectors)
 .vectors       0x0000000000009000       0xfc ./platform/Device/SiliconLabs/EFR32BG13P/Source/GCC/startup_efr32bg13p.o
                0x0000000000009000                __Vectors
                0x00000000000090fc                __Vectors_End = .
                0x00000000000000fc                __Vectors_Size = (__Vectors_End - __Vectors)
                0x00000000000090fc                __end__ = .
 *(.application_properties)
 .application_properties
                0x00000000000090fc       0x38 ./application_properties.o
                0x00000000000090fc                applicationProperties
 *(.gecko_configuration)
 *(.xo_configuration)
 *(.gatt_header)
 .gatt_header   0x0000000000009134       0x34 ./gatt_db.o
                0x0000000000009134                bg_gattdb_data
 *(.gatt_data)
 .gatt_data     0x0000000000009168      0x346 ./gatt_db.o
                0x0000000000009168                bg_gattdb_data_adv_uuid128_map
                0x000000000000916c                bg_gattdb_data_adv_uuid16_map
                0x0000000000009170                bg_gattdb_data_attributes_dynamic_mapping_map
                0x0000000000009180                bg_gattdb_data_attributes_map
                0x00000000000092e8                bg_gattdb_data_attribute_field_0
                0x00000000000092ec                bg_gattdb_data_attribute_field_1
                0x00000000000092f4                bg_gattdb_data_attribute_field_2
                0x00000000000092fc                bg_gattdb_data_attribute_field_4
                0x0000000000009300                bg_gattdb_data_attribute_field_5
                0x0000000000009308                bg_gattdb_data_attribute_field_6
                0x0000000000009310                bg_gattdb_data_attribute_field_7
                0x0000000000009318                bg_gattdb_data_attribute_field_8
                0x000000000000931c                bg_gattdb_data_attribute_field_9
                0x0000000000009320                bg_gattdb_data_attribute_field_10
                0x0000000000009328                bg_gattdb_data_attribute_field_11
                0x0000000000009338                bg_gattdb_data_attribute_field_12
                0x0000000000009340                bg_gattdb_data_attribute_field_13
                0x000000000000934c                bg_gattdb_data_attribute_field_14
                0x0000000000009354                bg_gattdb_data_attribute_field_15
                0x000000000000935c                bg_gattdb_data_attribute_field_16
                0x0000000000009370                bg_gattdb_data_attribute_field_17
                0x0000000000009388                bg_gattdb_data_attribute_field_18
                0x0000000000009390                bg_gattdb_data_attribute_field_19
                0x00000000000093a4                bg_gattdb_data_attribute_field_20
                0x00000000000093bc                bg_gattdb_data_attribute_field_21
                0x00000000000093c4                bg_gattdb_data_attribute_field_23
                0x00000000000093dc                bg_gattdb_data_attribute_field_24
                0x00000000000093e4                bg_gattdb_data_attribute_field_26
                0x00000000000093fc                bg_gattdb_data_attribute_field_27
                0x0000000000009404                bg_gattdb_data_attribute_field_28
                0x000000000000941c                bg_gattdb_data_attribute_field_29
                0x0000000000009424                bg_gattdb_data_uuidtable_128_map
                0x0000000000009494                bg_gattdb_data_uuidtable_16_map
 *(.text*)
 *fill*         0x00000000000094ae        0x2 
 .text          0x00000000000094b0       0x40 /Applications/Simplicity Studio.app/Contents/Eclipse/developer/toolchains/gnu_arm/7.2_2017q4/bin/../lib/gcc/arm-none-eabi/7.2.1/thumb/v7e-m/fpv4-sp/softfp/crtbegin.o
 .text          0x00000000000094f0       0x74 /Applications/Simplicity Studio.app/Contents/Eclipse/developer/toolchains/gnu_arm/7.2_2017q4/bin/../lib/gcc/arm-none-eabi/7.2.1/../../../../arm-none-eabi/lib/thumb/v7e-m/fpv4-sp/softfp/crt0.o
                0x00000000000094f0                _mainCRTStartup
                0x00000000000094f0                _start
 .text.initApp  0x0000000000009564       0x24 ./init_app.o
                0x0000000000009564                initApp
 .text.initBoard
                0x0000000000009588       0x48 ./init_board_efr32xg1.o
                0x0000000000009588                initBoard
 .text.initMcu  0x00000000000095d0      0x120 ./init_mcu_efr32xg1.o
                0x00000000000095d0                initMcu
 .text.handle_button_change
                0x00000000000096f0       0x60 ./main.o
                0x00000000000096f0                handle_button_change
 .text.displayRefresh
                0x0000000000009750       0xc0 ./main.o
                0x0000000000009750                displayRefresh
 .text.process_scan_response
                0x0000000000009810       0x54 ./main.o
                0x0000000000009810                process_scan_response
 .text.dataTransmissionStart
                0x0000000000009864       0x94 ./main.o
                0x0000000000009864                dataTransmissionStart
 .text.dataTransmissionEnd
                0x00000000000098f8       0xf4 ./main.o
                0x00000000000098f8                dataTransmissionEnd
 .text.startup.main
                0x00000000000099ec     0x11b8 ./main.o
                0x00000000000099ec                main
 .text.configEnablePti
                0x000000000000aba4       0x30 ./pti.o
                0x000000000000aba4                configEnablePti
 .text.MX25_init
                0x000000000000abd4       0xa4 ./hardware/kit/common/drivers/mx25flash_spi.o
                0x000000000000abd4                MX25_init
 .text.MX25_DP  0x000000000000ac78       0x60 ./hardware/kit/common/drivers/mx25flash_spi.o
                0x000000000000ac78                MX25_DP
 .text.DISPLAY_Init
                0x000000000000acd8       0x34 ./lcd-graphics/display.o
                0x000000000000acd8                DISPLAY_Init
 .text.DISPLAY_DeviceGet
                0x000000000000ad0c       0x5c ./lcd-graphics/display.o
                0x000000000000ad0c                DISPLAY_DeviceGet
 .text.DISPLAY_DeviceRegister
                0x000000000000ad68       0x64 ./lcd-graphics/display.o
                0x000000000000ad68                DISPLAY_DeviceRegister
 .text.DisplayPolarityInverse
                0x000000000000adcc        0x4 ./lcd-graphics/displayls013b7dh03.o
 .text.PixelMatrixAllocate
                0x000000000000add0       0x40 ./lcd-graphics/displayls013b7dh03.o
 .text.PixelMatrixFree
                0x000000000000ae10        0x8 ./lcd-graphics/displayls013b7dh03.o
 .text.DriverRefresh
                0x000000000000ae18       0x10 ./lcd-graphics/displayls013b7dh03.o
 .text.PixelMatrixClear
                0x000000000000ae28       0x1c ./lcd-graphics/displayls013b7dh03.o
 .text.PixelMatrixDraw
                0x000000000000ae44       0x90 ./lcd-graphics/displayls013b7dh03.o
 .text.DisplayEnable
                0x000000000000aed4       0x1c ./lcd-graphics/displayls013b7dh03.o
 .text.DISPLAY_Ls013b7dh03Init
                0x000000000000aef0       0xe8 ./lcd-graphics/displayls013b7dh03.o
                0x000000000000aef0                DISPLAY_Ls013b7dh03Init
 .text.PAL_SpiInit
                0x000000000000afd8       0x50 ./lcd-graphics/displaypalemlib.o
                0x000000000000afd8                PAL_SpiInit
 .text.PAL_SpiTransmit
                0x000000000000b028       0x50 ./lcd-graphics/displaypalemlib.o
                0x000000000000b028                PAL_SpiTransmit
 .text.PAL_TimerInit
                0x000000000000b078        0xc ./lcd-graphics/displaypalemlib.o
                0x000000000000b078                PAL_TimerInit
 .text.PAL_TimerMicroSecondsDelay
                0x000000000000b084        0xc ./lcd-graphics/displaypalemlib.o
                0x000000000000b084                PAL_TimerMicroSecondsDelay
 .text.PAL_TimerRepeat
                0x000000000000b090       0x18 ./lcd-graphics/displaypalemlib.o
                0x000000000000b090                PAL_TimerRepeat
 .text.PAL_GpioInit
                0x000000000000b0a8       0x14 ./lcd-graphics/displaypalemlib.o
                0x000000000000b0a8                PAL_GpioInit
 .text.PAL_GpioPinModeSet
                0x000000000000b0bc       0x1c ./lcd-graphics/displaypalemlib.o
                0x000000000000b0bc                PAL_GpioPinModeSet
 .text.PAL_GpioPinOutSet
                0x000000000000b0d8       0x1c ./lcd-graphics/displaypalemlib.o
                0x000000000000b0d8                PAL_GpioPinOutSet
 .text.PAL_GpioPinOutClear
                0x000000000000b0f4       0x1c ./lcd-graphics/displaypalemlib.o
                0x000000000000b0f4                PAL_GpioPinOutClear
 .text.DMD_writeColor.part.0
                0x000000000000b110      0x18c ./lcd-graphics/dmd_display.o
 .text.DMD_getDisplayGeometry
                0x000000000000b29c       0x1c ./lcd-graphics/dmd_display.o
                0x000000000000b29c                DMD_getDisplayGeometry
 .text.DMD_setClippingArea
                0x000000000000b2b8       0x48 ./lcd-graphics/dmd_display.o
                0x000000000000b2b8                DMD_setClippingArea
 .text.DMD_writeColor
                0x000000000000b300       0x20 ./lcd-graphics/dmd_display.o
                0x000000000000b300                DMD_writeColor
 .text.DMD_allocateFramebuffer
                0x000000000000b320       0x3c ./lcd-graphics/dmd_display.o
                0x000000000000b320                DMD_allocateFramebuffer
 .text.DMD_init
                0x000000000000b35c       0x78 ./lcd-graphics/dmd_display.o
                0x000000000000b35c                DMD_init
 .text.DMD_updateDisplay
                0x000000000000b3d4       0xbc ./lcd-graphics/dmd_display.o
                0x000000000000b3d4                DMD_updateDisplay
 .text.GLIB_resetDisplayClippingArea
                0x000000000000b490       0x14 ./lcd-graphics/glib.o
                0x000000000000b490                GLIB_resetDisplayClippingArea
 .text.GLIB_clear
                0x000000000000b4a4       0x44 ./lcd-graphics/glib.o
                0x000000000000b4a4                GLIB_clear
 .text.GLIB_applyClippingRegion
                0x000000000000b4e8       0x20 ./lcd-graphics/glib.o
                0x000000000000b4e8                GLIB_applyClippingRegion
 .text.GLIB_setClippingRegion
                0x000000000000b508       0x50 ./lcd-graphics/glib.o
                0x000000000000b508                GLIB_setClippingRegion
 .text.GLIB_contextInit
                0x000000000000b558       0x5c ./lcd-graphics/glib.o
                0x000000000000b558                GLIB_contextInit
 .text.GLIB_drawPixel
                0x000000000000b5b4       0x3c ./lcd-graphics/glib.o
                0x000000000000b5b4                GLIB_drawPixel
 .text.GLIB_drawPixelColor
                0x000000000000b5f0       0x3c ./lcd-graphics/glib.o
                0x000000000000b5f0                GLIB_drawPixelColor
 .text.GLIB_rectContainsPoint
                0x000000000000b62c       0x24 ./lcd-graphics/glib_rectangle.o
                0x000000000000b62c                GLIB_rectContainsPoint
 .text.GLIB_drawChar.part.0
                0x000000000000b650      0x174 ./lcd-graphics/glib_string.o
 .text.GLIB_drawString
                0x000000000000b7c4       0xa4 ./lcd-graphics/glib_string.o
                0x000000000000b7c4                GLIB_drawString
 .text.GLIB_setFont
                0x000000000000b868       0x30 ./lcd-graphics/glib_string.o
                0x000000000000b868                GLIB_setFont
 .text.GRAPHICS_Init
                0x000000000000b898       0x3c ./lcd-graphics/graphics.o
                0x000000000000b898                GRAPHICS_Init
 .text.GRAPHICS_Update
                0x000000000000b8d4        0x4 ./lcd-graphics/graphics.o
                0x000000000000b8d4                GRAPHICS_Update
 .text.GRAPHICS_Clear
                0x000000000000b8d8       0x24 ./lcd-graphics/graphics.o
                0x000000000000b8d8                GRAPHICS_Clear
 .text.GRAPHICS_AppendString
                0x000000000000b8fc       0x44 ./lcd-graphics/graphics.o
                0x000000000000b8fc                GRAPHICS_AppendString
 .text.rtcIntCallbackRegister
                0x000000000000b940        0x4 ./lcd-graphics/graphics.o
                0x000000000000b940                rtcIntCallbackRegister
 .text.UDELAY_Calibrate
                0x000000000000b944      0x1ac ./lcd-graphics/udelay.o
                0x000000000000b944                UDELAY_Calibrate
 .text.UDELAY_Delay
                0x000000000000baf0       0x28 ./lcd-graphics/udelay.o
                0x000000000000baf0                UDELAY_Delay
 .text.Default_Handler
                0x000000000000bb18        0x4 ./platform/Device/SiliconLabs/EFR32BG13P/Source/GCC/startup_efr32bg13p.o
                0x000000000000bb18                IDAC0_IRQHandler
                0x000000000000bb18                USART0_TX_IRQHandler
                0x000000000000bb18                I2C0_IRQHandler
                0x000000000000bb18                HardFault_Handler
                0x000000000000bb18                SysTick_Handler
                0x000000000000bb18                USART1_RX_IRQHandler
                0x000000000000bb18                PendSV_Handler
                0x000000000000bb18                NMI_Handler
                0x000000000000bb18                I2C1_IRQHandler
                0x000000000000bb18                WTIMER0_IRQHandler
                0x000000000000bb18                CRYPTO0_IRQHandler
                0x000000000000bb18                WDOG0_IRQHandler
                0x000000000000bb18                USART1_TX_IRQHandler
                0x000000000000bb18                SMU_IRQHandler
                0x000000000000bb18                MSC_IRQHandler
                0x000000000000bb18                ADC0_IRQHandler
                0x000000000000bb18                UsageFault_Handler
                0x000000000000bb18                WDOG1_IRQHandler
                0x000000000000bb18                LEUART0_IRQHandler
                0x000000000000bb18                FPUEH_IRQHandler
                0x000000000000bb18                VDAC0_IRQHandler
                0x000000000000bb18                LDMA_IRQHandler
                0x000000000000bb18                CSEN_IRQHandler
                0x000000000000bb18                CRYPTO1_IRQHandler
                0x000000000000bb18                TIMER0_IRQHandler
                0x000000000000bb18                LETIMER0_IRQHandler
                0x000000000000bb18                TIMER1_IRQHandler
                0x000000000000bb18                TRNG0_IRQHandler
                0x000000000000bb18                USART2_RX_IRQHandler
                0x000000000000bb18                Default_Handler
                0x000000000000bb18                EMU_IRQHandler
                0x000000000000bb18                CRYOTIMER_IRQHandler
                0x000000000000bb18                PCNT0_IRQHandler
                0x000000000000bb18                ACMP0_IRQHandler
                0x000000000000bb18                USART0_RX_IRQHandler
                0x000000000000bb18                MemManage_Handler
                0x000000000000bb18                SVC_Handler
                0x000000000000bb18                RTCC_IRQHandler
                0x000000000000bb18                CMU_IRQHandler
                0x000000000000bb18                LESENSE_IRQHandler
                0x000000000000bb18                BusFault_Handler
                0x000000000000bb18                USART2_TX_IRQHandler
                0x000000000000bb18                DebugMon_Handler
 .text.Reset_Handler
                0x000000000000bb1c       0x2c ./platform/Device/SiliconLabs/EFR32BG13P/Source/GCC/startup_efr32bg13p.o
                0x000000000000bb1c                Reset_Handler
 .text.SystemMaxCoreClockGet
                0x000000000000bb48        0x8 ./platform/Device/SiliconLabs/EFR32BG13P/Source/system_efr32bg13p.o
                0x000000000000bb48                SystemMaxCoreClockGet
 .text.SystemHFClockGet
                0x000000000000bb50       0x50 ./platform/Device/SiliconLabs/EFR32BG13P/Source/system_efr32bg13p.o
                0x000000000000bb50                SystemHFClockGet
 .text.SystemCoreClockGet
                0x000000000000bba0       0x24 ./platform/Device/SiliconLabs/EFR32BG13P/Source/system_efr32bg13p.o
                0x000000000000bba0                SystemCoreClockGet
 .text.SystemHFXOClockGet
                0x000000000000bbc4        0xc ./platform/Device/SiliconLabs/EFR32BG13P/Source/system_efr32bg13p.o
                0x000000000000bbc4                SystemHFXOClockGet
 .text.SystemHFXOClockSet
                0x000000000000bbd0       0x3c ./platform/Device/SiliconLabs/EFR32BG13P/Source/system_efr32bg13p.o
                0x000000000000bbd0                SystemHFXOClockSet
 .text.SystemInit
                0x000000000000bc0c       0x1c ./platform/Device/SiliconLabs/EFR32BG13P/Source/system_efr32bg13p.o
                0x000000000000bc0c                SystemInit
 .text.SystemLFRCOClockGet
                0x000000000000bc28        0x8 ./platform/Device/SiliconLabs/EFR32BG13P/Source/system_efr32bg13p.o
                0x000000000000bc28                SystemLFRCOClockGet
 .text.SystemULFRCOClockGet
                0x000000000000bc30        0x8 ./platform/Device/SiliconLabs/EFR32BG13P/Source/system_efr32bg13p.o
                0x000000000000bc30                SystemULFRCOClockGet
 .text.SystemLFXOClockGet
                0x000000000000bc38        0xc ./platform/Device/SiliconLabs/EFR32BG13P/Source/system_efr32bg13p.o
                0x000000000000bc38                SystemLFXOClockGet
 .text.SystemLFXOClockSet
                0x000000000000bc44       0x3c ./platform/Device/SiliconLabs/EFR32BG13P/Source/system_efr32bg13p.o
                0x000000000000bc44                SystemLFXOClockSet
 .text.GPIOINT_Init
                0x000000000000bc80       0x1c ./platform/emdrv/gpiointerrupt/src/gpiointerrupt.o
                0x000000000000bc80                GPIOINT_Init
 .text.GPIOINT_CallbackRegister
                0x000000000000bc9c       0x1c ./platform/emdrv/gpiointerrupt/src/gpiointerrupt.o
                0x000000000000bc9c                GPIOINT_CallbackRegister
 .text.GPIO_EVEN_IRQHandler
                0x000000000000bcb8       0x44 ./platform/emdrv/gpiointerrupt/src/gpiointerrupt.o
                0x000000000000bcb8                GPIO_EVEN_IRQHandler
 .text.GPIO_ODD_IRQHandler
                0x000000000000bcfc       0x44 ./platform/emdrv/gpiointerrupt/src/gpiointerrupt.o
                0x000000000000bcfc                GPIO_ODD_IRQHandler
 .text.sleepCallbackWrapper
                0x000000000000bd40       0x14 ./platform/emdrv/sleep/src/sleep.o
 .text.enterEMx
                0x000000000000bd54       0x54 ./platform/emdrv/sleep/src/sleep.o
 .text.SLEEP_Init
                0x000000000000bda8       0x40 ./platform/emdrv/sleep/src/sleep.o
                0x000000000000bda8                SLEEP_Init
 .text.SLEEP_Sleep
                0x000000000000bde8       0x70 ./platform/emdrv/sleep/src/sleep.o
                0x000000000000bde8                SLEEP_Sleep
 .text.SLEEP_SleepBlockBegin
                0x000000000000be58       0x18 ./platform/emdrv/sleep/src/sleep.o
                0x000000000000be58                SLEEP_SleepBlockBegin
 .text.SLEEP_SleepBlockEnd
                0x000000000000be70       0x1c ./platform/emdrv/sleep/src/sleep.o
                0x000000000000be70                SLEEP_SleepBlockEnd
 .text.SLEEP_LowestEnergyModeGet
                0x000000000000be8c       0x1c ./platform/emdrv/sleep/src/sleep.o
                0x000000000000be8c                SLEEP_LowestEnergyModeGet
 .text.flashWaitStateControl
                0x000000000000bea8       0x5c ./platform/emlib/src/em_cmu.o
 .text.flashWaitStateMax
                0x000000000000bf04       0x24 ./platform/emlib/src/em_cmu.o
 .text.CMU_OscillatorTuningSet.part.2
                0x000000000000bf28       0x3c ./platform/emlib/src/em_cmu.o
 .text.CMU_UpdateWaitStates
                0x000000000000bf64       0x1c ./platform/emlib/src/em_cmu.o
                0x000000000000bf64                CMU_UpdateWaitStates
 .text.CMU_ClockEnable
                0x000000000000bf80       0x94 ./platform/emlib/src/em_cmu.o
                0x000000000000bf80                CMU_ClockEnable
 .text.CMU_ClockPrescGet
                0x000000000000c014       0xd0 ./platform/emlib/src/em_cmu.o
                0x000000000000c014                CMU_ClockPrescGet
 .text.CMU_ClockDivGet
                0x000000000000c0e4        0xc ./platform/emlib/src/em_cmu.o
                0x000000000000c0e4                CMU_ClockDivGet
 .text.CMU_ClockSelectGet
                0x000000000000c0f0       0xc4 ./platform/emlib/src/em_cmu.o
                0x000000000000c0f0                CMU_ClockSelectGet
 .text.lfClkGet
                0x000000000000c1b4       0x94 ./platform/emlib/src/em_cmu.o
 .text.CMU_ClockFreqGet
                0x000000000000c248      0x1a8 ./platform/emlib/src/em_cmu.o
                0x000000000000c248                CMU_ClockFreqGet
 .text.CMU_ClockPrescSet
                0x000000000000c3f0      0x288 ./platform/emlib/src/em_cmu.o
                0x000000000000c3f0                CMU_ClockPrescSet
 .text.CMU_ClockDivSet
                0x000000000000c678        0x8 ./platform/emlib/src/em_cmu.o
                0x000000000000c678                CMU_ClockDivSet
 .text.CMU_HFXOInit
                0x000000000000c680       0x84 ./platform/emlib/src/em_cmu.o
                0x000000000000c680                CMU_HFXOInit
 .text.CMU_LFXOInit
                0x000000000000c704       0x50 ./platform/emlib/src/em_cmu.o
                0x000000000000c704                CMU_LFXOInit
 .text.CMU_OscillatorTuningWait
                0x000000000000c754       0x48 ./platform/emlib/src/em_cmu.o
                0x000000000000c754                CMU_OscillatorTuningWait
 .text.CMU_OscillatorEnable
                0x000000000000c79c      0x110 ./platform/emlib/src/em_cmu.o
                0x000000000000c79c                CMU_OscillatorEnable
 .text.CMU_ClockSelectSet
                0x000000000000c8ac      0x2a8 ./platform/emlib/src/em_cmu.o
                0x000000000000c8ac                CMU_ClockSelectSet
 .text.CMU_HFXOAutostartEnable
                0x000000000000cb54       0xe4 ./platform/emlib/src/em_cmu.o
                0x000000000000cb54                CMU_HFXOAutostartEnable
 .text.CORE_EnterCritical
                0x000000000000cc38        0x8 ./platform/emlib/src/em_core.o
                0x000000000000cc38                CORE_EnterCritical
 .text.CORE_ExitCritical
                0x000000000000cc40        0x8 ./platform/emlib/src/em_core.o
                0x000000000000cc40                CORE_ExitCritical
 .text.CORE_EnterAtomic
                0x000000000000cc48        0x8 ./platform/emlib/src/em_core.o
                0x000000000000cc48                CORE_EnterAtomic
 .text.CORE_ExitAtomic
                0x000000000000cc50        0x4 ./platform/emlib/src/em_core.o
                0x000000000000cc50                CORE_ExitAtomic
 .text.CORE_SetNvicRamTableHandler
                0x000000000000cc54       0x10 ./platform/emlib/src/em_core.o
                0x000000000000cc54                CORE_SetNvicRamTableHandler
 .text.CORE_InitNvicVectorTable
                0x000000000000cc64       0x44 ./platform/emlib/src/em_core.o
                0x000000000000cc64                CORE_InitNvicVectorTable
 .text.CRYPTO_ModulusSet
                0x000000000000cca8       0x38 ./platform/emlib/src/em_crypto.o
                0x000000000000cca8                CRYPTO_ModulusSet
 .text.CRYPTO_KeyRead
                0x000000000000cce0       0x2c ./platform/emlib/src/em_crypto.o
                0x000000000000cce0                CRYPTO_KeyRead
 .text.lpGetDevinfoVrefLowHigh
                0x000000000000cd0c       0xdc ./platform/emlib/src/em_emu.o
 .text.vScaleDownEM23Setup
                0x000000000000cde8       0x30 ./platform/emlib/src/em_emu.o
 .text.vScaleAfterWakeup.part.1
                0x000000000000ce18       0x20 ./platform/emlib/src/em_emu.o
 .text.lpCmpHystCalibrationLoad.isra.2
                0x000000000000ce38       0x60 ./platform/emlib/src/em_emu.o
 .text.emState.part.3
                0x000000000000ce98       0xc0 ./platform/emlib/src/em_emu.o
 .text.emState.constprop.5
                0x000000000000cf58       0x50 ./platform/emlib/src/em_emu.o
 .text.EMU_EnterEM2
                0x000000000000cfa8       0x4c ./platform/emlib/src/em_emu.o
                0x000000000000cfa8                EMU_EnterEM2
 .text.EMU_EnterEM3
                0x000000000000cff4       0x68 ./platform/emlib/src/em_emu.o
                0x000000000000cff4                EMU_EnterEM3
 .text.EMU_Save
                0x000000000000d05c        0x4 ./platform/emlib/src/em_emu.o
                0x000000000000d05c                EMU_Save
 .text.EMU_Restore
                0x000000000000d060        0x4 ./platform/emlib/src/em_emu.o
                0x000000000000d060                EMU_Restore
 .text.EMU_EnterEM4
                0x000000000000d064       0x30 ./platform/emlib/src/em_emu.o
                0x000000000000d064                EMU_EnterEM4
 .text.EMU_VScaleEM01
                0x000000000000d094       0x78 ./platform/emlib/src/em_emu.o
                0x000000000000d094                EMU_VScaleEM01
 .text.EMU_VScaleEM01ByClock
                0x000000000000d10c       0x50 ./platform/emlib/src/em_emu.o
                0x000000000000d10c                EMU_VScaleEM01ByClock
 .text.EMU_EM01Init
                0x000000000000d15c       0x14 ./platform/emlib/src/em_emu.o
                0x000000000000d15c                EMU_EM01Init
 .text.EMU_EM23Init
                0x000000000000d170       0x24 ./platform/emlib/src/em_emu.o
                0x000000000000d170                EMU_EM23Init
 .text.EMU_DCDCModeSet
                0x000000000000d194       0x84 ./platform/emlib/src/em_emu.o
                0x000000000000d194                EMU_DCDCModeSet
 .text.EMU_DCDCOutputVoltageSet
                0x000000000000d218      0x16c ./platform/emlib/src/em_emu.o
                0x000000000000d218                EMU_DCDCOutputVoltageSet
 .text.EMU_DCDCOptimizeSlice
                0x000000000000d384       0xf8 ./platform/emlib/src/em_emu.o
                0x000000000000d384                EMU_DCDCOptimizeSlice
 .text.EMU_DCDCInit
                0x000000000000d47c      0x10c ./platform/emlib/src/em_emu.o
                0x000000000000d47c                EMU_DCDCInit
 .text.EMU_DCDCLnRcoBandSet
                0x000000000000d588       0x24 ./platform/emlib/src/em_emu.o
                0x000000000000d588                EMU_DCDCLnRcoBandSet
 .text.GPIO_ExtIntConfig
                0x000000000000d5ac       0xa8 ./platform/emlib/src/em_gpio.o
                0x000000000000d5ac                GPIO_ExtIntConfig
 .text.GPIO_PinModeSet
                0x000000000000d654       0x94 ./platform/emlib/src/em_gpio.o
                0x000000000000d654                GPIO_PinModeSet
 .text.MSC_Init
                0x000000000000d6e8       0x20 ./platform/emlib/src/em_msc.o
                0x000000000000d6e8                MSC_Init
 .text.MSC_Deinit
                0x000000000000d708       0x14 ./platform/emlib/src/em_msc.o
                0x000000000000d708                MSC_Deinit
 .text.RMU_ResetCauseClear
                0x000000000000d71c        0xc ./platform/emlib/src/em_rmu.o
                0x000000000000d71c                RMU_ResetCauseClear
 .text.RMU_ResetCauseGet
                0x000000000000d728       0x60 ./platform/emlib/src/em_rmu.o
                0x000000000000d728                RMU_ResetCauseGet
 .text.RTCC_Enable
                0x000000000000d788        0xc ./platform/emlib/src/em_rtcc.o
                0x000000000000d788                RTCC_Enable
 .text.RTCC_Init
                0x000000000000d794       0x64 ./platform/emlib/src/em_rtcc.o
                0x000000000000d794                RTCC_Init
 .text.SYSTEM_ChipRevisionGet
                0x000000000000d7f8       0x34 ./platform/emlib/src/em_system.o
                0x000000000000d7f8                SYSTEM_ChipRevisionGet
 .text.USART_InitSync
                0x000000000000d82c       0xe0 ./platform/emlib/src/em_usart.o
                0x000000000000d82c                USART_InitSync
 .text.USART_Reset
                0x000000000000d90c       0x58 ./platform/emlib/src/em_usart.o
                0x000000000000d90c                USART_Reset
 .text.USART_SpiTransfer
                0x000000000000d964       0x14 ./platform/emlib/src/em_usart.o
                0x000000000000d964                USART_SpiTransfer
 .text.USART_Tx
                0x000000000000d978        0xc ./platform/emlib/src/em_usart.o
                0x000000000000d978                USART_Tx
 .text.USART_TxDouble
                0x000000000000d984        0xc ./platform/emlib/src/em_usart.o
                0x000000000000d984                USART_TxDouble
 .text.convert_scan_respone_packet_type.isra.0
                0x000000000000d990       0x44 /Users/clfilho/SimplicityStudio/BLE/socThroughputBG13/protocol/bluetooth/lib/EFR32BG13P/GCC/libbluetooth.a(bgapi.c.obj)
 .text.bgapi_ubt_listener
                0x000000000000d9d4      0x3fc /Users/clfilho/SimplicityStudio/BLE/socThroughputBG13/protocol/bluetooth/lib/EFR32BG13P/GCC/libbluetooth.a(bgapi.c.obj)
                0x000000000000d9d4                bgapi_ubt_listener
 .text.register_message_handler
                0x000000000000ddd0        0xc /Users/clfilho/SimplicityStudio/BLE/socThroughputBG13/protocol/bluetooth/lib/EFR32BG13P/GCC/libbluetooth.a(bgapi.c.obj)
                0x000000000000ddd0                register_message_handler
 .text.bgapi_init
                0x000000000000dddc       0x1c /Users/clfilho/SimplicityStudio/BLE/socThroughputBG13/protocol/bluetooth/lib/EFR32BG13P/GCC/libbluetooth.a(bgapi.c.obj)
                0x000000000000dddc                bgapi_init
 .text.bgapi_buffer_init
                0x000000000000ddf8       0x30 /Users/clfilho/SimplicityStudio/BLE/socThroughputBG13/protocol/bluetooth/lib/EFR32BG13P/GCC/libbluetooth.a(bgapi.c.obj)
                0x000000000000ddf8                bgapi_buffer_init
 .text.bg_set_max_tx_power
                0x000000000000de28       0x68 /Users/clfilho/SimplicityStudio/BLE/socThroughputBG13/protocol/bluetooth/lib/EFR32BG13P/GCC/libbluetooth.a(bgapi.c.obj)
                0x000000000000de28                bg_set_max_tx_power
 .text.lib_endpoint_handler_init
                0x000000000000de90        0x2 /Users/clfilho/SimplicityStudio/BLE/socThroughputBG13/protocol/bluetooth/lib/EFR32BG13P/GCC/libbluetooth.a(bgapi_endpoint.c.obj)
                0x000000000000de90                lib_endpoint_handler_init
 *fill*         0x000000000000de92        0x2 
 .text.sli_bt_cmd_endpoint_close
                0x000000000000de94       0x3c /Users/clfilho/SimplicityStudio/BLE/socThroughputBG13/protocol/bluetooth/lib/EFR32BG13P/GCC/libbluetooth.a(bgapi_endpoint.c.obj)
                0x000000000000de94                sli_bt_cmd_endpoint_close
 .text.lib_le_gap_handler_init
                0x000000000000ded0        0x2 /Users/clfilho/SimplicityStudio/BLE/socThroughputBG13/protocol/bluetooth/lib/EFR32BG13P/GCC/libbluetooth.a(bgapi_gap.c.obj)
                0x000000000000ded0                lib_le_gap_handler_init
 *fill*         0x000000000000ded2        0x2 
 .text.sli_bt_cmd_le_gap_set_mode
                0x000000000000ded4       0x44 /Users/clfilho/SimplicityStudio/BLE/socThroughputBG13/protocol/bluetooth/lib/EFR32BG13P/GCC/libbluetooth.a(bgapi_gap.c.obj)
                0x000000000000ded4                sli_bt_cmd_le_gap_set_mode
 .text.sli_bt_cmd_le_gap_open
                0x000000000000df18       0x58 /Users/clfilho/SimplicityStudio/BLE/socThroughputBG13/protocol/bluetooth/lib/EFR32BG13P/GCC/libbluetooth.a(bgapi_gap.c.obj)
                0x000000000000df18                sli_bt_cmd_le_gap_open
 .text.sli_bt_cmd_le_gap_discover
                0x000000000000df70       0x30 /Users/clfilho/SimplicityStudio/BLE/socThroughputBG13/protocol/bluetooth/lib/EFR32BG13P/GCC/libbluetooth.a(bgapi_gap.c.obj)
                0x000000000000df70                sli_bt_cmd_le_gap_discover
 .text.sli_bt_cmd_le_gap_end_procedure
                0x000000000000dfa0       0x2c /Users/clfilho/SimplicityStudio/BLE/socThroughputBG13/protocol/bluetooth/lib/EFR32BG13P/GCC/libbluetooth.a(bgapi_gap.c.obj)
                0x000000000000dfa0                sli_bt_cmd_le_gap_end_procedure
 .text.sli_bt_cmd_le_gap_set_adv_parameters
                0x000000000000dfcc       0x40 /Users/clfilho/SimplicityStudio/BLE/socThroughputBG13/protocol/bluetooth/lib/EFR32BG13P/GCC/libbluetooth.a(bgapi_gap.c.obj)
                0x000000000000dfcc                sli_bt_cmd_le_gap_set_adv_parameters
 .text.sli_bt_cmd_le_gap_set_scan_parameters
                0x000000000000e00c       0x3c /Users/clfilho/SimplicityStudio/BLE/socThroughputBG13/protocol/bluetooth/lib/EFR32BG13P/GCC/libbluetooth.a(bgapi_gap.c.obj)
                0x000000000000e00c                sli_bt_cmd_le_gap_set_scan_parameters
 .text.sli_bt_cmd_le_gap_set_conn_parameters
                0x000000000000e048       0x38 /Users/clfilho/SimplicityStudio/BLE/socThroughputBG13/protocol/bluetooth/lib/EFR32BG13P/GCC/libbluetooth.a(bgapi_gap.c.obj)
                0x000000000000e048                sli_bt_cmd_le_gap_set_conn_parameters
 .text.bgapi_gatt_listener
                0x000000000000e080      0x28c /Users/clfilho/SimplicityStudio/BLE/socThroughputBG13/protocol/bluetooth/lib/EFR32BG13P/GCC/libbluetooth.a(bgapi_gatt.c.obj)
                0x000000000000e080                bgapi_gatt_listener
 .text.lib_gatt_handler_init
                0x000000000000e30c        0x4 /Users/clfilho/SimplicityStudio/BLE/socThroughputBG13/protocol/bluetooth/lib/EFR32BG13P/GCC/libbluetooth.a(bgapi_gatt_lib.c.obj)
                0x000000000000e30c                lib_gatt_handler_init
 .text.lib_gatt_server_handler_init
                0x000000000000e310        0x2 /Users/clfilho/SimplicityStudio/BLE/socThroughputBG13/protocol/bluetooth/lib/EFR32BG13P/GCC/libbluetooth.a(bgapi_gatt_lib.c.obj)
                0x000000000000e310                lib_gatt_server_handler_init
 *fill*         0x000000000000e312        0x2 
 .text.sli_bt_cmd_gatt_set_max_mtu
                0x000000000000e314       0x3c /Users/clfilho/SimplicityStudio/BLE/socThroughputBG13/protocol/bluetooth/lib/EFR32BG13P/GCC/libbluetooth.a(bgapi_gatt_lib.c.obj)
                0x000000000000e314                sli_bt_cmd_gatt_set_max_mtu
 .text.sli_bt_cmd_gatt_write_characteristic_value_without_response
                0x000000000000e350       0x40 /Users/clfilho/SimplicityStudio/BLE/socThroughputBG13/protocol/bluetooth/lib/EFR32BG13P/GCC/libbluetooth.a(bgapi_gatt_lib.c.obj)
                0x000000000000e350                sli_bt_cmd_gatt_write_characteristic_value_without_response
 .text.sli_bt_cmd_gatt_write_descriptor_value
                0x000000000000e390       0x34 /Users/clfilho/SimplicityStudio/BLE/socThroughputBG13/protocol/bluetooth/lib/EFR32BG13P/GCC/libbluetooth.a(bgapi_gatt_lib.c.obj)
                0x000000000000e390                sli_bt_cmd_gatt_write_descriptor_value
 .text.sli_bt_cmd_gatt_server_write_attribute_value
                0x000000000000e3c4       0x34 /Users/clfilho/SimplicityStudio/BLE/socThroughputBG13/protocol/bluetooth/lib/EFR32BG13P/GCC/libbluetooth.a(bgapi_gatt_lib.c.obj)
                0x000000000000e3c4                sli_bt_cmd_gatt_server_write_attribute_value
 .text.sli_bt_cmd_gatt_server_send_user_write_response
                0x000000000000e3f8       0x34 /Users/clfilho/SimplicityStudio/BLE/socThroughputBG13/protocol/bluetooth/lib/EFR32BG13P/GCC/libbluetooth.a(bgapi_gatt_lib.c.obj)
                0x000000000000e3f8                sli_bt_cmd_gatt_server_send_user_write_response
 .text.sli_bt_cmd_gatt_server_send_characteristic_notification
                0x000000000000e42c       0x44 /Users/clfilho/SimplicityStudio/BLE/socThroughputBG13/protocol/bluetooth/lib/EFR32BG13P/GCC/libbluetooth.a(bgapi_gatt_lib.c.obj)
                0x000000000000e42c                sli_bt_cmd_gatt_server_send_characteristic_notification
 .text.sli_bt_cmd_gatt_send_characteristic_confirmation
                0x000000000000e470       0x2c /Users/clfilho/SimplicityStudio/BLE/socThroughputBG13/protocol/bluetooth/lib/EFR32BG13P/GCC/libbluetooth.a(bgapi_gatt_lib.c.obj)
                0x000000000000e470                sli_bt_cmd_gatt_send_characteristic_confirmation
 .text.bgapi_hardware_soft_timer_listener
                0x000000000000e49c       0x68 /Users/clfilho/SimplicityStudio/BLE/socThroughputBG13/protocol/bluetooth/lib/EFR32BG13P/GCC/libbluetooth.a(bgapi_hardware.c.obj)
                0x000000000000e49c                bgapi_hardware_soft_timer_listener
 .text.handle_timer_command
                0x000000000000e504       0x80 /Users/clfilho/SimplicityStudio/BLE/socThroughputBG13/protocol/bluetooth/lib/EFR32BG13P/GCC/libbluetooth.a(bgapi_hardware.c.obj)
 .text.lib_hardware_handler_init
                0x000000000000e584       0x14 /Users/clfilho/SimplicityStudio/BLE/socThroughputBG13/protocol/bluetooth/lib/EFR32BG13P/GCC/libbluetooth.a(bgapi_hardware.c.obj)
                0x000000000000e584                lib_hardware_handler_init
 .text.sli_bt_cmd_hardware_set_soft_timer
                0x000000000000e598       0x34 /Users/clfilho/SimplicityStudio/BLE/socThroughputBG13/protocol/bluetooth/lib/EFR32BG13P/GCC/libbluetooth.a(bgapi_hardware.c.obj)
                0x000000000000e598                sli_bt_cmd_hardware_set_soft_timer
 .text.lib_le_connection_handler_init
                0x000000000000e5cc        0x2 /Users/clfilho/SimplicityStudio/BLE/socThroughputBG13/protocol/bluetooth/lib/EFR32BG13P/GCC/libbluetooth.a(bgapi_le_connection.c.obj)
                0x000000000000e5cc                lib_le_connection_handler_init
 *fill*         0x000000000000e5ce        0x2 
 .text.sli_bt_cmd_le_connection_set_parameters
                0x000000000000e5d0       0x48 /Users/clfilho/SimplicityStudio/BLE/socThroughputBG13/protocol/bluetooth/lib/EFR32BG13P/GCC/libbluetooth.a(bgapi_le_connection.c.obj)
                0x000000000000e5d0                sli_bt_cmd_le_connection_set_parameters
 .text.sli_bt_cmd_le_connection_get_rssi
                0x000000000000e618       0x2c /Users/clfilho/SimplicityStudio/BLE/socThroughputBG13/protocol/bluetooth/lib/EFR32BG13P/GCC/libbluetooth.a(bgapi_le_connection.c.obj)
                0x000000000000e618                sli_bt_cmd_le_connection_get_rssi
 .text.sli_bt_cmd_le_connection_set_phy
                0x000000000000e644       0x3c /Users/clfilho/SimplicityStudio/BLE/socThroughputBG13/protocol/bluetooth/lib/EFR32BG13P/GCC/libbluetooth.a(bgapi_le_connection.c.obj)
                0x000000000000e644                sli_bt_cmd_le_connection_set_phy
 .text.bgapi_system_listener
                0x000000000000e680       0x30 /Users/clfilho/SimplicityStudio/BLE/socThroughputBG13/protocol/bluetooth/lib/EFR32BG13P/GCC/libbluetooth.a(bgapi_system.c.obj)
                0x000000000000e680                bgapi_system_listener
 .text.lib_system_handler_init
                0x000000000000e6b0       0x14 /Users/clfilho/SimplicityStudio/BLE/socThroughputBG13/protocol/bluetooth/lib/EFR32BG13P/GCC/libbluetooth.a(bgapi_system.c.obj)
                0x000000000000e6b0                lib_system_handler_init
 .text.sli_bt_cmd_system_set_tx_power
                0x000000000000e6c4       0x30 /Users/clfilho/SimplicityStudio/BLE/socThroughputBG13/protocol/bluetooth/lib/EFR32BG13P/GCC/libbluetooth.a(bgapi_system.c.obj)
                0x000000000000e6c4                sli_bt_cmd_system_set_tx_power
 .text.sli_bt_cmd_system_reset
                0x000000000000e6f4        0x6 /Users/clfilho/SimplicityStudio/BLE/socThroughputBG13/protocol/bluetooth/lib/EFR32BG13P/GCC/libbluetooth.a(bgapi_system.c.obj)
                0x000000000000e6f4                sli_bt_cmd_system_reset
 *fill*         0x000000000000e6fa        0x2 
 .text.sli_bt_cmd_system_get_counters
                0x000000000000e6fc       0x54 /Users/clfilho/SimplicityStudio/BLE/socThroughputBG13/protocol/bluetooth/lib/EFR32BG13P/GCC/libbluetooth.a(bgapi_system.c.obj)
                0x000000000000e6fc                sli_bt_cmd_system_get_counters
 .text.bgbuf_alloc_int
                0x000000000000e750       0x9c /Users/clfilho/SimplicityStudio/BLE/socThroughputBG13/protocol/bluetooth/lib/EFR32BG13P/GCC/libbluetooth.a(bgbuf.c.obj)
 .text.bgbuf_init
                0x000000000000e7ec       0x2c /Users/clfilho/SimplicityStudio/BLE/socThroughputBG13/protocol/bluetooth/lib/EFR32BG13P/GCC/libbluetooth.a(bgbuf.c.obj)
                0x000000000000e7ec                bgbuf_init
 .text.bgbuf_alloc
                0x000000000000e818        0xc /Users/clfilho/SimplicityStudio/BLE/socThroughputBG13/protocol/bluetooth/lib/EFR32BG13P/GCC/libbluetooth.a(bgbuf.c.obj)
                0x000000000000e818                bgbuf_alloc
 .text.bgbuf_alloc_size
                0x000000000000e824       0x10 /Users/clfilho/SimplicityStudio/BLE/socThroughputBG13/protocol/bluetooth/lib/EFR32BG13P/GCC/libbluetooth.a(bgbuf.c.obj)
                0x000000000000e824                bgbuf_alloc_size
 .text.bgbuf_free
                0x000000000000e834       0x7c /Users/clfilho/SimplicityStudio/BLE/socThroughputBG13/protocol/bluetooth/lib/EFR32BG13P/GCC/libbluetooth.a(bgbuf.c.obj)
                0x000000000000e834                bgbuf_free
 .text.bgbuf_append
                0x000000000000e8b0       0x16 /Users/clfilho/SimplicityStudio/BLE/socThroughputBG13/protocol/bluetooth/lib/EFR32BG13P/GCC/libbluetooth.a(bgbuf.c.obj)
                0x000000000000e8b0                bgbuf_append
 .text.bgbuf_append_data
                0x000000000000e8c6       0x24 /Users/clfilho/SimplicityStudio/BLE/socThroughputBG13/protocol/bluetooth/lib/EFR32BG13P/GCC/libbluetooth.a(bgbuf.c.obj)
                0x000000000000e8c6                bgbuf_append_data
 .text.bgbuf_copy_to
                0x000000000000e8ea       0x5e /Users/clfilho/SimplicityStudio/BLE/socThroughputBG13/protocol/bluetooth/lib/EFR32BG13P/GCC/libbluetooth.a(bgbuf.c.obj)
                0x000000000000e8ea                bgbuf_copy_to
 .text.bgbuf_chain_free
                0x000000000000e948       0x14 /Users/clfilho/SimplicityStudio/BLE/socThroughputBG13/protocol/bluetooth/lib/EFR32BG13P/GCC/libbluetooth.a(bgbuf.c.obj)
                0x000000000000e948                bgbuf_chain_free
 .text.bgbuf_clone
                0x000000000000e95c       0x72 /Users/clfilho/SimplicityStudio/BLE/socThroughputBG13/protocol/bluetooth/lib/EFR32BG13P/GCC/libbluetooth.a(bgbuf.c.obj)
                0x000000000000e95c                bgbuf_clone
 .text.bgbuf_chain_pop_packet
                0x000000000000e9ce       0x26 /Users/clfilho/SimplicityStudio/BLE/socThroughputBG13/protocol/bluetooth/lib/EFR32BG13P/GCC/libbluetooth.a(bgbuf.c.obj)
                0x000000000000e9ce                bgbuf_chain_pop_packet
 .text.bgbuf_prepend_no_alloc
                0x000000000000e9f4       0x40 /Users/clfilho/SimplicityStudio/BLE/socThroughputBG13/protocol/bluetooth/lib/EFR32BG13P/GCC/libbluetooth.a(bgbuf.c.obj)
                0x000000000000e9f4                bgbuf_prepend_no_alloc
 .text.bgbuf_prepend
                0x000000000000ea34       0x24 /Users/clfilho/SimplicityStudio/BLE/socThroughputBG13/protocol/bluetooth/lib/EFR32BG13P/GCC/libbluetooth.a(bgbuf.c.obj)
                0x000000000000ea34                bgbuf_prepend
 .text.bgbuf_split
                0x000000000000ea58       0x50 /Users/clfilho/SimplicityStudio/BLE/socThroughputBG13/protocol/bluetooth/lib/EFR32BG13P/GCC/libbluetooth.a(bgbuf.c.obj)
                0x000000000000ea58                bgbuf_split
 .text.bgbuf_chain_get
                0x000000000000eaa8       0x46 /Users/clfilho/SimplicityStudio/BLE/socThroughputBG13/protocol/bluetooth/lib/EFR32BG13P/GCC/libbluetooth.a(bgbuf.c.obj)
                0x000000000000eaa8                bgbuf_chain_get
 .text.bgbuf_chain_get_head
                0x000000000000eaee       0x10 /Users/clfilho/SimplicityStudio/BLE/socThroughputBG13/protocol/bluetooth/lib/EFR32BG13P/GCC/libbluetooth.a(bgbuf.c.obj)
                0x000000000000eaee                bgbuf_chain_get_head
 .text.bgbuf_chain_len
                0x000000000000eafe       0x14 /Users/clfilho/SimplicityStudio/BLE/socThroughputBG13/protocol/bluetooth/lib/EFR32BG13P/GCC/libbluetooth.a(bgbuf.c.obj)
                0x000000000000eafe                bgbuf_chain_len
 .text.bgbuf_memcmp
                0x000000000000eb12       0x44 /Users/clfilho/SimplicityStudio/BLE/socThroughputBG13/protocol/bluetooth/lib/EFR32BG13P/GCC/libbluetooth.a(bgbuf.c.obj)
                0x000000000000eb12                bgbuf_memcmp
 .text.bgbuf_cmp
                0x000000000000eb56       0xac /Users/clfilho/SimplicityStudio/BLE/socThroughputBG13/protocol/bluetooth/lib/EFR32BG13P/GCC/libbluetooth.a(bgbuf.c.obj)
                0x000000000000eb56                bgbuf_cmp
 .text.bgbuf_chain_add
                0x000000000000ec02       0x14 /Users/clfilho/SimplicityStudio/BLE/socThroughputBG13/protocol/bluetooth/lib/EFR32BG13P/GCC/libbluetooth.a(bgbuf.c.obj)
                0x000000000000ec02                bgbuf_chain_add
 .text.bgbuf_chain_append_data
                0x000000000000ec16       0x64 /Users/clfilho/SimplicityStudio/BLE/socThroughputBG13/protocol/bluetooth/lib/EFR32BG13P/GCC/libbluetooth.a(bgbuf.c.obj)
                0x000000000000ec16                bgbuf_chain_append_data
 .text.bgbuf_alloc_copy_data
                0x000000000000ec7a       0x2a /Users/clfilho/SimplicityStudio/BLE/socThroughputBG13/protocol/bluetooth/lib/EFR32BG13P/GCC/libbluetooth.a(bgbuf.c.obj)
                0x000000000000ec7a                bgbuf_alloc_copy_data
 .text.bgbuf_chain_drop
                0x000000000000eca4       0x2c /Users/clfilho/SimplicityStudio/BLE/socThroughputBG13/protocol/bluetooth/lib/EFR32BG13P/GCC/libbluetooth.a(bgbuf.c.obj)
                0x000000000000eca4                bgbuf_chain_drop
 .text.bgbuf_chain_drop_end
                0x000000000000ecd0       0x42 /Users/clfilho/SimplicityStudio/BLE/socThroughputBG13/protocol/bluetooth/lib/EFR32BG13P/GCC/libbluetooth.a(bgbuf.c.obj)
                0x000000000000ecd0                bgbuf_chain_drop_end
 .text.bgbuf_chain_defragment
                0x000000000000ed12       0x8c /Users/clfilho/SimplicityStudio/BLE/socThroughputBG13/protocol/bluetooth/lib/EFR32BG13P/GCC/libbluetooth.a(bgbuf.c.obj)
                0x000000000000ed12                bgbuf_chain_defragment
 *fill*         0x000000000000ed9e        0x2 
 .text.bgbuf_add_callback
                0x000000000000eda0       0x1c /Users/clfilho/SimplicityStudio/BLE/socThroughputBG13/protocol/bluetooth/lib/EFR32BG13P/GCC/libbluetooth.a(bgbuf.c.obj)
                0x000000000000eda0                bgbuf_add_callback
 .text.gecko_init_alloc
                0x000000000000edbc       0x38 /Users/clfilho/SimplicityStudio/BLE/socThroughputBG13/protocol/bluetooth/lib/EFR32BG13P/GCC/libbluetooth.a(bglib.c.obj)
                0x000000000000edbc                gecko_init_alloc
 .text.user_signal_message_handler
                0x000000000000edf4       0x2c /Users/clfilho/SimplicityStudio/BLE/socThroughputBG13/protocol/bluetooth/lib/EFR32BG13P/GCC/libbluetooth.a(bglib.c.obj)
 .text.gecko_process_event
                0x000000000000ee20       0x5c /Users/clfilho/SimplicityStudio/BLE/socThroughputBG13/protocol/bluetooth/lib/EFR32BG13P/GCC/libbluetooth.a(bglib.c.obj)
 .text.check_ctune_override
                0x000000000000ee7c       0x2c /Users/clfilho/SimplicityStudio/BLE/socThroughputBG13/protocol/bluetooth/lib/EFR32BG13P/GCC/libbluetooth.a(bglib.c.obj)
                0x000000000000ee7c                check_ctune_override
 .text.gecko_stack_init
                0x000000000000eea8      0x250 /Users/clfilho/SimplicityStudio/BLE/socThroughputBG13/protocol/bluetooth/lib/EFR32BG13P/GCC/libbluetooth.a(bglib.c.obj)
                0x000000000000eea8                gecko_stack_init
 .text.gecko_wait_event
                0x000000000000f0f8        0x6 /Users/clfilho/SimplicityStudio/BLE/socThroughputBG13/protocol/bluetooth/lib/EFR32BG13P/GCC/libbluetooth.a(bglib.c.obj)
                0x000000000000f0f8                gecko_wait_event
 .text.gecko_peek_event
                0x000000000000f0fe        0x6 /Users/clfilho/SimplicityStudio/BLE/socThroughputBG13/protocol/bluetooth/lib/EFR32BG13P/GCC/libbluetooth.a(bglib.c.obj)
                0x000000000000f0fe                gecko_peek_event
 .text.gecko_stack_update_callback
                0x000000000000f104       0x10 /Users/clfilho/SimplicityStudio/BLE/socThroughputBG13/protocol/bluetooth/lib/EFR32BG13P/GCC/libbluetooth.a(bglib.c.obj)
                0x000000000000f104                gecko_stack_update_callback
 .text.gecko_external_signal
                0x000000000000f114       0x1c /Users/clfilho/SimplicityStudio/BLE/socThroughputBG13/protocol/bluetooth/lib/EFR32BG13P/GCC/libbluetooth.a(bglib.c.obj)
                0x000000000000f114                gecko_external_signal
 .text.bootloader_getInfo
                0x000000000000f130       0x58 /Users/clfilho/SimplicityStudio/BLE/socThroughputBG13/protocol/bluetooth/lib/EFR32BG13P/GCC/libbluetooth.a(btl_interface.c.obj)
                0x000000000000f130                bootloader_getInfo
 .text.bg_hal_get_current_ctune
                0x000000000000f188       0x14 /Users/clfilho/SimplicityStudio/BLE/socThroughputBG13/protocol/bluetooth/lib/EFR32BG13P/GCC/libbluetooth.a(efr32xg1x.c.obj)
                0x000000000000f188                bg_hal_get_current_ctune
 .text.bg_hal_set_ctune
                0x000000000000f19c       0x64 /Users/clfilho/SimplicityStudio/BLE/socThroughputBG13/protocol/bluetooth/lib/EFR32BG13P/GCC/libbluetooth.a(efr32xg1x.c.obj)
                0x000000000000f19c                bg_hal_set_ctune
 .text.bg_hal_get_le_phys
                0x000000000000f200        0x4 /Users/clfilho/SimplicityStudio/BLE/socThroughputBG13/protocol/bluetooth/lib/EFR32BG13P/GCC/libbluetooth.a(efr32xg1x.c.obj)
                0x000000000000f200                bg_hal_get_le_phys
 .text.bg_hal_has_high_power_pa
                0x000000000000f204       0x10 /Users/clfilho/SimplicityStudio/BLE/socThroughputBG13/protocol/bluetooth/lib/EFR32BG13P/GCC/libbluetooth.a(efr32xg1x.c.obj)
                0x000000000000f204                bg_hal_has_high_power_pa
 .text.bg_hal_init_hfbus_clocks
                0x000000000000f214       0x14 /Users/clfilho/SimplicityStudio/BLE/socThroughputBG13/protocol/bluetooth/lib/EFR32BG13P/GCC/libbluetooth.a(efr32xg1x.c.obj)
                0x000000000000f214                bg_hal_init_hfbus_clocks
 .text.gap_is_scanning_or_advertising.part.0
                0x000000000000f228       0x2c /Users/clfilho/SimplicityStudio/BLE/socThroughputBG13/protocol/bluetooth/lib/EFR32BG13P/GCC/libbluetooth.a(gap.c.obj)
 .text.gap_is_resolvable
                0x000000000000f254       0x18 /Users/clfilho/SimplicityStudio/BLE/socThroughputBG13/protocol/bluetooth/lib/EFR32BG13P/GCC/libbluetooth.a(gap.c.obj)
                0x000000000000f254                gap_is_resolvable
 .text.gap_init
                0x000000000000f26c       0x14 /Users/clfilho/SimplicityStudio/BLE/socThroughputBG13/protocol/bluetooth/lib/EFR32BG13P/GCC/libbluetooth.a(gap.c.obj)
                0x000000000000f26c                gap_init
 .text.gap_reset_state
                0x000000000000f280       0xac /Users/clfilho/SimplicityStudio/BLE/socThroughputBG13/protocol/bluetooth/lib/EFR32BG13P/GCC/libbluetooth.a(gap.c.obj)
                0x000000000000f280                gap_reset_state
 .text.gap_notify_connection_parameters
                0x000000000000f32c       0x60 /Users/clfilho/SimplicityStudio/BLE/socThroughputBG13/protocol/bluetooth/lib/EFR32BG13P/GCC/libbluetooth.a(gap.c.obj)
                0x000000000000f32c                gap_notify_connection_parameters
 .text.gap_connection_complete.part.4
                0x000000000000f38c       0xc8 /Users/clfilho/SimplicityStudio/BLE/socThroughputBG13/protocol/bluetooth/lib/EFR32BG13P/GCC/libbluetooth.a(gap.c.obj)
 .text.gap_notify_phy_status
                0x000000000000f454       0x3c /Users/clfilho/SimplicityStudio/BLE/socThroughputBG13/protocol/bluetooth/lib/EFR32BG13P/GCC/libbluetooth.a(gap.c.obj)
                0x000000000000f454                gap_notify_phy_status
 .text.gap_resolver_completed
                0x000000000000f490       0x90 /Users/clfilho/SimplicityStudio/BLE/socThroughputBG13/protocol/bluetooth/lib/EFR32BG13P/GCC/libbluetooth.a(gap.c.obj)
                0x000000000000f490                gap_resolver_completed
 .text.ubt_gap_set_le_connection_parameters
                0x000000000000f520       0xa0 /Users/clfilho/SimplicityStudio/BLE/socThroughputBG13/protocol/bluetooth/lib/EFR32BG13P/GCC/libbluetooth.a(gap.c.obj)
                0x000000000000f520                ubt_gap_set_le_connection_parameters
 .text.ubt_link_set_phy
                0x000000000000f5c0       0x42 /Users/clfilho/SimplicityStudio/BLE/socThroughputBG13/protocol/bluetooth/lib/EFR32BG13P/GCC/libbluetooth.a(gap.c.obj)
                0x000000000000f5c0                ubt_link_set_phy
 *fill*         0x000000000000f602        0x2 
 .text.check_private_address_and_timer
                0x000000000000f604       0x64 /Users/clfilho/SimplicityStudio/BLE/socThroughputBG13/protocol/bluetooth/lib/EFR32BG13P/GCC/libbluetooth.a(gap.c.obj)
                0x000000000000f604                check_private_address_and_timer
 .text.gap_scan_update
                0x000000000000f668       0xb8 /Users/clfilho/SimplicityStudio/BLE/socThroughputBG13/protocol/bluetooth/lib/EFR32BG13P/GCC/libbluetooth.a(gap.c.obj)
                0x000000000000f668                gap_scan_update
 .text.gap_listener
                0x000000000000f720       0xa0 /Users/clfilho/SimplicityStudio/BLE/socThroughputBG13/protocol/bluetooth/lib/EFR32BG13P/GCC/libbluetooth.a(gap.c.obj)
                0x000000000000f720                gap_listener
 .text.ubt_gap_end_le_procedure
                0x000000000000f7c0       0x2c /Users/clfilho/SimplicityStudio/BLE/socThroughputBG13/protocol/bluetooth/lib/EFR32BG13P/GCC/libbluetooth.a(gap.c.obj)
                0x000000000000f7c0                ubt_gap_end_le_procedure
 .text.gap_disconnect_acl
                0x000000000000f7ec       0x12 /Users/clfilho/SimplicityStudio/BLE/socThroughputBG13/protocol/bluetooth/lib/EFR32BG13P/GCC/libbluetooth.a(gap.c.obj)
                0x000000000000f7ec                gap_disconnect_acl
 *fill*         0x000000000000f7fe        0x2 
 .text.gap_connection_disconnected
                0x000000000000f800       0x34 /Users/clfilho/SimplicityStudio/BLE/socThroughputBG13/protocol/bluetooth/lib/EFR32BG13P/GCC/libbluetooth.a(gap.c.obj)
                0x000000000000f800                gap_connection_disconnected
 .text.gap_connection_complete
                0x000000000000f834       0x5c /Users/clfilho/SimplicityStudio/BLE/socThroughputBG13/protocol/bluetooth/lib/EFR32BG13P/GCC/libbluetooth.a(gap.c.obj)
                0x000000000000f834                gap_connection_complete
 .text.gap_encryption_changed
                0x000000000000f890       0x50 /Users/clfilho/SimplicityStudio/BLE/socThroughputBG13/protocol/bluetooth/lib/EFR32BG13P/GCC/libbluetooth.a(gap.c.obj)
                0x000000000000f890                gap_encryption_changed
 .text.ubt_gap_set_static_address_identity
                0x000000000000f8e0       0x50 /Users/clfilho/SimplicityStudio/BLE/socThroughputBG13/protocol/bluetooth/lib/EFR32BG13P/GCC/libbluetooth.a(gap.c.obj)
                0x000000000000f8e0                ubt_gap_set_static_address_identity
 .text.ubt_gap_get_identity_address
                0x000000000000f930       0x1c /Users/clfilho/SimplicityStudio/BLE/socThroughputBG13/protocol/bluetooth/lib/EFR32BG13P/GCC/libbluetooth.a(gap.c.obj)
                0x000000000000f930                ubt_gap_get_identity_address
 .text.gap_acl_new
                0x000000000000f94c       0x30 /Users/clfilho/SimplicityStudio/BLE/socThroughputBG13/protocol/bluetooth/lib/EFR32BG13P/GCC/libbluetooth.a(gap.c.obj)
                0x000000000000f94c                gap_acl_new
 .text.gap_open_acl
                0x000000000000f97c      0x130 /Users/clfilho/SimplicityStudio/BLE/socThroughputBG13/protocol/bluetooth/lib/EFR32BG13P/GCC/libbluetooth.a(gap.c.obj)
                0x000000000000f97c                gap_open_acl
 .text.ubt_gap_get_identity_address_type
                0x000000000000faac       0x10 /Users/clfilho/SimplicityStudio/BLE/socThroughputBG13/protocol/bluetooth/lib/EFR32BG13P/GCC/libbluetooth.a(gap.c.obj)
                0x000000000000faac                ubt_gap_get_identity_address_type
 .text.to_scanning_phy_index
                0x000000000000fabc        0x8 /Users/clfilho/SimplicityStudio/BLE/socThroughputBG13/protocol/bluetooth/lib/EFR32BG13P/GCC/libbluetooth.a(gap.c.obj)
                0x000000000000fabc                to_scanning_phy_index
 .text.cache_adv_scan_packet
                0x000000000000fac4       0x20 /Users/clfilho/SimplicityStudio/BLE/socThroughputBG13/protocol/bluetooth/lib/EFR32BG13P/GCC/libbluetooth.a(gap_adv.c.obj)
 .text.bgbuf_chain_append_byte
                0x000000000000fae4       0x16 /Users/clfilho/SimplicityStudio/BLE/socThroughputBG13/protocol/bluetooth/lib/EFR32BG13P/GCC/libbluetooth.a(gap_adv.c.obj)
 .text.gap_adv_add_attribute
                0x000000000000fafa       0xa6 /Users/clfilho/SimplicityStudio/BLE/socThroughputBG13/protocol/bluetooth/lib/EFR32BG13P/GCC/libbluetooth.a(gap_adv.c.obj)
 .text.gap_adv_add_name
                0x000000000000fba0       0x9e /Users/clfilho/SimplicityStudio/BLE/socThroughputBG13/protocol/bluetooth/lib/EFR32BG13P/GCC/libbluetooth.a(gap_adv.c.obj)
 .text.use_legacy_advertising
                0x000000000000fc3e       0x36 /Users/clfilho/SimplicityStudio/BLE/socThroughputBG13/protocol/bluetooth/lib/EFR32BG13P/GCC/libbluetooth.a(gap_adv.c.obj)
 .text.gap_alloc_mem
                0x000000000000fc74       0x2c /Users/clfilho/SimplicityStudio/BLE/socThroughputBG13/protocol/bluetooth/lib/EFR32BG13P/GCC/libbluetooth.a(gap_adv.c.obj)
                0x000000000000fc74                gap_alloc_mem
 .text.gap_adv_terminated_callback
                0x000000000000fca0       0x60 /Users/clfilho/SimplicityStudio/BLE/socThroughputBG13/protocol/bluetooth/lib/EFR32BG13P/GCC/libbluetooth.a(gap_adv.c.obj)
                0x000000000000fca0                gap_adv_terminated_callback
 .text.gap_create_adv_packets
                0x000000000000fd00      0x128 /Users/clfilho/SimplicityStudio/BLE/socThroughputBG13/protocol/bluetooth/lib/EFR32BG13P/GCC/libbluetooth.a(gap_adv.c.obj)
                0x000000000000fd00                gap_create_adv_packets
 .text.gap_set_advertising_timeout
                0x000000000000fe28       0x7c /Users/clfilho/SimplicityStudio/BLE/socThroughputBG13/protocol/bluetooth/lib/EFR32BG13P/GCC/libbluetooth.a(gap_adv.c.obj)
                0x000000000000fe28                gap_set_advertising_timeout
 .text.gap_set_advertising_timing
                0x000000000000fea4       0x64 /Users/clfilho/SimplicityStudio/BLE/socThroughputBG13/protocol/bluetooth/lib/EFR32BG13P/GCC/libbluetooth.a(gap_adv.c.obj)
                0x000000000000fea4                gap_set_advertising_timing
 .text.gap_get_advertising_max_events
                0x000000000000ff08       0x20 /Users/clfilho/SimplicityStudio/BLE/socThroughputBG13/protocol/bluetooth/lib/EFR32BG13P/GCC/libbluetooth.a(gap_adv.c.obj)
                0x000000000000ff08                gap_get_advertising_max_events
 .text.gap_get_advertising_duration
                0x000000000000ff28       0x20 /Users/clfilho/SimplicityStudio/BLE/socThroughputBG13/protocol/bluetooth/lib/EFR32BG13P/GCC/libbluetooth.a(gap_adv.c.obj)
                0x000000000000ff28                gap_get_advertising_duration
 .text.gap_get_advertising_address_type
                0x000000000000ff48       0x20 /Users/clfilho/SimplicityStudio/BLE/socThroughputBG13/protocol/bluetooth/lib/EFR32BG13P/GCC/libbluetooth.a(gap_adv.c.obj)
                0x000000000000ff48                gap_get_advertising_address_type
 .text.gap_get_advertising_scan_report_enable
                0x000000000000ff68       0x24 /Users/clfilho/SimplicityStudio/BLE/socThroughputBG13/protocol/bluetooth/lib/EFR32BG13P/GCC/libbluetooth.a(gap_adv.c.obj)
                0x000000000000ff68                gap_get_advertising_scan_report_enable
 .text.gap_adv_update
                0x000000000000ff8c      0x1dc /Users/clfilho/SimplicityStudio/BLE/socThroughputBG13/protocol/bluetooth/lib/EFR32BG13P/GCC/libbluetooth.a(gap_adv.c.obj)
                0x000000000000ff8c                gap_adv_update
 .text.gap_set_advertising_channel_map
                0x0000000000010168       0x38 /Users/clfilho/SimplicityStudio/BLE/socThroughputBG13/protocol/bluetooth/lib/EFR32BG13P/GCC/libbluetooth.a(gap_adv.c.obj)
                0x0000000000010168                gap_set_advertising_channel_map
 .text.gap_set_advertising_scan_report
                0x00000000000101a0       0x4c /Users/clfilho/SimplicityStudio/BLE/socThroughputBG13/protocol/bluetooth/lib/EFR32BG13P/GCC/libbluetooth.a(gap_adv.c.obj)
                0x00000000000101a0                gap_set_advertising_scan_report
 .text.gap_set_advertising_configuration
                0x00000000000101ec       0x8c /Users/clfilho/SimplicityStudio/BLE/socThroughputBG13/protocol/bluetooth/lib/EFR32BG13P/GCC/libbluetooth.a(gap_adv.c.obj)
                0x00000000000101ec                gap_set_advertising_configuration
 .text.gap_clear_advertising_configuration
                0x0000000000010278       0x80 /Users/clfilho/SimplicityStudio/BLE/socThroughputBG13/protocol/bluetooth/lib/EFR32BG13P/GCC/libbluetooth.a(gap_adv.c.obj)
                0x0000000000010278                gap_clear_advertising_configuration
 .text.gap_stop_advertising
                0x00000000000102f8       0x2c /Users/clfilho/SimplicityStudio/BLE/socThroughputBG13/protocol/bluetooth/lib/EFR32BG13P/GCC/libbluetooth.a(gap_adv.c.obj)
                0x00000000000102f8                gap_stop_advertising
 .text.gap_start_advertising
                0x0000000000010324      0x11c /Users/clfilho/SimplicityStudio/BLE/socThroughputBG13/protocol/bluetooth/lib/EFR32BG13P/GCC/libbluetooth.a(gap_adv.c.obj)
                0x0000000000010324                gap_start_advertising
 .text.ubt_gap_set_adv_parameters
                0x0000000000010440       0x5c /Users/clfilho/SimplicityStudio/BLE/socThroughputBG13/protocol/bluetooth/lib/EFR32BG13P/GCC/libbluetooth.a(gap_deprecated.c.obj)
                0x0000000000010440                ubt_gap_set_adv_parameters
 .text.ubt_gap_set_le_mode
                0x000000000001049c       0x64 /Users/clfilho/SimplicityStudio/BLE/socThroughputBG13/protocol/bluetooth/lib/EFR32BG13P/GCC/libbluetooth.a(gap_deprecated.c.obj)
                0x000000000001049c                ubt_gap_set_le_mode
 .text.gap_address_resolver_step
                0x0000000000010500       0x94 /Users/clfilho/SimplicityStudio/BLE/socThroughputBG13/protocol/bluetooth/lib/EFR32BG13P/GCC/libbluetooth.a(gap_resolver.c.obj)
                0x0000000000010500                gap_address_resolver_step
 .text.gap_resolver_start
                0x0000000000010594       0x40 /Users/clfilho/SimplicityStudio/BLE/socThroughputBG13/protocol/bluetooth/lib/EFR32BG13P/GCC/libbluetooth.a(gap_resolver.c.obj)
                0x0000000000010594                gap_resolver_start
 .text.validate_scanning_phymask
                0x00000000000105d4       0x30 /Users/clfilho/SimplicityStudio/BLE/socThroughputBG13/protocol/bluetooth/lib/EFR32BG13P/GCC/libbluetooth.a(gap_scan.c.obj)
 .text.gap_status_set_scan_packet
                0x0000000000010604       0x20 /Users/clfilho/SimplicityStudio/BLE/socThroughputBG13/protocol/bluetooth/lib/EFR32BG13P/GCC/libbluetooth.a(gap_scan.c.obj)
                0x0000000000010604                gap_status_set_scan_packet
 .text.gat_status_get_scan_packet
                0x0000000000010624        0xc /Users/clfilho/SimplicityStudio/BLE/socThroughputBG13/protocol/bluetooth/lib/EFR32BG13P/GCC/libbluetooth.a(gap_scan.c.obj)
                0x0000000000010624                gat_status_get_scan_packet
 .text.gap_status_set_scan_response
                0x0000000000010630       0x20 /Users/clfilho/SimplicityStudio/BLE/socThroughputBG13/protocol/bluetooth/lib/EFR32BG13P/GCC/libbluetooth.a(gap_scan.c.obj)
                0x0000000000010630                gap_status_set_scan_response
 .text.gat_status_get_scan_response
                0x0000000000010650        0xc /Users/clfilho/SimplicityStudio/BLE/socThroughputBG13/protocol/bluetooth/lib/EFR32BG13P/GCC/libbluetooth.a(gap_scan.c.obj)
                0x0000000000010650                gat_status_get_scan_response
 .text.handle_scan_response_callback
                0x000000000001065c      0x190 /Users/clfilho/SimplicityStudio/BLE/socThroughputBG13/protocol/bluetooth/lib/EFR32BG13P/GCC/libbluetooth.a(gap_scan.c.obj)
                0x000000000001065c                handle_scan_response_callback
 .text.ubt_gap_set_scan_parameters
                0x00000000000107ec       0x4c /Users/clfilho/SimplicityStudio/BLE/socThroughputBG13/protocol/bluetooth/lib/EFR32BG13P/GCC/libbluetooth.a(gap_scan.c.obj)
                0x00000000000107ec                ubt_gap_set_scan_parameters
 .text.ubt_gap_set_scan_type
                0x0000000000010838       0x30 /Users/clfilho/SimplicityStudio/BLE/socThroughputBG13/protocol/bluetooth/lib/EFR32BG13P/GCC/libbluetooth.a(gap_scan.c.obj)
                0x0000000000010838                ubt_gap_set_scan_type
 .text.ubt_gap_le_discover
                0x0000000000010868       0x68 /Users/clfilho/SimplicityStudio/BLE/socThroughputBG13/protocol/bluetooth/lib/EFR32BG13P/GCC/libbluetooth.a(gap_scan.c.obj)
                0x0000000000010868                ubt_gap_le_discover
 .text.gatt_init
                0x00000000000108d0        0xc /Users/clfilho/SimplicityStudio/BLE/socThroughputBG13/protocol/bluetooth/lib/EFR32BG13P/GCC/libbluetooth.a(gatt.c.obj)
                0x00000000000108d0                gatt_init
 .text.gatt_set_max_mtu
                0x00000000000108dc       0x18 /Users/clfilho/SimplicityStudio/BLE/socThroughputBG13/protocol/bluetooth/lib/EFR32BG13P/GCC/libbluetooth.a(gatt.c.obj)
                0x00000000000108dc                gatt_set_max_mtu
 .text.gatt_init_connection
                0x00000000000108f4       0x50 /Users/clfilho/SimplicityStudio/BLE/socThroughputBG13/protocol/bluetooth/lib/EFR32BG13P/GCC/libbluetooth.a(gatt.c.obj)
                0x00000000000108f4                gatt_init_connection
 .text.gatt_free_connection
                0x0000000000010944       0x50 /Users/clfilho/SimplicityStudio/BLE/socThroughputBG13/protocol/bluetooth/lib/EFR32BG13P/GCC/libbluetooth.a(gatt.c.obj)
                0x0000000000010944                gatt_free_connection
 .text.send_gatt_mtu_exchanged_event
                0x0000000000010994       0x2a /Users/clfilho/SimplicityStudio/BLE/socThroughputBG13/protocol/bluetooth/lib/EFR32BG13P/GCC/libbluetooth.a(gatt.c.obj)
                0x0000000000010994                send_gatt_mtu_exchanged_event
 .text.gatt_start_procedure_timeout_timer
                0x00000000000109be       0x16 /Users/clfilho/SimplicityStudio/BLE/socThroughputBG13/protocol/bluetooth/lib/EFR32BG13P/GCC/libbluetooth.a(gatt.c.obj)
                0x00000000000109be                gatt_start_procedure_timeout_timer
 .text.gatt_stop_procedure_timeout_timer
                0x00000000000109d4        0x6 /Users/clfilho/SimplicityStudio/BLE/socThroughputBG13/protocol/bluetooth/lib/EFR32BG13P/GCC/libbluetooth.a(gatt.c.obj)
                0x00000000000109d4                gatt_stop_procedure_timeout_timer
 .text.gatt_start_procedure
                0x00000000000109da       0x24 /Users/clfilho/SimplicityStudio/BLE/socThroughputBG13/protocol/bluetooth/lib/EFR32BG13P/GCC/libbluetooth.a(gatt.c.obj)
                0x00000000000109da                gatt_start_procedure
 .text.gatt_procedure_timeout
                0x00000000000109fe       0x2e /Users/clfilho/SimplicityStudio/BLE/socThroughputBG13/protocol/bluetooth/lib/EFR32BG13P/GCC/libbluetooth.a(gatt.c.obj)
                0x00000000000109fe                gatt_procedure_timeout
 .text.gatt_listener
                0x0000000000010a2c       0x80 /Users/clfilho/SimplicityStudio/BLE/socThroughputBG13/protocol/bluetooth/lib/EFR32BG13P/GCC/libbluetooth.a(gatt.c.obj)
 .text.gatt_get_connection
                0x0000000000010aac        0xc /Users/clfilho/SimplicityStudio/BLE/socThroughputBG13/protocol/bluetooth/lib/EFR32BG13P/GCC/libbluetooth.a(gatt.c.obj)
                0x0000000000010aac                gatt_get_connection
 .text.gatt_get_next_connection
                0x0000000000010ab8       0x1a /Users/clfilho/SimplicityStudio/BLE/socThroughputBG13/protocol/bluetooth/lib/EFR32BG13P/GCC/libbluetooth.a(gatt.c.obj)
                0x0000000000010ab8                gatt_get_next_connection
 .text.validate_gatt_connection_state
                0x0000000000010ad2       0x1c /Users/clfilho/SimplicityStudio/BLE/socThroughputBG13/protocol/bluetooth/lib/EFR32BG13P/GCC/libbluetooth.a(gatt_client.c.obj)
 .text.free_params_data
                0x0000000000010aee       0x16 /Users/clfilho/SimplicityStudio/BLE/socThroughputBG13/protocol/bluetooth/lib/EFR32BG13P/GCC/libbluetooth.a(gatt_client.c.obj)
 .text.alloc_params_data
                0x0000000000010b04       0x2c /Users/clfilho/SimplicityStudio/BLE/socThroughputBG13/protocol/bluetooth/lib/EFR32BG13P/GCC/libbluetooth.a(gatt_client.c.obj)
 .text.should_start_long_read
                0x0000000000010b30       0x36 /Users/clfilho/SimplicityStudio/BLE/socThroughputBG13/protocol/bluetooth/lib/EFR32BG13P/GCC/libbluetooth.a(gatt_client.c.obj)
 .text.send_service_event
                0x0000000000010b66       0x4a /Users/clfilho/SimplicityStudio/BLE/socThroughputBG13/protocol/bluetooth/lib/EFR32BG13P/GCC/libbluetooth.a(gatt_client.c.obj)
 .text.send_descriptor_value_event
                0x0000000000010bb0       0x3c /Users/clfilho/SimplicityStudio/BLE/socThroughputBG13/protocol/bluetooth/lib/EFR32BG13P/GCC/libbluetooth.a(gatt_client.c.obj)
 .text.end_procedure
                0x0000000000010bec       0x3c /Users/clfilho/SimplicityStudio/BLE/socThroughputBG13/protocol/bluetooth/lib/EFR32BG13P/GCC/libbluetooth.a(gatt_client.c.obj)
 .text.abort_long_write
                0x0000000000010c28       0x20 /Users/clfilho/SimplicityStudio/BLE/socThroughputBG13/protocol/bluetooth/lib/EFR32BG13P/GCC/libbluetooth.a(gatt_client.c.obj)
 .text.send_characteristic_value_event
                0x0000000000010c48       0x72 /Users/clfilho/SimplicityStudio/BLE/socThroughputBG13/protocol/bluetooth/lib/EFR32BG13P/GCC/libbluetooth.a(gatt_client.c.obj)
 .text.write_value
                0x0000000000010cba       0x4a /Users/clfilho/SimplicityStudio/BLE/socThroughputBG13/protocol/bluetooth/lib/EFR32BG13P/GCC/libbluetooth.a(gatt_client.c.obj)
 .text.gatt_find_included_services_handler
                0x0000000000010d04       0xb0 /Users/clfilho/SimplicityStudio/BLE/socThroughputBG13/protocol/bluetooth/lib/EFR32BG13P/GCC/libbluetooth.a(gatt_client.c.obj)
                0x0000000000010d04                gatt_find_included_services_handler
 .text.gatt_write_characteristic_value_without_response
                0x0000000000010db4       0x1a /Users/clfilho/SimplicityStudio/BLE/socThroughputBG13/protocol/bluetooth/lib/EFR32BG13P/GCC/libbluetooth.a(gatt_client.c.obj)
                0x0000000000010db4                gatt_write_characteristic_value_without_response
 .text.gatt_write_descriptor_value
                0x0000000000010dce       0x26 /Users/clfilho/SimplicityStudio/BLE/socThroughputBG13/protocol/bluetooth/lib/EFR32BG13P/GCC/libbluetooth.a(gatt_client.c.obj)
                0x0000000000010dce                gatt_write_descriptor_value
 .text.gatt_handle_exchange_mtu_rsp
                0x0000000000010df4       0x48 /Users/clfilho/SimplicityStudio/BLE/socThroughputBG13/protocol/bluetooth/lib/EFR32BG13P/GCC/libbluetooth.a(gatt_client.c.obj)
                0x0000000000010df4                gatt_handle_exchange_mtu_rsp
 .text.gatt_handle_find_information_response
                0x0000000000010e3c      0x152 /Users/clfilho/SimplicityStudio/BLE/socThroughputBG13/protocol/bluetooth/lib/EFR32BG13P/GCC/libbluetooth.a(gatt_client.c.obj)
                0x0000000000010e3c                gatt_handle_find_information_response
 .text.gatt_handle_find_by_type_value_response
                0x0000000000010f8e       0xa0 /Users/clfilho/SimplicityStudio/BLE/socThroughputBG13/protocol/bluetooth/lib/EFR32BG13P/GCC/libbluetooth.a(gatt_client.c.obj)
                0x0000000000010f8e                gatt_handle_find_by_type_value_response
 *fill*         0x000000000001102e        0x2 
 .text.gatt_handle_read_response
                0x0000000000011030       0xe4 /Users/clfilho/SimplicityStudio/BLE/socThroughputBG13/protocol/bluetooth/lib/EFR32BG13P/GCC/libbluetooth.a(gatt_client.c.obj)
                0x0000000000011030                gatt_handle_read_response
 .text.read_long_value_handler
                0x0000000000011114       0x72 /Users/clfilho/SimplicityStudio/BLE/socThroughputBG13/protocol/bluetooth/lib/EFR32BG13P/GCC/libbluetooth.a(gatt_client.c.obj)
 .text.gatt_handle_read_blob_response
                0x0000000000011186       0x36 /Users/clfilho/SimplicityStudio/BLE/socThroughputBG13/protocol/bluetooth/lib/EFR32BG13P/GCC/libbluetooth.a(gatt_client.c.obj)
                0x0000000000011186                gatt_handle_read_blob_response
 .text.gatt_handle_read_multiple_response
                0x00000000000111bc       0x3c /Users/clfilho/SimplicityStudio/BLE/socThroughputBG13/protocol/bluetooth/lib/EFR32BG13P/GCC/libbluetooth.a(gatt_client.c.obj)
                0x00000000000111bc                gatt_handle_read_multiple_response
 .text.gatt_handle_read_by_type_response
                0x00000000000111f8      0x148 /Users/clfilho/SimplicityStudio/BLE/socThroughputBG13/protocol/bluetooth/lib/EFR32BG13P/GCC/libbluetooth.a(gatt_client.c.obj)
                0x00000000000111f8                gatt_handle_read_by_type_response
 .text.gatt_handle_read_by_group_type_response
                0x0000000000011340       0xaa /Users/clfilho/SimplicityStudio/BLE/socThroughputBG13/protocol/bluetooth/lib/EFR32BG13P/GCC/libbluetooth.a(gatt_client.c.obj)
                0x0000000000011340                gatt_handle_read_by_group_type_response
 .text.gatt_handle_write_response
                0x00000000000113ea       0x14 /Users/clfilho/SimplicityStudio/BLE/socThroughputBG13/protocol/bluetooth/lib/EFR32BG13P/GCC/libbluetooth.a(gatt_client.c.obj)
                0x00000000000113ea                gatt_handle_write_response
 .text.gatt_handle_prepare_write_response
                0x00000000000113fe       0xb6 /Users/clfilho/SimplicityStudio/BLE/socThroughputBG13/protocol/bluetooth/lib/EFR32BG13P/GCC/libbluetooth.a(gatt_client.c.obj)
                0x00000000000113fe                gatt_handle_prepare_write_response
 .text.gatt_handle_execute_write_response
                0x00000000000114b4       0x3c /Users/clfilho/SimplicityStudio/BLE/socThroughputBG13/protocol/bluetooth/lib/EFR32BG13P/GCC/libbluetooth.a(gatt_client.c.obj)
                0x00000000000114b4                gatt_handle_execute_write_response
 .text.gatt_client_handle_value_notification
                0x00000000000114f0       0x12 /Users/clfilho/SimplicityStudio/BLE/socThroughputBG13/protocol/bluetooth/lib/EFR32BG13P/GCC/libbluetooth.a(gatt_client.c.obj)
                0x00000000000114f0                gatt_client_handle_value_notification
 .text.gatt_client_handle_value_indication
                0x0000000000011502       0x14 /Users/clfilho/SimplicityStudio/BLE/socThroughputBG13/protocol/bluetooth/lib/EFR32BG13P/GCC/libbluetooth.a(gatt_client.c.obj)
                0x0000000000011502                gatt_client_handle_value_indication
 .text.gatt_send_characteristic_confirmation
                0x0000000000011516       0x1e /Users/clfilho/SimplicityStudio/BLE/socThroughputBG13/protocol/bluetooth/lib/EFR32BG13P/GCC/libbluetooth.a(gatt_client.c.obj)
                0x0000000000011516                gatt_send_characteristic_confirmation
 .text.gatt_client_init
                0x0000000000011534        0xc /Users/clfilho/SimplicityStudio/BLE/socThroughputBG13/protocol/bluetooth/lib/EFR32BG13P/GCC/libbluetooth.a(gatt_client.c.obj)
                0x0000000000011534                gatt_client_init
 .text.get_att_uuid16
                0x0000000000011540       0x24 /Users/clfilho/SimplicityStudio/BLE/socThroughputBG13/protocol/bluetooth/lib/EFR32BG13P/GCC/libbluetooth.a(gatt_db_minimal.c.obj)
 .text.get_client_conf
                0x0000000000011564       0x24 /Users/clfilho/SimplicityStudio/BLE/socThroughputBG13/protocol/bluetooth/lib/EFR32BG13P/GCC/libbluetooth.a(gatt_db_minimal.c.obj)
 .text.gatt_db_set_db
                0x0000000000011588       0x14 /Users/clfilho/SimplicityStudio/BLE/socThroughputBG13/protocol/bluetooth/lib/EFR32BG13P/GCC/libbluetooth.a(gatt_db_minimal.c.obj)
                0x0000000000011588                gatt_db_set_db
 .text.gatt_db_invalidate_hash
                0x000000000001159c       0x10 /Users/clfilho/SimplicityStudio/BLE/socThroughputBG13/protocol/bluetooth/lib/EFR32BG13P/GCC/libbluetooth.a(gatt_db_minimal.c.obj)
                0x000000000001159c                gatt_db_invalidate_hash
 .text.gatt_db_set_client_features
                0x00000000000115ac       0x1c /Users/clfilho/SimplicityStudio/BLE/socThroughputBG13/protocol/bluetooth/lib/EFR32BG13P/GCC/libbluetooth.a(gatt_db_minimal.c.obj)
                0x00000000000115ac                gatt_db_set_client_features
 .text.gatt_db_handle_inrange
                0x00000000000115c8       0x18 /Users/clfilho/SimplicityStudio/BLE/socThroughputBG13/protocol/bluetooth/lib/EFR32BG13P/GCC/libbluetooth.a(gatt_db_minimal.c.obj)
                0x00000000000115c8                gatt_db_handle_inrange
 .text.gatt_db_handle_active
                0x00000000000115e0       0x30 /Users/clfilho/SimplicityStudio/BLE/socThroughputBG13/protocol/bluetooth/lib/EFR32BG13P/GCC/libbluetooth.a(gatt_db_minimal.c.obj)
                0x00000000000115e0                gatt_db_handle_active
 .text.get_client_conf_index
                0x0000000000011610       0x44 /Users/clfilho/SimplicityStudio/BLE/socThroughputBG13/protocol/bluetooth/lib/EFR32BG13P/GCC/libbluetooth.a(gatt_db_minimal.c.obj)
 .text.gatt_db_get_char_properties
                0x0000000000011654       0x44 /Users/clfilho/SimplicityStudio/BLE/socThroughputBG13/protocol/bluetooth/lib/EFR32BG13P/GCC/libbluetooth.a(gatt_db_minimal.c.obj)
                0x0000000000011654                gatt_db_get_char_properties
 .text.gatt_db_user_value
                0x0000000000011698       0x1c /Users/clfilho/SimplicityStudio/BLE/socThroughputBG13/protocol/bluetooth/lib/EFR32BG13P/GCC/libbluetooth.a(gatt_db_minimal.c.obj)
                0x0000000000011698                gatt_db_user_value
 .text.gatt_db_load_client_conf
                0x00000000000116b4       0x32 /Users/clfilho/SimplicityStudio/BLE/socThroughputBG13/protocol/bluetooth/lib/EFR32BG13P/GCC/libbluetooth.a(gatt_db_minimal.c.obj)
                0x00000000000116b4                gatt_db_load_client_conf
 *fill*         0x00000000000116e6        0x2 
 .text.gatt_db_get_client_conf
                0x00000000000116e8       0x68 /Users/clfilho/SimplicityStudio/BLE/socThroughputBG13/protocol/bluetooth/lib/EFR32BG13P/GCC/libbluetooth.a(gatt_db_minimal.c.obj)
                0x00000000000116e8                gatt_db_get_client_conf
 .text.gatt_db_get_att_len
                0x0000000000011750       0x3c /Users/clfilho/SimplicityStudio/BLE/socThroughputBG13/protocol/bluetooth/lib/EFR32BG13P/GCC/libbluetooth.a(gatt_db_minimal.c.obj)
                0x0000000000011750                gatt_db_get_att_len
 .text.gatt_db_check_permissions
                0x000000000001178c      0x124 /Users/clfilho/SimplicityStudio/BLE/socThroughputBG13/protocol/bluetooth/lib/EFR32BG13P/GCC/libbluetooth.a(gatt_db_minimal.c.obj)
                0x000000000001178c                gatt_db_check_permissions
 .text.gatt_db_get_data
                0x00000000000118b0       0xa0 /Users/clfilho/SimplicityStudio/BLE/socThroughputBG13/protocol/bluetooth/lib/EFR32BG13P/GCC/libbluetooth.a(gatt_db_minimal.c.obj)
                0x00000000000118b0                gatt_db_get_data
 .text.gatt_db_set_hash
                0x0000000000011950      0x104 /Users/clfilho/SimplicityStudio/BLE/socThroughputBG13/protocol/bluetooth/lib/EFR32BG13P/GCC/libbluetooth.a(gatt_db_minimal.c.obj)
                0x0000000000011950                gatt_db_set_hash
 .text.gatt_db_find_attribute_by_type
                0x0000000000011a54       0x38 /Users/clfilho/SimplicityStudio/BLE/socThroughputBG13/protocol/bluetooth/lib/EFR32BG13P/GCC/libbluetooth.a(gatt_db_minimal.c.obj)
                0x0000000000011a54                gatt_db_find_attribute_by_type
 .text.gatt_db_find_group_end
                0x0000000000011a8c       0x48 /Users/clfilho/SimplicityStudio/BLE/socThroughputBG13/protocol/bluetooth/lib/EFR32BG13P/GCC/libbluetooth.a(gatt_db_minimal.c.obj)
                0x0000000000011a8c                gatt_db_find_group_end
 .text.gatt_db_find_by_type_value
                0x0000000000011ad4       0x90 /Users/clfilho/SimplicityStudio/BLE/socThroughputBG13/protocol/bluetooth/lib/EFR32BG13P/GCC/libbluetooth.a(gatt_db_minimal.c.obj)
                0x0000000000011ad4                gatt_db_find_by_type_value
 .text.gatt_db_populate_adv_services
                0x0000000000011b64      0x164 /Users/clfilho/SimplicityStudio/BLE/socThroughputBG13/protocol/bluetooth/lib/EFR32BG13P/GCC/libbluetooth.a(gatt_db_minimal.c.obj)
                0x0000000000011b64                gatt_db_populate_adv_services
 .text.gatt_db_get_attribute_type
                0x0000000000011cc8       0x34 /Users/clfilho/SimplicityStudio/BLE/socThroughputBG13/protocol/bluetooth/lib/EFR32BG13P/GCC/libbluetooth.a(gatt_db_minimal.c.obj)
                0x0000000000011cc8                gatt_db_get_attribute_type
 .text.gatt_db_get_16bit_char_handle
                0x0000000000011cfc       0x26 /Users/clfilho/SimplicityStudio/BLE/socThroughputBG13/protocol/bluetooth/lib/EFR32BG13P/GCC/libbluetooth.a(gatt_db_minimal.c.obj)
                0x0000000000011cfc                gatt_db_get_16bit_char_handle
 .text.set_client_conf.part.2
                0x0000000000011d22       0x7e /Users/clfilho/SimplicityStudio/BLE/socThroughputBG13/protocol/bluetooth/lib/EFR32BG13P/GCC/libbluetooth.a(gatt_db_minimal.c.obj)
 .text.gatt_db_set_data
                0x0000000000011da0      0x160 /Users/clfilho/SimplicityStudio/BLE/socThroughputBG13/protocol/bluetooth/lib/EFR32BG13P/GCC/libbluetooth.a(gatt_db_minimal.c.obj)
                0x0000000000011da0                gatt_db_set_data
 .text.gatt_db_reset_client_conf
                0x0000000000011f00       0x50 /Users/clfilho/SimplicityStudio/BLE/socThroughputBG13/protocol/bluetooth/lib/EFR32BG13P/GCC/libbluetooth.a(gatt_db_minimal.c.obj)
                0x0000000000011f00                gatt_db_reset_client_conf
 .text.send_user_read_request_event
                0x0000000000011f50       0x32 /Users/clfilho/SimplicityStudio/BLE/socThroughputBG13/protocol/bluetooth/lib/EFR32BG13P/GCC/libbluetooth.a(gatt_server.c.obj)
 .text.send_user_write_request_event
                0x0000000000011f82       0x3a /Users/clfilho/SimplicityStudio/BLE/socThroughputBG13/protocol/bluetooth/lib/EFR32BG13P/GCC/libbluetooth.a(gatt_server.c.obj)
 .text.send_execute_write_completed_event
                0x0000000000011fbc       0x2a /Users/clfilho/SimplicityStudio/BLE/socThroughputBG13/protocol/bluetooth/lib/EFR32BG13P/GCC/libbluetooth.a(gatt_server.c.obj)
 .text.finish_read_req
                0x0000000000011fe6       0x96 /Users/clfilho/SimplicityStudio/BLE/socThroughputBG13/protocol/bluetooth/lib/EFR32BG13P/GCC/libbluetooth.a(gatt_server.c.obj)
 .text.handle_read_req
                0x000000000001207c       0xa4 /Users/clfilho/SimplicityStudio/BLE/socThroughputBG13/protocol/bluetooth/lib/EFR32BG13P/GCC/libbluetooth.a(gatt_server.c.obj)
 .text.finish_execute_write_req
                0x0000000000012120       0xa8 /Users/clfilho/SimplicityStudio/BLE/socThroughputBG13/protocol/bluetooth/lib/EFR32BG13P/GCC/libbluetooth.a(gatt_server.c.obj)
 .text.send_notification
                0x00000000000121c8       0x7e /Users/clfilho/SimplicityStudio/BLE/socThroughputBG13/protocol/bluetooth/lib/EFR32BG13P/GCC/libbluetooth.a(gatt_server.c.obj)
 .text.gatt_server_send_attribute_value_event
                0x0000000000012246       0x3a /Users/clfilho/SimplicityStudio/BLE/socThroughputBG13/protocol/bluetooth/lib/EFR32BG13P/GCC/libbluetooth.a(gatt_server.c.obj)
                0x0000000000012246                gatt_server_send_attribute_value_event
 .text.gatt_server_send_characteristic_status_event
                0x0000000000012280       0x32 /Users/clfilho/SimplicityStudio/BLE/socThroughputBG13/protocol/bluetooth/lib/EFR32BG13P/GCC/libbluetooth.a(gatt_server.c.obj)
                0x0000000000012280                gatt_server_send_characteristic_status_event
 *fill*         0x00000000000122b2        0x2 
 .text.gatt_server_handle_exchange_mtu_req
                0x00000000000122b4       0x3c /Users/clfilho/SimplicityStudio/BLE/socThroughputBG13/protocol/bluetooth/lib/EFR32BG13P/GCC/libbluetooth.a(gatt_server.c.obj)
                0x00000000000122b4                gatt_server_handle_exchange_mtu_req
 .text.gatt_server_handle_read_by_group_type
                0x00000000000122f0      0x120 /Users/clfilho/SimplicityStudio/BLE/socThroughputBG13/protocol/bluetooth/lib/EFR32BG13P/GCC/libbluetooth.a(gatt_server.c.obj)
                0x00000000000122f0                gatt_server_handle_read_by_group_type
 .text.gatt_server_handle_read_by_type
                0x0000000000012410      0x184 /Users/clfilho/SimplicityStudio/BLE/socThroughputBG13/protocol/bluetooth/lib/EFR32BG13P/GCC/libbluetooth.a(gatt_server.c.obj)
                0x0000000000012410                gatt_server_handle_read_by_type
 .text.gatt_server_handle_find_information
                0x0000000000012594       0xe2 /Users/clfilho/SimplicityStudio/BLE/socThroughputBG13/protocol/bluetooth/lib/EFR32BG13P/GCC/libbluetooth.a(gatt_server.c.obj)
                0x0000000000012594                gatt_server_handle_find_information
 .text.gatt_server_handle_find_by_type_value_req
                0x0000000000012676       0xc8 /Users/clfilho/SimplicityStudio/BLE/socThroughputBG13/protocol/bluetooth/lib/EFR32BG13P/GCC/libbluetooth.a(gatt_server.c.obj)
                0x0000000000012676                gatt_server_handle_find_by_type_value_req
 .text.gatt_server_handle_read_req
                0x000000000001273e        0xc /Users/clfilho/SimplicityStudio/BLE/socThroughputBG13/protocol/bluetooth/lib/EFR32BG13P/GCC/libbluetooth.a(gatt_server.c.obj)
                0x000000000001273e                gatt_server_handle_read_req
 .text.gatt_server_handle_read_blob_req
                0x000000000001274a        0xa /Users/clfilho/SimplicityStudio/BLE/socThroughputBG13/protocol/bluetooth/lib/EFR32BG13P/GCC/libbluetooth.a(gatt_server.c.obj)
                0x000000000001274a                gatt_server_handle_read_blob_req
 .text.gatt_server_handle_read_multiple_req
                0x0000000000012754       0xee /Users/clfilho/SimplicityStudio/BLE/socThroughputBG13/protocol/bluetooth/lib/EFR32BG13P/GCC/libbluetooth.a(gatt_server.c.obj)
                0x0000000000012754                gatt_server_handle_read_multiple_req
 .text.gatt_server_handle_write_req