Archive member included to satisfy reference by file (symbol)

/Users/clfilho/SimplicityStudio/BLE/socThroughputBG13/protocol/bluetooth/lib/EFR32BG13P/GCC/libbluetooth.a(bgapi.c.obj)
                              ./main.o (gecko_rsp_msg_buf)
/Users/clfilho/SimplicityStudio/BLE/socThroughputBG13/protocol/bluetooth/lib/EFR32BG13P/GCC/libbluetooth.a(bgapi_endpoint.c.obj)
                              ./main.o (sli_bt_cmd_endpoint_close)
/Users/clfilho/SimplicityStudio/BLE/socThroughputBG13/protocol/bluetooth/lib/EFR32BG13P/GCC/libbluetooth.a(bgapi_gap.c.obj)
                              ./main.o (sli_bt_cmd_le_gap_set_mode)
/Users/clfilho/SimplicityStudio/BLE/socThroughputBG13/protocol/bluetooth/lib/EFR32BG13P/GCC/libbluetooth.a(bgapi_gatt.c.obj)
                              /Users/clfilho/SimplicityStudio/BLE/socThroughputBG13/protocol/bluetooth/lib/EFR32BG13P/GCC/libbluetooth.a(bgapi.c.obj) (bgapi_gatt_listener)
/Users/clfilho/SimplicityStudio/BLE/socThroughputBG13/protocol/bluetooth/lib/EFR32BG13P/GCC/libbluetooth.a(bgapi_gatt_lib.c.obj)
                              ./main.o (sli_bt_cmd_gatt_set_max_mtu)
/Users/clfilho/SimplicityStudio/BLE/socThroughputBG13/protocol/bluetooth/lib/EFR32BG13P/GCC/libbluetooth.a(bgapi_hardware.c.obj)
                              ./main.o (sli_bt_cmd_hardware_set_soft_timer)
/Users/clfilho/SimplicityStudio/BLE/socThroughputBG13/protocol/bluetooth/lib/EFR32BG13P/GCC/libbluetooth.a(bgapi_le_connection.c.obj)
                              ./main.o (sli_bt_cmd_le_connection_set_parameters)
/Users/clfilho/SimplicityStudio/BLE/socThroughputBG13/protocol/bluetooth/lib/EFR32BG13P/GCC/libbluetooth.a(bgapi_system.c.obj)
                              ./main.o (sli_bt_cmd_system_set_tx_power)
/Users/clfilho/SimplicityStudio/BLE/socThroughputBG13/protocol/bluetooth/lib/EFR32BG13P/GCC/libbluetooth.a(bgbuf.c.obj)
                              /Users/clfilho/SimplicityStudio/BLE/socThroughputBG13/protocol/bluetooth/lib/EFR32BG13P/GCC/libbluetooth.a(bgapi.c.obj) (bgbuf_chain_free)
/Users/clfilho/SimplicityStudio/BLE/socThroughputBG13/protocol/bluetooth/lib/EFR32BG13P/GCC/libbluetooth.a(bglib.c.obj)
                              ./main.o (gecko_stack_init)
/Users/clfilho/SimplicityStudio/BLE/socThroughputBG13/protocol/bluetooth/lib/EFR32BG13P/GCC/libbluetooth.a(btl_interface.c.obj)
                              /Users/clfilho/SimplicityStudio/BLE/socThroughputBG13/protocol/bluetooth/lib/EFR32BG13P/GCC/libbluetooth.a(bgapi.c.obj) (bootloader_getInfo)
/Users/clfilho/SimplicityStudio/BLE/socThroughputBG13/protocol/bluetooth/lib/EFR32BG13P/GCC/libbluetooth.a(efr32xg1x.c.obj)
                              /Users/clfilho/SimplicityStudio/BLE/socThroughputBG13/protocol/bluetooth/lib/EFR32BG13P/GCC/libbluetooth.a(bgapi_hardware.c.obj) (bg_hal_set_dcdc_enable)
/Users/clfilho/SimplicityStudio/BLE/socThroughputBG13/protocol/bluetooth/lib/EFR32BG13P/GCC/libbluetooth.a(gap.c.obj)
                              /Users/clfilho/SimplicityStudio/BLE/socThroughputBG13/protocol/bluetooth/lib/EFR32BG13P/GCC/libbluetooth.a(bglib.c.obj) (gap_reset_state)
/Users/clfilho/SimplicityStudio/BLE/socThroughputBG13/protocol/bluetooth/lib/EFR32BG13P/GCC/libbluetooth.a(gap_adv.c.obj)
                              /Users/clfilho/SimplicityStudio/BLE/socThroughputBG13/protocol/bluetooth/lib/EFR32BG13P/GCC/libbluetooth.a(gap.c.obj) (gap_set_advertising_timeout)
/Users/clfilho/SimplicityStudio/BLE/socThroughputBG13/protocol/bluetooth/lib/EFR32BG13P/GCC/libbluetooth.a(gap_deprecated.c.obj)
                              /Users/clfilho/SimplicityStudio/BLE/socThroughputBG13/protocol/bluetooth/lib/EFR32BG13P/GCC/libbluetooth.a(bgapi_gap.c.obj) (ubt_gap_set_adv_parameters)
/Users/clfilho/SimplicityStudio/BLE/socThroughputBG13/protocol/bluetooth/lib/EFR32BG13P/GCC/libbluetooth.a(gap_resolver.c.obj)
                              /Users/clfilho/SimplicityStudio/BLE/socThroughputBG13/protocol/bluetooth/lib/EFR32BG13P/GCC/libbluetooth.a(gap.c.obj) (gap_address_resolver_step)
/Users/clfilho/SimplicityStudio/BLE/socThroughputBG13/protocol/bluetooth/lib/EFR32BG13P/GCC/libbluetooth.a(gap_scan.c.obj)
                              /Users/clfilho/SimplicityStudio/BLE/socThroughputBG13/protocol/bluetooth/lib/EFR32BG13P/GCC/libbluetooth.a(gap.c.obj) (gap_status_set_scan_packet)
/Users/clfilho/SimplicityStudio/BLE/socThroughputBG13/protocol/bluetooth/lib/EFR32BG13P/GCC/libbluetooth.a(gatt.c.obj)
                              /Users/clfilho/SimplicityStudio/BLE/socThroughputBG13/protocol/bluetooth/lib/EFR32BG13P/GCC/libbluetooth.a(gap.c.obj) (gatt_init_connection)
/Users/clfilho/SimplicityStudio/BLE/socThroughputBG13/protocol/bluetooth/lib/EFR32BG13P/GCC/libbluetooth.a(gatt_client.c.obj)
                              /Users/clfilho/SimplicityStudio/BLE/socThroughputBG13/protocol/bluetooth/lib/EFR32BG13P/GCC/libbluetooth.a(bgapi_gatt_lib.c.obj) (gatt_client_init)
[...]
Memory Configuration

Name             Origin             Length             Attributes
FLASH_BOOTLOADER 0x000000000fe10000 0x0000000000004000 xr
FLASH            0x0000000000000000 0x000000000007f000 xr
RAM              0x0000000020000000 0x0000000000010000 xrw
*default*        0x0000000000000000 0xffffffffffffffff

Linker script and memory map

LOAD /Applications/Simplicity Studio.app/Contents/Eclipse/developer/toolchains/gnu_arm/7.2_2017q4/bin/../lib/gcc/arm-none-eabi/7.2.1/thumb/v7e-m/fpv4-sp/softfp/crti.o
LOAD /Applications/Simplicity Studio.app/Contents/Eclipse/developer/toolchains/gnu_arm/7.2_2017q4/bin/../lib/gcc/arm-none-eabi/7.2.1/thumb/v7e-m/fpv4-sp/softfp/crtbegin.o
LOAD /Applications/Simplicity Studio.app/Contents/Eclipse/developer/toolchains/gnu_arm/7.2_2017q4/bin/../lib/gcc/arm-none-eabi/7.2.1/../../../../arm-none-eabi/lib/thumb/v7e-m/fpv4-sp/softfp/crt0.o
START GROUP
LOAD ./app/bluetooth/common/util/infrastructure.o
LOAD ./application_properties.o
LOAD ./gatt_db.o
LOAD ./init_app.o
LOAD ./init_board_efr32xg1.o
LOAD ./init_mcu_efr32xg1.o
LOAD ./main.o
LOAD ./pti.o
LOAD ./hardware/kit/common/bsp/bsp_stk.o
LOAD ./hardware/kit/common/drivers/mx25flash_spi.o
LOAD ./lcd-graphics/bmp.o
LOAD ./lcd-graphics/display.o
LOAD ./lcd-graphics/displayls013b7dh03.o
LOAD ./lcd-graphics/displaypalemlib.o
LOAD ./lcd-graphics/dmd_display.o
LOAD ./lcd-graphics/glib.o
LOAD ./lcd-graphics/glib_bitmap.o
LOAD ./lcd-graphics/glib_circle.o
LOAD ./lcd-graphics/glib_font_narrow_6x8.o
LOAD ./lcd-graphics/glib_font_normal_8x8.o
LOAD ./lcd-graphics/glib_font_number_16x20.o
LOAD ./lcd-graphics/glib_line.o
LOAD ./lcd-graphics/glib_polygon.o
LOAD ./lcd-graphics/glib_rectangle.o
LOAD ./lcd-graphics/glib_string.o
LOAD ./lcd-graphics/graphics.o
LOAD ./lcd-graphics/udelay.o
LOAD ./platform/Device/SiliconLabs/EFR32BG13P/Source/GCC/startup_efr32bg13p.o
LOAD ./platform/Device/SiliconLabs/EFR32BG13P/Source/system_efr32bg13p.o
LOAD ./platform/emdrv/gpiointerrupt/src/gpiointerrupt.o
LOAD ./platform/emdrv/sleep/src/sleep.o
LOAD ./platform/emlib/src/em_assert.o
LOAD ./platform/emlib/src/em_cmu.o
LOAD ./platform/emlib/src/em_core.o
LOAD ./platform/emlib/src/em_cryotimer.o
LOAD ./platform/emlib/src/em_crypto.o
LOAD ./platform/emlib/src/em_emu.o
LOAD ./platform/emlib/src/em_gpio.o
LOAD ./platform/emlib/src/em_i2c.o
LOAD ./platform/emlib/src/em_msc.o
LOAD ./platform/emlib/src/em_rmu.o
LOAD ./platform/emlib/src/em_rtcc.o
LOAD ./platform/emlib/src/em_se.o
LOAD ./platform/emlib/src/em_system.o
LOAD ./platform/emlib/src/em_timer.o
LOAD ./platform/emlib/src/em_usart.o
LOAD /Users/clfilho/SimplicityStudio/BLE/socThroughputBG13/protocol/bluetooth/lib/EFR32BG13P/GCC/binapploader.o
LOAD /Users/clfilho/SimplicityStudio/BLE/socThroughputBG13/protocol/bluetooth/lib/EFR32BG13P/GCC/libpsstore.a
LOAD /Users/clfilho/SimplicityStudio/BLE/socThroughputBG13/protocol/bluetooth/lib/EFR32BG13P/GCC/libbluetooth.a
LOAD /Users/clfilho/SimplicityStudio/BLE/socThroughputBG13/platform/radio/rail_lib/autogen/librail_release/librail_efr32xg13_gcc_release.a
LOAD /Users/clfilho/SimplicityStudio/BLE/socThroughputBG13/protocol/bluetooth/lib/EFR32BG13P/GCC/libmbedtls.a
LOAD /Applications/Simplicity Studio.app/Contents/Eclipse/developer/toolchains/gnu_arm/7.2_2017q4/bin/../lib/gcc/arm-none-eabi/7.2.1/../../../../arm-none-eabi/lib/thumb/v7e-m/fpv4-sp/softfp/libm.a
END GROUP
START GROUP
LOAD /Applications/Simplicity Studio.app/Contents/Eclipse/developer/toolchains/gnu_arm/7.2_2017q4/bin/../lib/gcc/arm-none-eabi/7.2.1/thumb/v7e-m/fpv4-sp/softfp/libgcc.a
LOAD /Applications/Simplicity Studio.app/Contents/Eclipse/developer/toolchains/gnu_arm/7.2_2017q4/bin/../lib/gcc/arm-none-eabi/7.2.1/../../../../arm-none-eabi/lib/thumb/v7e-m/fpv4-sp/softfp/libc_nano.a
LOAD /Applications/Simplicity Studio.app/Contents/Eclipse/developer/toolchains/gnu_arm/7.2_2017q4/bin/../lib/gcc/arm-none-eabi/7.2.1/../../../../arm-none-eabi/lib/thumb/v7e-m/fpv4-sp/softfp/libnosys.a
END GROUP
START GROUP
LOAD /Applications/Simplicity Studio.app/Contents/Eclipse/developer/toolchains/gnu_arm/7.2_2017q4/bin/../lib/gcc/arm-none-eabi/7.2.1/thumb/v7e-m/fpv4-sp/softfp/libgcc.a
LOAD /Applications/Simplicity Studio.app/Contents/Eclipse/developer/toolchains/gnu_arm/7.2_2017q4/bin/../lib/gcc/arm-none-eabi/7.2.1/../../../../arm-none-eabi/lib/thumb/v7e-m/fpv4-sp/softfp/libg_nano.a
LOAD /Applications/Simplicity Studio.app/Contents/Eclipse/developer/toolchains/gnu_arm/7.2_2017q4/bin/../lib/gcc/arm-none-eabi/7.2.1/../../../../arm-none-eabi/lib/thumb/v7e-m/fpv4-sp/softfp/libc_nano.a
END GROUP
START GROUP
LOAD /Applications/Simplicity Studio.app/Contents/Eclipse/developer/toolchains/gnu_arm/7.2_2017q4/bin/../lib/gcc/arm-none-eabi/7.2.1/thumb/v7e-m/fpv4-sp/softfp/libgcc.a
LOAD /Applications/Simplicity Studio.app/Contents/Eclipse/developer/toolchains/gnu_arm/7.2_2017q4/bin/../lib/gcc/arm-none-eabi/7.2.1/../../../../arm-none-eabi/lib/thumb/v7e-m/fpv4-sp/softfp/libc_nano.a
END GROUP
LOAD /Applications/Simplicity Studio.app/Contents/Eclipse/developer/toolchains/gnu_arm/7.2_2017q4/bin/../lib/gcc/arm-none-eabi/7.2.1/thumb/v7e-m/fpv4-sp/softfp/crtend.o
LOAD /Applications/Simplicity Studio.app/Contents/Eclipse/developer/toolchains/gnu_arm/7.2_2017q4/bin/../lib/gcc/arm-none-eabi/7.2.1/thumb/v7e-m/fpv4-sp/softfp/crtn.o

.text_bootloader
                0x000000000fe10000        0x0
 *(.binbootloader*)
                0x000000000fe10000                . = ALIGN (0x4000)

.text_apploader
                0x0000000000000000     0x8fc0
 *(.binapploader*)
 .binapploader  0x0000000000000000     0x8fc0 /Users/clfilho/SimplicityStudio/BLE/socThroughputBG13/protocol/bluetooth/lib/EFR32BG13P/GCC/binapploader.o

.text_signature
                0x0000000000008fc0       0x40
                0x0000000000009000                . = ALIGN (0x800)
 *fill*         0x0000000000008fc0       0x40 
                0x0000000000009000                __text_start__ = .

.text_application
                0x0000000000009000    0x25d64
 *(.vectors)
 .vectors       0x0000000000009000       0xfc ./platform/Device/SiliconLabs/EFR32BG13P/Source/GCC/startup_efr32bg13p.o
                0x0000000000009000                __Vectors
                0x00000000000090fc                __Vectors_End = .
                0x00000000000000fc                __Vectors_Size = (__Vectors_End - __Vectors)
                0x00000000000090fc                __end__ = .
 *(.application_properties)
 .application_properties
                0x00000000000090fc       0x38 ./application_properties.o
                0x00000000000090fc                applicationProperties
 *(.gecko_configuration)
 *(.xo_configuration)
 *(.gatt_header)
 .gatt_header   0x0000000000009134       0x34 ./gatt_db.o
                0x0000000000009134                bg_gattdb_data
 *(.gatt_data)
 .gatt_data     0x0000000000009168      0x38e ./gatt_db.o
                0x0000000000009168                bg_gattdb_data_adv_uuid128_map
                0x000000000000916c                bg_gattdb_data_adv_uuid16_map
                0x0000000000009170                bg_gattdb_data_attributes_dynamic_mapping_map
                0x0000000000009180                bg_gattdb_data_attributes_map
                0x0000000000009300                bg_gattdb_data_attribute_field_0
                0x0000000000009304                bg_gattdb_data_attribute_field_1
                0x000000000000930c                bg_gattdb_data_attribute_field_2
                0x0000000000009314                bg_gattdb_data_attribute_field_4
                0x0000000000009318                bg_gattdb_data_attribute_field_5
                0x0000000000009320                bg_gattdb_data_attribute_field_6
                0x0000000000009328                bg_gattdb_data_attribute_field_7
                0x0000000000009330                bg_gattdb_data_attribute_field_8
                0x0000000000009334                bg_gattdb_data_attribute_field_9
                0x0000000000009338                bg_gattdb_data_attribute_field_10
                0x0000000000009340                bg_gattdb_data_attribute_field_11
                0x0000000000009350                bg_gattdb_data_attribute_field_12
                0x0000000000009358                bg_gattdb_data_attribute_field_13
                0x0000000000009364                bg_gattdb_data_attribute_field_14
                0x000000000000936c                bg_gattdb_data_attribute_field_15
                0x0000000000009374                bg_gattdb_data_attribute_field_16
                0x0000000000009388                bg_gattdb_data_attribute_field_17
                0x00000000000093a0                bg_gattdb_data_attribute_field_18
                0x00000000000093a8                bg_gattdb_data_attribute_field_19
                0x00000000000093bc                bg_gattdb_data_attribute_field_20
                0x00000000000093d4                bg_gattdb_data_attribute_field_21
                0x00000000000093dc                bg_gattdb_data_attribute_field_23
                0x00000000000093f4                bg_gattdb_data_attribute_field_24
                0x00000000000093fc                bg_gattdb_data_attribute_field_26
                0x0000000000009414                bg_gattdb_data_attribute_field_27
                0x000000000000941c                bg_gattdb_data_attribute_field_28
                0x0000000000009434                bg_gattdb_data_attribute_field_29
                0x000000000000943c                bg_gattdb_data_attribute_field_30
                0x0000000000009454                bg_gattdb_data_attribute_field_31
                0x000000000000945c                bg_gattdb_data_uuidtable_128_map
                0x00000000000094dc                bg_gattdb_data_uuidtable_16_map
 *(.text*)
 *fill*         0x00000000000094f6        0x2 
 .text          0x00000000000094f8       0x40 /Applications/Simplicity Studio.app/Contents/Eclipse/developer/toolchains/gnu_arm/7.2_2017q4/bin/../lib/gcc/arm-none-eabi/7.2.1/thumb/v7e-m/fpv4-sp/softfp/crtbegin.o
 .text          0x0000000000009538       0x74 /Applications/Simplicity Studio.app/Contents/Eclipse/developer/toolchains/gnu_arm/7.2_2017q4/bin/../lib/gcc/arm-none-eabi/7.2.1/../../../../arm-none-eabi/lib/thumb/v7e-m/fpv4-sp/softfp/crt0.o
                0x0000000000009538                _mainCRTStartup
                0x0000000000009538                _start
 .text.initApp  0x00000000000095ac       0x24 ./init_app.o
                0x00000000000095ac                initApp
 .text.initBoard
                0x00000000000095d0       0x48 ./init_board_efr32xg1.o
                0x00000000000095d0                initBoard
 .text.initMcu  0x0000000000009618      0x120 ./init_mcu_efr32xg1.o
                0x0000000000009618                initMcu
 .text.handle_button_change
                0x0000000000009738       0x60 ./main.o
                0x0000000000009738                handle_button_change
 .text.displayRefresh
                0x0000000000009798       0xc0 ./main.o
                0x0000000000009798                displayRefresh
 .text.process_scan_response
                0x0000000000009858       0x54 ./main.o
                0x0000000000009858                process_scan_response
 .text.dataTransmissionStart
                0x00000000000098ac       0x94 ./main.o
                0x00000000000098ac                dataTransmissionStart
 .text.dataTransmissionEnd
                0x0000000000009940       0xf4 ./main.o
                0x0000000000009940                dataTransmissionEnd
 .text.startup.main
                0x0000000000009a34     0x1260 ./main.o
                0x0000000000009a34                main
 .text.configEnablePti
                0x000000000000ac94       0x30 ./pti.o
                0x000000000000ac94                configEnablePti
 .text.MX25_init
                0x000000000000acc4       0xa4 ./hardware/kit/common/drivers/mx25flash_spi.o
                0x000000000000acc4                MX25_init
 .text.MX25_DP  0x000000000000ad68       0x60 ./hardware/kit/common/drivers/mx25flash_spi.o
                0x000000000000ad68                MX25_DP
 .text.DISPLAY_Init
                0x000000000000adc8       0x34 ./lcd-graphics/display.o
                0x000000000000adc8                DISPLAY_Init
 .text.DISPLAY_DeviceGet
                0x000000000000adfc       0x5c ./lcd-graphics/display.o
                0x000000000000adfc                DISPLAY_DeviceGet
 .text.DISPLAY_DeviceRegister
                0x000000000000ae58       0x64 ./lcd-graphics/display.o
                0x000000000000ae58                DISPLAY_DeviceRegister
 .text.DisplayPolarityInverse
                0x000000000000aebc        0x4 ./lcd-graphics/displayls013b7dh03.o
 .text.PixelMatrixAllocate
                0x000000000000aec0       0x40 ./lcd-graphics/displayls013b7dh03.o
 .text.PixelMatrixFree
                0x000000000000af00        0x8 ./lcd-graphics/displayls013b7dh03.o
 .text.DriverRefresh
                0x000000000000af08       0x10 ./lcd-graphics/displayls013b7dh03.o
 .text.PixelMatrixClear
                0x000000000000af18       0x1c ./lcd-graphics/displayls013b7dh03.o
 .text.PixelMatrixDraw
                0x000000000000af34       0x90 ./lcd-graphics/displayls013b7dh03.o
 .text.DisplayEnable
                0x000000000000afc4       0x1c ./lcd-graphics/displayls013b7dh03.o
 .text.DISPLAY_Ls013b7dh03Init
                0x000000000000afe0       0xe8 ./lcd-graphics/displayls013b7dh03.o
                0x000000000000afe0                DISPLAY_Ls013b7dh03Init
 .text.PAL_SpiInit
                0x000000000000b0c8       0x50 ./lcd-graphics/displaypalemlib.o
                0x000000000000b0c8                PAL_SpiInit
 .text.PAL_SpiTransmit
                0x000000000000b118       0x50 ./lcd-graphics/displaypalemlib.o
                0x000000000000b118                PAL_SpiTransmit
 .text.PAL_TimerInit
                0x000000000000b168        0xc ./lcd-graphics/displaypalemlib.o
                0x000000000000b168                PAL_TimerInit
 .text.PAL_TimerMicroSecondsDelay
                0x000000000000b174        0xc ./lcd-graphics/displaypalemlib.o
                0x000000000000b174                PAL_TimerMicroSecondsDelay
 .text.PAL_TimerRepeat
                0x000000000000b180       0x18 ./lcd-graphics/displaypalemlib.o
                0x000000000000b180                PAL_TimerRepeat
 .text.PAL_GpioInit
                0x000000000000b198       0x14 ./lcd-graphics/displaypalemlib.o
                0x000000000000b198                PAL_GpioInit
 .text.PAL_GpioPinModeSet
                0x000000000000b1ac       0x1c ./lcd-graphics/displaypalemlib.o
                0x000000000000b1ac                PAL_GpioPinModeSet
 .text.PAL_GpioPinOutSet
                0x000000000000b1c8       0x1c ./lcd-graphics/displaypalemlib.o
                0x000000000000b1c8                PAL_GpioPinOutSet
 .text.PAL_GpioPinOutClear
                0x000000000000b1e4       0x1c ./lcd-graphics/displaypalemlib.o
                0x000000000000b1e4                PAL_GpioPinOutClear
 .text.DMD_writeColor.part.0
                0x000000000000b200      0x18c ./lcd-graphics/dmd_display.o
 .text.DMD_getDisplayGeometry
                0x000000000000b38c       0x1c ./lcd-graphics/dmd_display.o
                0x000000000000b38c                DMD_getDisplayGeometry
 .text.DMD_setClippingArea
                0x000000000000b3a8       0x48 ./lcd-graphics/dmd_display.o
                0x000000000000b3a8                DMD_setClippingArea
 .text.DMD_writeColor
                0x000000000000b3f0       0x20 ./lcd-graphics/dmd_display.o
                0x000000000000b3f0                DMD_writeColor
 .text.DMD_allocateFramebuffer
                0x000000000000b410       0x3c ./lcd-graphics/dmd_display.o
                0x000000000000b410                DMD_allocateFramebuffer
 .text.DMD_init
                0x000000000000b44c       0x78 ./lcd-graphics/dmd_display.o
                0x000000000000b44c                DMD_init
 .text.DMD_updateDisplay
                0x000000000000b4c4       0xbc ./lcd-graphics/dmd_display.o
                0x000000000000b4c4                DMD_updateDisplay
 .text.GLIB_resetDisplayClippingArea
                0x000000000000b580       0x14 ./lcd-graphics/glib.o
                0x000000000000b580                GLIB_resetDisplayClippingArea
 .text.GLIB_clear
                0x000000000000b594       0x44 ./lcd-graphics/glib.o
                0x000000000000b594                GLIB_clear
 .text.GLIB_applyClippingRegion
                0x000000000000b5d8       0x20 ./lcd-graphics/glib.o
                0x000000000000b5d8                GLIB_applyClippingRegion
 .text.GLIB_setClippingRegion
                0x000000000000b5f8       0x50 ./lcd-graphics/glib.o
                0x000000000000b5f8                GLIB_setClippingRegion
 .text.GLIB_contextInit
                0x000000000000b648       0x5c ./lcd-graphics/glib.o
                0x000000000000b648                GLIB_contextInit
 .text.GLIB_drawPixel
                0x000000000000b6a4       0x3c ./lcd-graphics/glib.o
                0x000000000000b6a4                GLIB_drawPixel
 .text.GLIB_drawPixelColor
                0x000000000000b6e0       0x3c ./lcd-graphics/glib.o
                0x000000000000b6e0                GLIB_drawPixelColor
 .text.GLIB_rectContainsPoint
                0x000000000000b71c       0x24 ./lcd-graphics/glib_rectangle.o
                0x000000000000b71c                GLIB_rectContainsPoint
 .text.GLIB_drawChar.part.0
                0x000000000000b740      0x174 ./lcd-graphics/glib_string.o
 .text.GLIB_drawString
                0x000000000000b8b4       0xa4 ./lcd-graphics/glib_string.o
                0x000000000000b8b4                GLIB_drawString
 .text.GLIB_setFont
                0x000000000000b958       0x30 ./lcd-graphics/glib_string.o
                0x000000000000b958                GLIB_setFont
 .text.GRAPHICS_Init
                0x000000000000b988       0x3c ./lcd-graphics/graphics.o
                0x000000000000b988                GRAPHICS_Init
 .text.GRAPHICS_Update
                0x000000000000b9c4        0x4 ./lcd-graphics/graphics.o
                0x000000000000b9c4                GRAPHICS_Update
 .text.GRAPHICS_Clear
                0x000000000000b9c8       0x24 ./lcd-graphics/graphics.o
                0x000000000000b9c8                GRAPHICS_Clear
 .text.GRAPHICS_AppendString
                0x000000000000b9ec       0x44 ./lcd-graphics/graphics.o
                0x000000000000b9ec                GRAPHICS_AppendString
 .text.rtcIntCallbackRegister
                0x000000000000ba30        0x4 ./lcd-graphics/graphics.o
                0x000000000000ba30                rtcIntCallbackRegister
 .text.UDELAY_Calibrate
                0x000000000000ba34      0x1ac ./lcd-graphics/udelay.o
                0x000000000000ba34                UDELAY_Calibrate
 .text.UDELAY_Delay
                0x000000000000bbe0       0x28 ./lcd-graphics/udelay.o
                0x000000000000bbe0                UDELAY_Delay
 .text.Default_Handler
                0x000000000000bc08        0x4 ./platform/Device/SiliconLabs/EFR32BG13P/Source/GCC/startup_efr32bg13p.o
                0x000000000000bc08                IDAC0_IRQHandler
                0x000000000000bc08                USART0_TX_IRQHandler
                0x000000000000bc08                I2C0_IRQHandler
                0x000000000000bc08                HardFault_Handler
                0x000000000000bc08                SysTick_Handler
                0x000000000000bc08                USART1_RX_IRQHandler
                0x000000000000bc08                PendSV_Handler
                0x000000000000bc08                NMI_Handler
                0x000000000000bc08                I2C1_IRQHandler
                0x000000000000bc08                WTIMER0_IRQHandler
                0x000000000000bc08                CRYPTO0_IRQHandler
                0x000000000000bc08                WDOG0_IRQHandler
                0x000000000000bc08                USART1_TX_IRQHandler
                0x000000000000bc08                SMU_IRQHandler
                0x000000000000bc08                MSC_IRQHandler
                0x000000000000bc08                ADC0_IRQHandler
                0x000000000000bc08                UsageFault_Handler
                0x000000000000bc08                WDOG1_IRQHandler
                0x000000000000bc08                LEUART0_IRQHandler
                0x000000000000bc08                FPUEH_IRQHandler
                0x000000000000bc08                VDAC0_IRQHandler
                0x000000000000bc08                LDMA_IRQHandler
                0x000000000000bc08                CSEN_IRQHandler
                0x000000000000bc08                CRYPTO1_IRQHandler
                0x000000000000bc08                TIMER0_IRQHandler
                0x000000000000bc08                LETIMER0_IRQHandler
                0x000000000000bc08                TIMER1_IRQHandler
                0x000000000000bc08                TRNG0_IRQHandler
                0x000000000000bc08                USART2_RX_IRQHandler
                0x000000000000bc08                Default_Handler
                0x000000000000bc08                EMU_IRQHandler
                0x000000000000bc08                CRYOTIMER_IRQHandler
                0x000000000000bc08                PCNT0_IRQHandler
                0x000000000000bc08                ACMP0_IRQHandler
                0x000000000000bc08                USART0_RX_IRQHandler
                0x000000000000bc08                MemManage_Handler
                0x000000000000bc08                SVC_Handler
                0x000000000000bc08                RTCC_IRQHandler
                0x000000000000bc08                CMU_IRQHandler
                0x000000000000bc08                LESENSE_IRQHandler
                0x000000000000bc08                BusFault_Handler
                0x000000000000bc08                USART2_TX_IRQHandler
                0x000000000000bc08                DebugMon_Handler
 .text.Reset_Handler
                0x000000000000bc0c       0x2c ./platform/Device/SiliconLabs/EFR32BG13P/Source/GCC/startup_efr32bg13p.o
                0x000000000000bc0c                Reset_Handler
 .text.SystemMaxCoreClockGet
                0x000000000000bc38        0x8 ./platform/Device/SiliconLabs/EFR32BG13P/Source/system_efr32bg13p.o
                0x000000000000bc38                SystemMaxCoreClockGet
 .text.SystemHFClockGet
                0x000000000000bc40       0x50 ./platform/Device/SiliconLabs/EFR32BG13P/Source/system_efr32bg13p.o
                0x000000000000bc40                SystemHFClockGet
 .text.SystemCoreClockGet
                0x000000000000bc90       0x24 ./platform/Device/SiliconLabs/EFR32BG13P/Source/system_efr32bg13p.o
                0x000000000000bc90                SystemCoreClockGet
 .text.SystemHFXOClockGet
                0x000000000000bcb4        0xc ./platform/Device/SiliconLabs/EFR32BG13P/Source/system_efr32bg13p.o
                0x000000000000bcb4                SystemHFXOClockGet
 .text.SystemHFXOClockSet
                0x000000000000bcc0       0x3c ./platform/Device/SiliconLabs/EFR32BG13P/Source/system_efr32bg13p.o
                0x000000000000bcc0                SystemHFXOClockSet
 .text.SystemInit
                0x000000000000bcfc       0x1c ./platform/Device/SiliconLabs/EFR32BG13P/Source/system_efr32bg13p.o
                0x000000000000bcfc                SystemInit
 .text.SystemLFRCOClockGet
                0x000000000000bd18        0x8 ./platform/Device/SiliconLabs/EFR32BG13P/Source/system_efr32bg13p.o
                0x000000000000bd18                SystemLFRCOClockGet
 .text.SystemULFRCOClockGet
                0x000000000000bd20        0x8 ./platform/Device/SiliconLabs/EFR32BG13P/Source/system_efr32bg13p.o
                0x000000000000bd20                SystemULFRCOClockGet
 .text.SystemLFXOClockGet
                0x000000000000bd28        0xc ./platform/Device/SiliconLabs/EFR32BG13P/Source/system_efr32bg13p.o
                0x000000000000bd28                SystemLFXOClockGet
 .text.SystemLFXOClockSet
                0x000000000000bd34       0x3c ./platform/Device/SiliconLabs/EFR32BG13P/Source/system_efr32bg13p.o
                0x000000000000bd34                SystemLFXOClockSet
 .text.GPIOINT_Init
                0x000000000000bd70       0x1c ./platform/emdrv/gpiointerrupt/src/gpiointerrupt.o
                0x000000000000bd70                GPIOINT_Init
 .text.GPIOINT_CallbackRegister
                0x000000000000bd8c       0x1c ./platform/emdrv/gpiointerrupt/src/gpiointerrupt.o
                0x000000000000bd8c                GPIOINT_CallbackRegister
 .text.GPIO_EVEN_IRQHandler
                0x000000000000bda8       0x44 ./platform/emdrv/gpiointerrupt/src/gpiointerrupt.o
                0x000000000000bda8                GPIO_EVEN_IRQHandler
 .text.GPIO_ODD_IRQHandler
                0x000000000000bdec       0x44 ./platform/emdrv/gpiointerrupt/src/gpiointerrupt.o
                0x000000000000bdec                GPIO_ODD_IRQHandler
 .text.sleepCallbackWrapper
                0x000000000000be30       0x14 ./platform/emdrv/sleep/src/sleep.o
 .text.enterEMx
                0x000000000000be44       0x54 ./platform/emdrv/sleep/src/sleep.o
 .text.SLEEP_Init
                0x000000000000be98       0x40 ./platform/emdrv/sleep/src/sleep.o
                0x000000000000be98                SLEEP_Init
 .text.SLEEP_Sleep
                0x000000000000bed8       0x70 ./platform/emdrv/sleep/src/sleep.o
                0x000000000000bed8                SLEEP_Sleep
 .text.SLEEP_SleepBlockBegin
                0x000000000000bf48       0x18 ./platform/emdrv/sleep/src/sleep.o
                0x000000000000bf48                SLEEP_SleepBlockBegin
 .text.SLEEP_SleepBlockEnd
                0x000000000000bf60       0x1c ./platform/emdrv/sleep/src/sleep.o
                0x000000000000bf60                SLEEP_SleepBlockEnd
 .text.SLEEP_LowestEnergyModeGet
                0x000000000000bf7c       0x1c ./platform/emdrv/sleep/src/sleep.o
                0x000000000000bf7c                SLEEP_LowestEnergyModeGet
 .text.flashWaitStateControl
                0x000000000000bf98       0x5c ./platform/emlib/src/em_cmu.o
 .text.flashWaitStateMax
                0x000000000000bff4       0x24 ./platform/emlib/src/em_cmu.o
 .text.CMU_OscillatorTuningSet.part.2
                0x000000000000c018       0x3c ./platform/emlib/src/em_cmu.o
 .text.CMU_UpdateWaitStates
                0x000000000000c054       0x1c ./platform/emlib/src/em_cmu.o
                0x000000000000c054                CMU_UpdateWaitStates
 .text.CMU_ClockEnable
                0x000000000000c070       0x94 ./platform/emlib/src/em_cmu.o
                0x000000000000c070                CMU_ClockEnable
 .text.CMU_ClockPrescGet
                0x000000000000c104       0xd0 ./platform/emlib/src/em_cmu.o
                0x000000000000c104                CMU_ClockPrescGet
 .text.CMU_ClockDivGet
                0x000000000000c1d4        0xc ./platform/emlib/src/em_cmu.o
                0x000000000000c1d4                CMU_ClockDivGet
 .text.CMU_ClockSelectGet
                0x000000000000c1e0       0xc4 ./platform/emlib/src/em_cmu.o
                0x000000000000c1e0                CMU_ClockSelectGet
 .text.lfClkGet
                0x000000000000c2a4       0x94 ./platform/emlib/src/em_cmu.o
 .text.CMU_ClockFreqGet
                0x000000000000c338      0x1a8 ./platform/emlib/src/em_cmu.o
                0x000000000000c338                CMU_ClockFreqGet
 .text.CMU_ClockPrescSet
                0x000000000000c4e0      0x288 ./platform/emlib/src/em_cmu.o
                0x000000000000c4e0                CMU_ClockPrescSet
 .text.CMU_ClockDivSet
                0x000000000000c768        0x8 ./platform/emlib/src/em_cmu.o
                0x000000000000c768                CMU_ClockDivSet
 .text.CMU_HFXOInit
                0x000000000000c770       0x84 ./platform/emlib/src/em_cmu.o
                0x000000000000c770                CMU_HFXOInit
 .text.CMU_LFXOInit
                0x000000000000c7f4       0x50 ./platform/emlib/src/em_cmu.o
                0x000000000000c7f4                CMU_LFXOInit
 .text.CMU_OscillatorTuningWait
                0x000000000000c844       0x48 ./platform/emlib/src/em_cmu.o
                0x000000000000c844                CMU_OscillatorTuningWait
 .text.CMU_OscillatorEnable
                0x000000000000c88c      0x110 ./platform/emlib/src/em_cmu.o
                0x000000000000c88c                CMU_OscillatorEnable
 .text.CMU_ClockSelectSet
                0x000000000000c99c      0x2a8 ./platform/emlib/src/em_cmu.o
                0x000000000000c99c                CMU_ClockSelectSet
 .text.CMU_HFXOAutostartEnable
                0x000000000000cc44       0xe4 ./platform/emlib/src/em_cmu.o
                0x000000000000cc44                CMU_HFXOAutostartEnable
 .text.CORE_EnterCritical
                0x000000000000cd28        0x8 ./platform/emlib/src/em_core.o
                0x000000000000cd28                CORE_EnterCritical
 .text.CORE_ExitCritical
                0x000000000000cd30        0x8 ./platform/emlib/src/em_core.o
                0x000000000000cd30                CORE_ExitCritical
 .text.CORE_EnterAtomic
                0x000000000000cd38        0x8 ./platform/emlib/src/em_core.o
                0x000000000000cd38                CORE_EnterAtomic
 .text.CORE_ExitAtomic
                0x000000000000cd40        0x4 ./platform/emlib/src/em_core.o
                0x000000000000cd40                CORE_ExitAtomic
 .text.CORE_SetNvicRamTableHandler
                0x000000000000cd44       0x10 ./platform/emlib/src/em_core.o
                0x000000000000cd44                CORE_SetNvicRamTableHandler
 .text.CORE_InitNvicVectorTable
                0x000000000000cd54       0x44 ./platform/emlib/src/em_core.o
                0x000000000000cd54                CORE_InitNvicVectorTable
 .text.CRYPTO_ModulusSet
                0x000000000000cd98       0x38 ./platform/emlib/src/em_crypto.o
                0x000000000000cd98                CRYPTO_ModulusSet
 .text.CRYPTO_KeyRead
                0x000000000000cdd0       0x2c ./platform/emlib/src/em_crypto.o
                0x000000000000cdd0                CRYPTO_KeyRead
 .text.lpGetDevinfoVrefLowHigh
                0x000000000000cdfc       0xdc ./platform/emlib/src/em_emu.o
 .text.vScaleDownEM23Setup
                0x000000000000ced8       0x30 ./platform/emlib/src/em_emu.o
 .text.vScaleAfterWakeup.part.1
                0x000000000000cf08       0x20 ./platform/emlib/src/em_emu.o
 .text.lpCmpHystCalibrationLoad.isra.2
                0x000000000000cf28       0x60 ./platform/emlib/src/em_emu.o
 .text.emState.part.3
                0x000000000000cf88       0xc0 ./platform/emlib/src/em_emu.o
 .text.emState.constprop.5
                0x000000000000d048       0x50 ./platform/emlib/src/em_emu.o
 .text.EMU_EnterEM2
                0x000000000000d098       0x4c ./platform/emlib/src/em_emu.o
                0x000000000000d098                EMU_EnterEM2
 .text.EMU_EnterEM3
                0x000000000000d0e4       0x68 ./platform/emlib/src/em_emu.o
                0x000000000000d0e4                EMU_EnterEM3
 .text.EMU_Save
                0x000000000000d14c        0x4 ./platform/emlib/src/em_emu.o
                0x000000000000d14c                EMU_Save
 .text.EMU_Restore
                0x000000000000d150        0x4 ./platform/emlib/src/em_emu.o
                0x000000000000d150                EMU_Restore
 .text.EMU_EnterEM4
                0x000000000000d154       0x30 ./platform/emlib/src/em_emu.o
                0x000000000000d154                EMU_EnterEM4
 .text.EMU_VScaleEM01
                0x000000000000d184       0x78 ./platform/emlib/src/em_emu.o
                0x000000000000d184                EMU_VScaleEM01
 .text.EMU_VScaleEM01ByClock
                0x000000000000d1fc       0x50 ./platform/emlib/src/em_emu.o
                0x000000000000d1fc                EMU_VScaleEM01ByClock
 .text.EMU_EM01Init
                0x000000000000d24c       0x14 ./platform/emlib/src/em_emu.o
                0x000000000000d24c                EMU_EM01Init
 .text.EMU_EM23Init
                0x000000000000d260       0x24 ./platform/emlib/src/em_emu.o
                0x000000000000d260                EMU_EM23Init
 .text.EMU_DCDCModeSet
                0x000000000000d284       0x84 ./platform/emlib/src/em_emu.o
                0x000000000000d284                EMU_DCDCModeSet
 .text.EMU_DCDCOutputVoltageSet
                0x000000000000d308      0x16c ./platform/emlib/src/em_emu.o
                0x000000000000d308                EMU_DCDCOutputVoltageSet
 .text.EMU_DCDCOptimizeSlice
                0x000000000000d474       0xf8 ./platform/emlib/src/em_emu.o
                0x000000000000d474                EMU_DCDCOptimizeSlice
 .text.EMU_DCDCInit
                0x000000000000d56c      0x10c ./platform/emlib/src/em_emu.o
                0x000000000000d56c                EMU_DCDCInit
 .text.EMU_DCDCLnRcoBandSet
                0x000000000000d678       0x24 ./platform/emlib/src/em_emu.o
                0x000000000000d678                EMU_DCDCLnRcoBandSet
 .text.GPIO_ExtIntConfig
                0x000000000000d69c       0xa8 ./platform/emlib/src/em_gpio.o
                0x000000000000d69c                GPIO_ExtIntConfig
 .text.GPIO_PinModeSet
                0x000000000000d744       0x94 ./platform/emlib/src/em_gpio.o
                0x000000000000d744                GPIO_PinModeSet
 .text.MSC_Init
                0x000000000000d7d8       0x20 ./platform/emlib/src/em_msc.o
                0x000000000000d7d8                MSC_Init
 .text.MSC_Deinit
                0x000000000000d7f8       0x14 ./platform/emlib/src/em_msc.o
                0x000000000000d7f8                MSC_Deinit
 .text.RMU_ResetCauseClear
                0x000000000000d80c        0xc ./platform/emlib/src/em_rmu.o
                0x000000000000d80c                RMU_ResetCauseClear
 .text.RMU_ResetCauseGet
                0x000000000000d818       0x60 ./platform/emlib/src/em_rmu.o
                0x000000000000d818                RMU_ResetCauseGet
 .text.RTCC_Enable
                0x000000000000d878        0xc ./platform/emlib/src/em_rtcc.o
                0x000000000000d878                RTCC_Enable
 .text.RTCC_Init
                0x000000000000d884       0x64 ./platform/emlib/src/em_rtcc.o
                0x000000000000d884                RTCC_Init
 .text.SYSTEM_ChipRevisionGet
                0x000000000000d8e8       0x34 ./platform/emlib/src/em_system.o
                0x000000000000d8e8                SYSTEM_ChipRevisionGet
 .text.USART_InitSync
                0x000000000000d91c       0xe0 ./platform/emlib/src/em_usart.o
                0x000000000000d91c                USART_InitSync
 .text.USART_Reset
                0x000000000000d9fc       0x58 ./platform/emlib/src/em_usart.o
                0x000000000000d9fc                USART_Reset
 .text.USART_SpiTransfer
                0x000000000000da54       0x14 ./platform/emlib/src/em_usart.o
                0x000000000000da54                USART_SpiTransfer
 .text.USART_Tx
                0x000000000000da68        0xc ./platform/emlib/src/em_usart.o
                0x000000000000da68                USART_Tx
 .text.USART_TxDouble
                0x000000000000da74        0xc ./platform/emlib/src/em_usart.o
                0x000000000000da74                USART_TxDouble
 .text.convert_scan_respone_packet_type.isra.0
                0x000000000000da80       0x44 /Users/clfilho/SimplicityStudio/BLE/socThroughputBG13/protocol/bluetooth/lib/EFR32BG13P/GCC/libbluetooth.a(bgapi.c.obj)
 .text.bgapi_ubt_listener
                0x000000000000dac4      0x3fc /Users/clfilho/SimplicityStudio/BLE/socThroughputBG13/protocol/bluetooth/lib/EFR32BG13P/GCC/libbluetooth.a(bgapi.c.obj)
                0x000000000000dac4                bgapi_ubt_listener
 .text.register_message_handler
                0x000000000000dec0        0xc /Users/clfilho/SimplicityStudio/BLE/socThroughputBG13/protocol/bluetooth/lib/EFR32BG13P/GCC/libbluetooth.a(bgapi.c.obj)
                0x000000000000dec0                register_message_handler
 .text.bgapi_init
                0x000000000000decc       0x1c /Users/clfilho/SimplicityStudio/BLE/socThroughputBG13/protocol/bluetooth/lib/EFR32BG13P/GCC/libbluetooth.a(bgapi.c.obj)
                0x000000000000decc                bgapi_init
 .text.bgapi_buffer_init
                0x000000000000dee8       0x30 /Users/clfilho/SimplicityStudio/BLE/socThroughputBG13/protocol/bluetooth/lib/EFR32BG13P/GCC/libbluetooth.a(bgapi.c.obj)
                0x000000000000dee8                bgapi_buffer_init
 .text.bg_set_max_tx_power
                0x000000000000df18       0x68 /Users/clfilho/SimplicityStudio/BLE/socThroughputBG13/protocol/bluetooth/lib/EFR32BG13P/GCC/libbluetooth.a(bgapi.c.obj)
                0x000000000000df18                bg_set_max_tx_power
 .text.lib_endpoint_handler_init
                0x000000000000df80        0x2 /Users/clfilho/SimplicityStudio/BLE/socThroughputBG13/protocol/bluetooth/lib/EFR32BG13P/GCC/libbluetooth.a(bgapi_endpoint.c.obj)
                0x000000000000df80                lib_endpoint_handler_init
 *fill*         0x000000000000df82        0x2 
 .text.sli_bt_cmd_endpoint_close
                0x000000000000df84       0x3c /Users/clfilho/SimplicityStudio/BLE/socThroughputBG13/protocol/bluetooth/lib/EFR32BG13P/GCC/libbluetooth.a(bgapi_endpoint.c.obj)
                0x000000000000df84                sli_bt_cmd_endpoint_close
 .text.lib_le_gap_handler_init
                0x000000000000dfc0        0x2 /Users/clfilho/SimplicityStudio/BLE/socThroughputBG13/protocol/bluetooth/lib/EFR32BG13P/GCC/libbluetooth.a(bgapi_gap.c.obj)
                0x000000000000dfc0                lib_le_gap_handler_init
 *fill*         0x000000000000dfc2        0x2 
 .text.sli_bt_cmd_le_gap_set_mode
                0x000000000000dfc4       0x44 /Users/clfilho/SimplicityStudio/BLE/socThroughputBG13/protocol/bluetooth/lib/EFR32BG13P/GCC/libbluetooth.a(bgapi_gap.c.obj)
                0x000000000000dfc4                sli_bt_cmd_le_gap_set_mode
 .text.sli_bt_cmd_le_gap_open
                0x000000000000e008       0x58 /Users/clfilho/SimplicityStudio/BLE/socThroughputBG13/protocol/bluetooth/lib/EFR32BG13P/GCC/libbluetooth.a(bgapi_gap.c.obj)
                0x000000000000e008                sli_bt_cmd_le_gap_open
 .text.sli_bt_cmd_le_gap_discover
                0x000000000000e060       0x30 /Users/clfilho/SimplicityStudio/BLE/socThroughputBG13/protocol/bluetooth/lib/EFR32BG13P/GCC/libbluetooth.a(bgapi_gap.c.obj)
                0x000000000000e060                sli_bt_cmd_le_gap_discover
 .text.sli_bt_cmd_le_gap_end_procedure
                0x000000000000e090       0x2c /Users/clfilho/SimplicityStudio/BLE/socThroughputBG13/protocol/bluetooth/lib/EFR32BG13P/GCC/libbluetooth.a(bgapi_gap.c.obj)
                0x000000000000e090                sli_bt_cmd_le_gap_end_procedure
 .text.sli_bt_cmd_le_gap_set_adv_parameters
                0x000000000000e0bc       0x40 /Users/clfilho/SimplicityStudio/BLE/socThroughputBG13/protocol/bluetooth/lib/EFR32BG13P/GCC/libbluetooth.a(bgapi_gap.c.obj)
                0x000000000000e0bc                sli_bt_cmd_le_gap_set_adv_parameters
 .text.sli_bt_cmd_le_gap_set_scan_parameters
                0x000000000000e0fc       0x3c /Users/clfilho/SimplicityStudio/BLE/socThroughputBG13/protocol/bluetooth/lib/EFR32BG13P/GCC/libbluetooth.a(bgapi_gap.c.obj)
                0x000000000000e0fc                sli_bt_cmd_le_gap_set_scan_parameters
 .text.sli_bt_cmd_le_gap_set_conn_parameters
                0x000000000000e138       0x38 /Users/clfilho/SimplicityStudio/BLE/socThroughputBG13/protocol/bluetooth/lib/EFR32BG13P/GCC/libbluetooth.a(bgapi_gap.c.obj)
                0x000000000000e138                sli_bt_cmd_le_gap_set_conn_parameters
 .text.bgapi_gatt_listener
                0x000000000000e170      0x28c /Users/clfilho/SimplicityStudio/BLE/socThroughputBG13/protocol/bluetooth/lib/EFR32BG13P/GCC/libbluetooth.a(bgapi_gatt.c.obj)
                0x000000000000e170                bgapi_gatt_listener
 .text.lib_gatt_handler_init
                0x000000000000e3fc        0x4 /Users/clfilho/SimplicityStudio/BLE/socThroughputBG13/protocol/bluetooth/lib/EFR32BG13P/GCC/libbluetooth.a(bgapi_gatt_lib.c.obj)
                0x000000000000e3fc                lib_gatt_handler_init
 .text.lib_gatt_server_handler_init
                0x000000000000e400        0x2 /Users/clfilho/SimplicityStudio/BLE/socThroughputBG13/protocol/bluetooth/lib/EFR32BG13P/GCC/libbluetooth.a(bgapi_gatt_lib.c.obj)
                0x000000000000e400                lib_gatt_server_handler_init
 *fill*         0x000000000000e402        0x2 
 .text.sli_bt_cmd_gatt_set_max_mtu
                0x000000000000e404       0x3c /Users/clfilho/SimplicityStudio/BLE/socThroughputBG13/protocol/bluetooth/lib/EFR32BG13P/GCC/libbluetooth.a(bgapi_gatt_lib.c.obj)
                0x000000000000e404                sli_bt_cmd_gatt_set_max_mtu
 .text.sli_bt_cmd_gatt_write_characteristic_value_without_response
                0x000000000000e440       0x40 /Users/clfilho/SimplicityStudio/BLE/socThroughputBG13/protocol/bluetooth/lib/EFR32BG13P/GCC/libbluetooth.a(bgapi_gatt_lib.c.obj)
                0x000000000000e440                sli_bt_cmd_gatt_write_characteristic_value_without_response
 .text.sli_bt_cmd_gatt_write_descriptor_value
                0x000000000000e480       0x34 /Users/clfilho/SimplicityStudio/BLE/socThroughputBG13/protocol/bluetooth/lib/EFR32BG13P/GCC/libbluetooth.a(bgapi_gatt_lib.c.obj)
                0x000000000000e480                sli_bt_cmd_gatt_write_descriptor_value
 .text.sli_bt_cmd_gatt_server_write_attribute_value
                0x000000000000e4b4       0x34 /Users/clfilho/SimplicityStudio/BLE/socThroughputBG13/protocol/bluetooth/lib/EFR32BG13P/GCC/libbluetooth.a(bgapi_gatt_lib.c.obj)
                0x000000000000e4b4                sli_bt_cmd_gatt_server_write_attribute_value
 .text.sli_bt_cmd_gatt_server_send_user_read_response
                0x000000000000e4e8       0x44 /Users/clfilho/SimplicityStudio/BLE/socThroughputBG13/protocol/bluetooth/lib/EFR32BG13P/GCC/libbluetooth.a(bgapi_gatt_lib.c.obj)
                0x000000000000e4e8                sli_bt_cmd_gatt_server_send_user_read_response
 .text.sli_bt_cmd_gatt_server_send_user_write_response
                0x000000000000e52c       0x34 /Users/clfilho/SimplicityStudio/BLE/socThroughputBG13/protocol/bluetooth/lib/EFR32BG13P/GCC/libbluetooth.a(bgapi_gatt_lib.c.obj)
                0x000000000000e52c                sli_bt_cmd_gatt_server_send_user_write_response
 .text.sli_bt_cmd_gatt_server_send_characteristic_notification
                0x000000000000e560       0x44 /Users/clfilho/SimplicityStudio/BLE/socThroughputBG13/protocol/bluetooth/lib/EFR32BG13P/GCC/libbluetooth.a(bgapi_gatt_lib.c.obj)
                0x000000000000e560                sli_bt_cmd_gatt_server_send_characteristic_notification
 .text.sli_bt_cmd_gatt_send_characteristic_confirmation
                0x000000000000e5a4       0x2c /Users/clfilho/SimplicityStudio/BLE/socThroughputBG13/protocol/bluetooth/lib/EFR32BG13P/GCC/libbluetooth.a(bgapi_gatt_lib.c.obj)
                0x000000000000e5a4                sli_bt_cmd_gatt_send_characteristic_confirmation
 .text.bgapi_hardware_soft_timer_listener
                0x000000000000e5d0       0x68 /Users/clfilho/SimplicityStudio/BLE/socThroughputBG13/protocol/bluetooth/lib/EFR32BG13P/GCC/libbluetooth.a(bgapi_hardware.c.obj)
                0x000000000000e5d0                bgapi_hardware_soft_timer_listener
 .text.handle_timer_command
                0x000000000000e638       0x80 /Users/clfilho/SimplicityStudio/BLE/socThroughputBG13/protocol/bluetooth/lib/EFR32BG13P/GCC/libbluetooth.a(bgapi_hardware.c.obj)
 .text.lib_hardware_handler_init
                0x000000000000e6b8       0x14 /Users/clfilho/SimplicityStudio/BLE/socThroughputBG13/protocol/bluetooth/lib/EFR32BG13P/GCC/libbluetooth.a(bgapi_hardware.c.obj)
                0x000000000000e6b8                lib_hardware_handler_init
 .text.sli_bt_cmd_hardware_set_soft_timer
                0x000000000000e6cc       0x34 /Users/clfilho/SimplicityStudio/BLE/socThroughputBG13/protocol/bluetooth/lib/EFR32BG13P/GCC/libbluetooth.a(bgapi_hardware.c.obj)
                0x000000000000e6cc                sli_bt_cmd_hardware_set_soft_timer
 .text.lib_le_connection_handler_init
                0x000000000000e700        0x2 /Users/clfilho/SimplicityStudio/BLE/socThroughputBG13/protocol/bluetooth/lib/EFR32BG13P/GCC/libbluetooth.a(bgapi_le_connection.c.obj)
                0x000000000000e700                lib_le_connection_handler_init
 *fill*         0x000000000000e702        0x2 
 .text.sli_bt_cmd_le_connection_set_parameters
                0x000000000000e704       0x48 /Users/clfilho/SimplicityStudio/BLE/socThroughputBG13/protocol/bluetooth/lib/EFR32BG13P/GCC/libbluetooth.a(bgapi_le_connection.c.obj)
                0x000000000000e704                sli_bt_cmd_le_connection_set_parameters
 .text.sli_bt_cmd_le_connection_get_rssi
                0x000000000000e74c       0x2c /Users/clfilho/SimplicityStudio/BLE/socThroughputBG13/protocol/bluetooth/lib/EFR32BG13P/GCC/libbluetooth.a(bgapi_le_connection.c.obj)
                0x000000000000e74c                sli_bt_cmd_le_connection_get_rssi
 .text.sli_bt_cmd_le_connection_set_phy
                0x000000000000e778       0x3c /Users/clfilho/SimplicityStudio/BLE/socThroughputBG13/protocol/bluetooth/lib/EFR32BG13P/GCC/libbluetooth.a(bgapi_le_connection.c.obj)
                0x000000000000e778                sli_bt_cmd_le_connection_set_phy
 .text.bgapi_system_listener
                0x000000000000e7b4       0x30 /Users/clfilho/SimplicityStudio/BLE/socThroughputBG13/protocol/bluetooth/lib/EFR32BG13P/GCC/libbluetooth.a(bgapi_system.c.obj)
                0x000000000000e7b4                bgapi_system_listener
 .text.lib_system_handler_init
                0x000000000000e7e4       0x14 /Users/clfilho/SimplicityStudio/BLE/socThroughputBG13/protocol/bluetooth/lib/EFR32BG13P/GCC/libbluetooth.a(bgapi_system.c.obj)
                0x000000000000e7e4                lib_system_handler_init
 .text.sli_bt_cmd_system_set_tx_power
                0x000000000000e7f8       0x30 /Users/clfilho/SimplicityStudio/BLE/socThroughputBG13/protocol/bluetooth/lib/EFR32BG13P/GCC/libbluetooth.a(bgapi_system.c.obj)
                0x000000000000e7f8                sli_bt_cmd_system_set_tx_power
 .text.sli_bt_cmd_system_reset
                0x000000000000e828        0x6 /Users/clfilho/SimplicityStudio/BLE/socThroughputBG13/protocol/bluetooth/lib/EFR32BG13P/GCC/libbluetooth.a(bgapi_system.c.obj)
                0x000000000000e828                sli_bt_cmd_system_reset
 *fill*         0x000000000000e82e        0x2 
 .text.sli_bt_cmd_system_get_counters
                0x000000000000e830       0x54 /Users/clfilho/SimplicityStudio/BLE/socThroughputBG13/protocol/bluetooth/lib/EFR32BG13P/GCC/libbluetooth.a(bgapi_system.c.obj)
                0x000000000000e830                sli_bt_cmd_system_get_counters
 .text.bgbuf_alloc_int
                0x000000000000e884       0x9c /Users/clfilho/SimplicityStudio/BLE/socThroughputBG13/protocol/bluetooth/lib/EFR32BG13P/GCC/libbluetooth.a(bgbuf.c.obj)
 .text.bgbuf_init
                0x000000000000e920       0x2c /Users/clfilho/SimplicityStudio/BLE/socThroughputBG13/protocol/bluetooth/lib/EFR32BG13P/GCC/libbluetooth.a(bgbuf.c.obj)
                0x000000000000e920                bgbuf_init
 .text.bgbuf_alloc
                0x000000000000e94c        0xc /Users/clfilho/SimplicityStudio/BLE/socThroughputBG13/protocol/bluetooth/lib/EFR32BG13P/GCC/libbluetooth.a(bgbuf.c.obj)
                0x000000000000e94c                bgbuf_alloc
 .text.bgbuf_alloc_size
                0x000000000000e958       0x10 /Users/clfilho/SimplicityStudio/BLE/socThroughputBG13/protocol/bluetooth/lib/EFR32BG13P/GCC/libbluetooth.a(bgbuf.c.obj)
                0x000000000000e958                bgbuf_alloc_size
 .text.bgbuf_free
                0x000000000000e968       0x7c /Users/clfilho/SimplicityStudio/BLE/socThroughputBG13/protocol/bluetooth/lib/EFR32BG13P/GCC/libbluetooth.a(bgbuf.c.obj)
                0x000000000000e968                bgbuf_free
 .text.bgbuf_append
                0x000000000000e9e4       0x16 /Users/clfilho/SimplicityStudio/BLE/socThroughputBG13/protocol/bluetooth/lib/EFR32BG13P/GCC/libbluetooth.a(bgbuf.c.obj)
                0x000000000000e9e4                bgbuf_append
 .text.bgbuf_append_data
                0x000000000000e9fa       0x24 /Users/clfilho/SimplicityStudio/BLE/socThroughputBG13/protocol/bluetooth/lib/EFR32BG13P/GCC/libbluetooth.a(bgbuf.c.obj)
                0x000000000000e9fa                bgbuf_append_data
 .text.bgbuf_copy_to
                0x000000000000ea1e       0x5e /Users/clfilho/SimplicityStudio/BLE/socThroughputBG13/protocol/bluetooth/lib/EFR32BG13P/GCC/libbluetooth.a(bgbuf.c.obj)
                0x000000000000ea1e                bgbuf_copy_to
 .text.bgbuf_chain_free
                0x000000000000ea7c       0x14 /Users/clfilho/SimplicityStudio/BLE/socThroughputBG13/protocol/bluetooth/lib/EFR32BG13P/GCC/libbluetooth.a(bgbuf.c.obj)
                0x000000000000ea7c                bgbuf_chain_free
 .text.bgbuf_clone
                0x000000000000ea90       0x72 /Users/clfilho/SimplicityStudio/BLE/socThroughputBG13/protocol/bluetooth/lib/EFR32BG13P/GCC/libbluetooth.a(bgbuf.c.obj)
                0x000000000000ea90                bgbuf_clone
 .text.bgbuf_chain_pop_packet
                0x000000000000eb02       0x26 /Users/clfilho/SimplicityStudio/BLE/socThroughputBG13/protocol/bluetooth/lib/EFR32BG13P/GCC/libbluetooth.a(bgbuf.c.obj)
                0x000000000000eb02                bgbuf_chain_pop_packet
 .text.bgbuf_prepend_no_alloc
                0x000000000000eb28       0x40 /Users/clfilho/SimplicityStudio/BLE/socThroughputBG13/protocol/bluetooth/lib/EFR32BG13P/GCC/libbluetooth.a(bgbuf.c.obj)
                0x000000000000eb28                bgbuf_prepend_no_alloc
 .text.bgbuf_prepend
                0x000000000000eb68       0x24 /Users/clfilho/SimplicityStudio/BLE/socThroughputBG13/protocol/bluetooth/lib/EFR32BG13P/GCC/libbluetooth.a(bgbuf.c.obj)
                0x000000000000eb68                bgbuf_prepend
 .text.bgbuf_split
                0x000000000000eb8c       0x50 /Users/clfilho/SimplicityStudio/BLE/socThroughputBG13/protocol/bluetooth/lib/EFR32BG13P/GCC/libbluetooth.a(bgbuf.c.obj)
                0x000000000000eb8c                bgbuf_split
 .text.bgbuf_chain_get
                0x000000000000ebdc       0x46 /Users/clfilho/SimplicityStudio/BLE/socThroughputBG13/protocol/bluetooth/lib/EFR32BG13P/GCC/libbluetooth.a(bgbuf.c.obj)
                0x000000000000ebdc                bgbuf_chain_get
 .text.bgbuf_chain_get_head
                0x000000000000ec22       0x10 /Users/clfilho/SimplicityStudio/BLE/socThroughputBG13/protocol/bluetooth/lib/EFR32BG13P/GCC/libbluetooth.a(bgbuf.c.obj)
                0x000000000000ec22                bgbuf_chain_get_head
 .text.bgbuf_chain_len
                0x000000000000ec32       0x14 /Users/clfilho/SimplicityStudio/BLE/socThroughputBG13/protocol/bluetooth/lib/EFR32BG13P/GCC/libbluetooth.a(bgbuf.c.obj)
                0x000000000000ec32                bgbuf_chain_len
 .text.bgbuf_memcmp
                0x000000000000ec46       0x44 /Users/clfilho/SimplicityStudio/BLE/socThroughputBG13/protocol/bluetooth/lib/EFR32BG13P/GCC/libbluetooth.a(bgbuf.c.obj)
                0x000000000000ec46                bgbuf_memcmp
 .text.bgbuf_cmp
                0x000000000000ec8a       0xac /Users/clfilho/SimplicityStudio/BLE/socThroughputBG13/protocol/bluetooth/lib/EFR32BG13P/GCC/libbluetooth.a(bgbuf.c.obj)
                0x000000000000ec8a                bgbuf_cmp
 .text.bgbuf_chain_add
                0x000000000000ed36       0x14 /Users/clfilho/SimplicityStudio/BLE/socThroughputBG13/protocol/bluetooth/lib/EFR32BG13P/GCC/libbluetooth.a(bgbuf.c.obj)
                0x000000000000ed36                bgbuf_chain_add
 .text.bgbuf_chain_append_data
                0x000000000000ed4a       0x64 /Users/clfilho/SimplicityStudio/BLE/socThroughputBG13/protocol/bluetooth/lib/EFR32BG13P/GCC/libbluetooth.a(bgbuf.c.obj)
                0x000000000000ed4a                bgbuf_chain_append_data
 .text.bgbuf_alloc_copy_data
                0x000000000000edae       0x2a /Users/clfilho/SimplicityStudio/BLE/socThroughputBG13/protocol/bluetooth/lib/EFR32BG13P/GCC/libbluetooth.a(bgbuf.c.obj)
                0x000000000000edae                bgbuf_alloc_copy_data
 .text.bgbuf_chain_drop
                0x000000000000edd8       0x2c /Users/clfilho/SimplicityStudio/BLE/socThroughputBG13/protocol/bluetooth/lib/EFR32BG13P/GCC/libbluetooth.a(bgbuf.c.obj)
                0x000000000000edd8                bgbuf_chain_drop
 .text.bgbuf_chain_drop_end
                0x000000000000ee04       0x42 /Users/clfilho/SimplicityStudio/BLE/socThroughputBG13/protocol/bluetooth/lib/EFR32BG13P/GCC/libbluetooth.a(bgbuf.c.obj)
                0x000000000000ee04                bgbuf_chain_drop_end
 .text.bgbuf_chain_defragment
                0x000000000000ee46       0x8c /Users/clfilho/SimplicityStudio/BLE/socThroughputBG13/protocol/bluetooth/lib/EFR32BG13P/GCC/libbluetooth.a(bgbuf.c.obj)
                0x000000000000ee46                bgbuf_chain_defragment
 *fill*         0x000000000000eed2        0x2 
 .text.bgbuf_add_callback
                0x000000000000eed4       0x1c /Users/clfilho/SimplicityStudio/BLE/socThroughputBG13/protocol/bluetooth/lib/EFR32BG13P/GCC/libbluetooth.a(bgbuf.c.obj)
                0x000000000000eed4                bgbuf_add_callback
 .text.gecko_init_alloc
                0x000000000000eef0       0x38 /Users/clfilho/SimplicityStudio/BLE/socThroughputBG13/protocol/bluetooth/lib/EFR32BG13P/GCC/libbluetooth.a(bglib.c.obj)
                0x000000000000eef0                gecko_init_alloc
 .text.user_signal_message_handler
                0x000000000000ef28       0x2c /Users/clfilho/SimplicityStudio/BLE/socThroughputBG13/protocol/bluetooth/lib/EFR32BG13P/GCC/libbluetooth.a(bglib.c.obj)
 .text.gecko_process_event
                0x000000000000ef54       0x5c /Users/clfilho/SimplicityStudio/BLE/socThroughputBG13/protocol/bluetooth/lib/EFR32BG13P/GCC/libbluetooth.a(bglib.c.obj)
 .text.check_ctune_override
                0x000000000000efb0       0x2c /Users/clfilho/SimplicityStudio/BLE/socThroughputBG13/protocol/bluetooth/lib/EFR32BG13P/GCC/libbluetooth.a(bglib.c.obj)
                0x000000000000efb0                check_ctune_override
 .text.gecko_stack_init
                0x000000000000efdc      0x250 /Users/clfilho/SimplicityStudio/BLE/socThroughputBG13/protocol/bluetooth/lib/EFR32BG13P/GCC/libbluetooth.a(bglib.c.obj)
                0x000000000000efdc                gecko_stack_init
 .text.gecko_wait_event
                0x000000000000f22c        0x6 /Users/clfilho/SimplicityStudio/BLE/socThroughputBG13/protocol/bluetooth/lib/EFR32BG13P/GCC/libbluetooth.a(bglib.c.obj)
                0x000000000000f22c                gecko_wait_event
 .text.gecko_peek_event
                0x000000000000f232        0x6 /Users/clfilho/SimplicityStudio/BLE/socThroughputBG13/protocol/bluetooth/lib/EFR32BG13P/GCC/libbluetooth.a(bglib.c.obj)
                0x000000000000f232                gecko_peek_event
 .text.gecko_stack_update_callback
                0x000000000000f238       0x10 /Users/clfilho/SimplicityStudio/BLE/socThroughputBG13/protocol/bluetooth/lib/EFR32BG13P/GCC/libbluetooth.a(bglib.c.obj)
                0x000000000000f238                gecko_stack_update_callback
 .text.gecko_external_signal
                0x000000000000f248       0x1c /Users/clfilho/SimplicityStudio/BLE/socThroughputBG13/protocol/bluetooth/lib/EFR32BG13P/GCC/libbluetooth.a(bglib.c.obj)
                0x000000000000f248                gecko_external_signal
 .text.bootloader_getInfo
                0x000000000000f264       0x58 /Users/clfilho/SimplicityStudio/BLE/socThroughputBG13/protocol/bluetooth/lib/EFR32BG13P/GCC/libbluetooth.a(btl_interface.c.obj)
                0x000000000000f264                bootloader_getInfo
 .text.bg_hal_get_current_ctune
                0x000000000000f2bc       0x14 /Users/clfilho/SimplicityStudio/BLE/socThroughputBG13/protocol/bluetooth/lib/EFR32BG13P/GCC/libbluetooth.a(efr32xg1x.c.obj)
                0x000000000000f2bc                bg_hal_get_current_ctune
 .text.bg_hal_set_ctune
                0x000000000000f2d0       0x64 /Users/clfilho/SimplicityStudio/BLE/socThroughputBG13/protocol/bluetooth/lib/EFR32BG13P/GCC/libbluetooth.a(efr32xg1x.c.obj)
                0x000000000000f2d0                bg_hal_set_ctune
 .text.bg_hal_get_le_phys
                0x000000000000f334        0x4 /Users/clfilho/SimplicityStudio/BLE/socThroughputBG13/protocol/bluetooth/lib/EFR32BG13P/GCC/libbluetooth.a(efr32xg1x.c.obj)
                0x000000000000f334                bg_hal_get_le_phys
 .text.bg_hal_has_high_power_pa
                0x000000000000f338       0x10 /Users/clfilho/SimplicityStudio/BLE/socThroughputBG13/protocol/bluetooth/lib/EFR32BG13P/GCC/libbluetooth.a(efr32xg1x.c.obj)
                0x000000000000f338                bg_hal_has_high_power_pa
 .text.bg_hal_init_hfbus_clocks
                0x000000000000f348       0x14 /Users/clfilho/SimplicityStudio/BLE/socThroughputBG13/protocol/bluetooth/lib/EFR32BG13P/GCC/libbluetooth.a(efr32xg1x.c.obj)
                0x000000000000f348                bg_hal_init_hfbus_clocks
 .text.gap_is_scanning_or_advertising.part.0
                0x000000000000f35c       0x2c /Users/clfilho/SimplicityStudio/BLE/socThroughputBG13/protocol/bluetooth/lib/EFR32BG13P/GCC/libbluetooth.a(gap.c.obj)
 .text.gap_is_resolvable
                0x000000000000f388       0x18 /Users/clfilho/SimplicityStudio/BLE/socThroughputBG13/protocol/bluetooth/lib/EFR32BG13P/GCC/libbluetooth.a(gap.c.obj)
                0x000000000000f388                gap_is_resolvable
 .text.gap_init
                0x000000000000f3a0       0x14 /Users/clfilho/SimplicityStudio/BLE/socThroughputBG13/protocol/bluetooth/lib/EFR32BG13P/GCC/libbluetooth.a(gap.c.obj)
                0x000000000000f3a0                gap_init
 .text.gap_reset_state
                0x000000000000f3b4       0xac /Users/clfilho/SimplicityStudio/BLE/socThroughputBG13/protocol/bluetooth/lib/EFR32BG13P/GCC/libbluetooth.a(gap.c.obj)
                0x000000000000f3b4                gap_reset_state
 .text.gap_notify_connection_parameters
                0x000000000000f460       0x60 /Users/clfilho/SimplicityStudio/BLE/socThroughputBG13/protocol/bluetooth/lib/EFR32BG13P/GCC/libbluetooth.a(gap.c.obj)
                0x000000000000f460                gap_notify_connection_parameters
 .text.gap_connection_complete.part.4
                0x000000000000f4c0       0xc8 /Users/clfilho/SimplicityStudio/BLE/socThroughputBG13/protocol/bluetooth/lib/EFR32BG13P/GCC/libbluetooth.a(gap.c.obj)
 .text.gap_notify_phy_status
                0x000000000000f588       0x3c /Users/clfilho/SimplicityStudio/BLE/socThroughputBG13/protocol/bluetooth/lib/EFR32BG13P/GCC/libbluetooth.a(gap.c.obj)
                0x000000000000f588                gap_notify_phy_status
 .text.gap_resolver_completed
                0x000000000000f5c4       0x90 /Users/clfilho/SimplicityStudio/BLE/socThroughputBG13/protocol/bluetooth/lib/EFR32BG13P/GCC/libbluetooth.a(gap.c.obj)
                0x000000000000f5c4                gap_resolver_completed
 .text.ubt_gap_set_le_connection_parameters
                0x000000000000f654       0xa0 /Users/clfilho/SimplicityStudio/BLE/socThroughputBG13/protocol/bluetooth/lib/EFR32BG13P/GCC/libbluetooth.a(gap.c.obj)
                0x000000000000f654                ubt_gap_set_le_connection_parameters
 .text.ubt_link_set_phy
                0x000000000000f6f4       0x42 /Users/clfilho/SimplicityStudio/BLE/socThroughputBG13/protocol/bluetooth/lib/EFR32BG13P/GCC/libbluetooth.a(gap.c.obj)
                0x000000000000f6f4                ubt_link_set_phy
 *fill*         0x000000000000f736        0x2 
 .text.check_private_address_and_timer
                0x000000000000f738       0x64 /Users/clfilho/SimplicityStudio/BLE/socThroughputBG13/protocol/bluetooth/lib/EFR32BG13P/GCC/libbluetooth.a(gap.c.obj)
                0x000000000000f738                check_private_address_and_timer
 .text.gap_scan_update
                0x000000000000f79c       0xb8 /Users/clfilho/SimplicityStudio/BLE/socThroughputBG13/protocol/bluetooth/lib/EFR32BG13P/GCC/libbluetooth.a(gap.c.obj)
                0x000000000000f79c                gap_scan_update
 .text.gap_listener
                0x000000000000f854       0xa0 /Users/clfilho/SimplicityStudio/BLE/socThroughputBG13/protocol/bluetooth/lib/EFR32BG13P/GCC/libbluetooth.a(gap.c.obj)
                0x000000000000f854                gap_listener
 .text.ubt_gap_end_le_procedure
                0x000000000000f8f4       0x2c /Users/clfilho/SimplicityStudio/BLE/socThroughputBG13/protocol/bluetooth/lib/EFR32BG13P/GCC/libbluetooth.a(gap.c.obj)
                0x000000000000f8f4                ubt_gap_end_le_procedure
 .text.gap_disconnect_acl
                0x000000000000f920       0x12 /Users/clfilho/SimplicityStudio/BLE/socThroughputBG13/protocol/bluetooth/lib/EFR32BG13P/GCC/libbluetooth.a(gap.c.obj)
                0x000000000000f920                gap_disconnect_acl
 *fill*         0x000000000000f932        0x2 
 .text.gap_connection_disconnected
                0x000000000000f934       0x34 /Users/clfilho/SimplicityStudio/BLE/socThroughputBG13/protocol/bluetooth/lib/EFR32BG13P/GCC/libbluetooth.a(gap.c.obj)
                0x000000000000f934                gap_connection_disconnected
 .text.gap_connection_complete
                0x000000000000f968       0x5c /Users/clfilho/SimplicityStudio/BLE/socThroughputBG13/protocol/bluetooth/lib/EFR32BG13P/GCC/libbluetooth.a(gap.c.obj)
                0x000000000000f968                gap_connection_complete
 .text.gap_encryption_changed
                0x000000000000f9c4       0x50 /Users/clfilho/SimplicityStudio/BLE/socThroughputBG13/protocol/bluetooth/lib/EFR32BG13P/GCC/libbluetooth.a(gap.c.obj)
                0x000000000000f9c4                gap_encryption_changed
 .text.ubt_gap_set_static_address_identity
                0x000000000000fa14       0x50 /Users/clfilho/SimplicityStudio/BLE/socThroughputBG13/protocol/bluetooth/lib/EFR32BG13P/GCC/libbluetooth.a(gap.c.obj)
                0x000000000000fa14                ubt_gap_set_static_address_identity
 .text.ubt_gap_get_identity_address
                0x000000000000fa64       0x1c /Users/clfilho/SimplicityStudio/BLE/socThroughputBG13/protocol/bluetooth/lib/EFR32BG13P/GCC/libbluetooth.a(gap.c.obj)
                0x000000000000fa64                ubt_gap_get_identity_address
 .text.gap_acl_new
                0x000000000000fa80       0x30 /Users/clfilho/SimplicityStudio/BLE/socThroughputBG13/protocol/bluetooth/lib/EFR32BG13P/GCC/libbluetooth.a(gap.c.obj)
                0x000000000000fa80                gap_acl_new
 .text.gap_open_acl
                0x000000000000fab0      0x130 /Users/clfilho/SimplicityStudio/BLE/socThroughputBG13/protocol/bluetooth/lib/EFR32BG13P/GCC/libbluetooth.a(gap.c.obj)
                0x000000000000fab0                gap_open_acl
 .text.ubt_gap_get_identity_address_type
                0x000000000000fbe0       0x10 /Users/clfilho/SimplicityStudio/BLE/socThroughputBG13/protocol/bluetooth/lib/EFR32BG13P/GCC/libbluetooth.a(gap.c.obj)
                0x000000000000fbe0                ubt_gap_get_identity_address_type
 .text.to_scanning_phy_index
                0x000000000000fbf0        0x8 /Users/clfilho/SimplicityStudio/BLE/socThroughputBG13/protocol/bluetooth/lib/EFR32BG13P/GCC/libbluetooth.a(gap.c.obj)
                0x000000000000fbf0                to_scanning_phy_index
 .text.cache_adv_scan_packet
                0x000000000000fbf8       0x20 /Users/clfilho/SimplicityStudio/BLE/socThroughputBG13/protocol/bluetooth/lib/EFR32BG13P/GCC/libbluetooth.a(gap_adv.c.obj)
 .text.bgbuf_chain_append_byte
                0x000000000000fc18       0x16 /Users/clfilho/SimplicityStudio/BLE/socThroughputBG13/protocol/bluetooth/lib/EFR32BG13P/GCC/libbluetooth.a(gap_adv.c.obj)
 .text.gap_adv_add_attribute
                0x000000000000fc2e       0xa6 /Users/clfilho/SimplicityStudio/BLE/socThroughputBG13/protocol/bluetooth/lib/EFR32BG13P/GCC/libbluetooth.a(gap_adv.c.obj)
 .text.gap_adv_add_name
                0x000000000000fcd4       0x9e /Users/clfilho/SimplicityStudio/BLE/socThroughputBG13/protocol/bluetooth/lib/EFR32BG13P/GCC/libbluetooth.a(gap_adv.c.obj)
 .text.use_legacy_advertising
                0x000000000000fd72       0x36 /Users/clfilho/SimplicityStudio/BLE/socThroughputBG13/protocol/bluetooth/lib/EFR32BG13P/GCC/libbluetooth.a(gap_adv.c.obj)
 .text.gap_alloc_mem
                0x000000000000fda8       0x2c /Users/clfilho/SimplicityStudio/BLE/socThroughputBG13/protocol/bluetooth/lib/EFR32BG13P/GCC/libbluetooth.a(gap_adv.c.obj)
                0x000000000000fda8                gap_alloc_mem
 .text.gap_adv_terminated_callback
                0x000000000000fdd4       0x60 /Users/clfilho/SimplicityStudio/BLE/socThroughputBG13/protocol/bluetooth/lib/EFR32BG13P/GCC/libbluetooth.a(gap_adv.c.obj)
                0x000000000000fdd4                gap_adv_terminated_callback
 .text.gap_create_adv_packets
                0x000000000000fe34      0x128 /Users/clfilho/SimplicityStudio/BLE/socThroughputBG13/protocol/bluetooth/lib/EFR32BG13P/GCC/libbluetooth.a(gap_adv.c.obj)
                0x000000000000fe34                gap_create_adv_packets
 .text.gap_set_advertising_timeout
                0x000000000000ff5c       0x7c /Users/clfilho/SimplicityStudio/BLE/socThroughputBG13/protocol/bluetooth/lib/EFR32BG13P/GCC/libbluetooth.a(gap_adv.c.obj)
                0x000000000000ff5c                gap_set_advertising_timeout
 .text.gap_set_advertising_timing
                0x000000000000ffd8       0x64 /Users/clfilho/SimplicityStudio/BLE/socThroughputBG13/protocol/bluetooth/lib/EFR32BG13P/GCC/libbluetooth.a(gap_adv.c.obj)
                0x000000000000ffd8                gap_set_advertising_timing
 .text.gap_get_advertising_max_events
                0x000000000001003c       0x20 /Users/clfilho/SimplicityStudio/BLE/socThroughputBG13/protocol/bluetooth/lib/EFR32BG13P/GCC/libbluetooth.a(gap_adv.c.obj)
                0x000000000001003c                gap_get_advertising_max_events
 .text.gap_get_advertising_duration
                0x000000000001005c       0x20 /Users/clfilho/SimplicityStudio/BLE/socThroughputBG13/protocol/bluetooth/lib/EFR32BG13P/GCC/libbluetooth.a(gap_adv.c.obj)
                0x000000000001005c                gap_get_advertising_duration
 .text.gap_get_advertising_address_type
                0x000000000001007c       0x20 /Users/clfilho/SimplicityStudio/BLE/socThroughputBG13/protocol/bluetooth/lib/EFR32BG13P/GCC/libbluetooth.a(gap_adv.c.obj)
                0x000000000001007c                gap_get_advertising_address_type
 .text.gap_get_advertising_scan_report_enable
                0x000000000001009c       0x24 /Users/clfilho/SimplicityStudio/BLE/socThroughputBG13/protocol/bluetooth/lib/EFR32BG13P/GCC/libbluetooth.a(gap_adv.c.obj)
                0x000000000001009c                gap_get_advertising_scan_report_enable
 .text.gap_adv_update
                0x00000000000100c0      0x1dc /Users/clfilho/SimplicityStudio/BLE/socThroughputBG13/protocol/bluetooth/lib/EFR32BG13P/GCC/libbluetooth.a(gap_adv.c.obj)
                0x00000000000100c0                gap_adv_update
 .text.gap_set_advertising_channel_map
                0x000000000001029c       0x38 /Users/clfilho/SimplicityStudio/BLE/socThroughputBG13/protocol/bluetooth/lib/EFR32BG13P/GCC/libbluetooth.a(gap_adv.c.obj)
                0x000000000001029c                gap_set_advertising_channel_map
 .text.gap_set_advertising_scan_report
                0x00000000000102d4       0x4c /Users/clfilho/SimplicityStudio/BLE/socThroughputBG13/protocol/bluetooth/lib/EFR32BG13P/GCC/libbluetooth.a(gap_adv.c.obj)
                0x00000000000102d4                gap_set_advertising_scan_report
 .text.gap_set_advertising_configuration
                0x0000000000010320       0x8c /Users/clfilho/SimplicityStudio/BLE/socThroughputBG13/protocol/bluetooth/lib/EFR32BG13P/GCC/libbluetooth.a(gap_adv.c.obj)
                0x0000000000010320                gap_set_advertising_configuration
 .text.gap_clear_advertising_configuration
                0x00000000000103ac       0x80 /Users/clfilho/SimplicityStudio/BLE/socThroughputBG13/protocol/bluetooth/lib/EFR32BG13P/GCC/libbluetooth.a(gap_adv.c.obj)
                0x00000000000103ac                gap_clear_advertising_configuration
 .text.gap_stop_advertising
                0x000000000001042c       0x2c /Users/clfilho/SimplicityStudio/BLE/socThroughputBG13/protocol/bluetooth/lib/EFR32BG13P/GCC/libbluetooth.a(gap_adv.c.obj)
                0x000000000001042c                gap_stop_advertising
 .text.gap_start_advertising
                0x0000000000010458      0x11c /Users/clfilho/SimplicityStudio/BLE/socThroughputBG13/protocol/bluetooth/lib/EFR32BG13P/GCC/libbluetooth.a(gap_adv.c.obj)
                0x0000000000010458                gap_start_advertising
 .text.ubt_gap_set_adv_parameters
                0x0000000000010574       0x5c /Users/clfilho/SimplicityStudio/BLE/socThroughputBG13/protocol/bluetooth/lib/EFR32BG13P/GCC/libbluetooth.a(gap_deprecated.c.obj)
                0x0000000000010574                ubt_gap_set_adv_parameters
 .text.ubt_gap_set_le_mode
                0x00000000000105d0       0x64 /Users/clfilho/SimplicityStudio/BLE/socThroughputBG13/protocol/bluetooth/lib/EFR32BG13P/GCC/libbluetooth.a(gap_deprecated.c.obj)
                0x00000000000105d0                ubt_gap_set_le_mode
 .text.gap_address_resolver_step
                0x0000000000010634       0x94 /Users/clfilho/SimplicityStudio/BLE/socThroughputBG13/protocol/bluetooth/lib/EFR32BG13P/GCC/libbluetooth.a(gap_resolver.c.obj)
                0x0000000000010634                gap_address_resolver_step
 .text.gap_resolver_start
                0x00000000000106c8       0x40 /Users/clfilho/SimplicityStudio/BLE/socThroughputBG13/protocol/bluetooth/lib/EFR32BG13P/GCC/libbluetooth.a(gap_resolver.c.obj)
                0x00000000000106c8                gap_resolver_start
 .text.validate_scanning_phymask
                0x0000000000010708       0x30 /Users/clfilho/SimplicityStudio/BLE/socThroughputBG13/protocol/bluetooth/lib/EFR32BG13P/GCC/libbluetooth.a(gap_scan.c.obj)
 .text.gap_status_set_scan_packet
                0x0000000000010738       0x20 /Users/clfilho/SimplicityStudio/BLE/socThroughputBG13/protocol/bluetooth/lib/EFR32BG13P/GCC/libbluetooth.a(gap_scan.c.obj)
                0x0000000000010738                gap_status_set_scan_packet
 .text.gat_status_get_scan_packet
                0x0000000000010758        0xc /Users/clfilho/SimplicityStudio/BLE/socThroughputBG13/protocol/bluetooth/lib/EFR32BG13P/GCC/libbluetooth.a(gap_scan.c.obj)
                0x0000000000010758                gat_status_get_scan_packet
 .text.gap_status_set_scan_response
                0x0000000000010764       0x20 /Users/clfilho/SimplicityStudio/BLE/socThroughputBG13/protocol/bluetooth/lib/EFR32BG13P/GCC/libbluetooth.a(gap_scan.c.obj)
                0x0000000000010764                gap_status_set_scan_response
 .text.gat_status_get_scan_response
                0x0000000000010784        0xc /Users/clfilho/SimplicityStudio/BLE/socThroughputBG13/protocol/bluetooth/lib/EFR32BG13P/GCC/libbluetooth.a(gap_scan.c.obj)
                0x0000000000010784                gat_status_get_scan_response
 .text.handle_scan_response_callback
                0x0000000000010790      0x190 /Users/clfilho/SimplicityStudio/BLE/socThroughputBG13/protocol/bluetooth/lib/EFR32BG13P/GCC/libbluetooth.a(gap_scan.c.obj)
                0x0000000000010790                handle_scan_response_callback
 .text.ubt_gap_set_scan_parameters
                0x0000000000010920       0x4c /Users/clfilho/SimplicityStudio/BLE/socThroughputBG13/protocol/bluetooth/lib/EFR32BG13P/GCC/libbluetooth.a(gap_scan.c.obj)
                0x0000000000010920                ubt_gap_set_scan_parameters
 .text.ubt_gap_set_scan_type
                0x000000000001096c       0x30 /Users/clfilho/SimplicityStudio/BLE/socThroughputBG13/protocol/bluetooth/lib/EFR32BG13P/GCC/libbluetooth.a(gap_scan.c.obj)
                0x000000000001096c                ubt_gap_set_scan_type
 .text.ubt_gap_le_discover
                0x000000000001099c       0x68 /Users/clfilho/SimplicityStudio/BLE/socThroughputBG13/protocol/bluetooth/lib/EFR32BG13P/GCC/libbluetooth.a(gap_scan.c.obj)
                0x000000000001099c                ubt_gap_le_discover
 .text.gatt_init
                0x0000000000010a04        0xc /Users/clfilho/SimplicityStudio/BLE/socThroughputBG13/protocol/bluetooth/lib/EFR32BG13P/GCC/libbluetooth.a(gatt.c.obj)
                0x0000000000010a04                gatt_init
 .text.gatt_set_max_mtu
                0x0000000000010a10       0x18 /Users/clfilho/SimplicityStudio/BLE/socThroughputBG13/protocol/bluetooth/lib/EFR32BG13P/GCC/libbluetooth.a(gatt.c.obj)
                0x0000000000010a10                gatt_set_max_mtu
 .text.gatt_init_connection
                0x0000000000010a28       0x50 /Users/clfilho/SimplicityStudio/BLE/socThroughputBG13/protocol/bluetooth/lib/EFR32BG13P/GCC/libbluetooth.a(gatt.c.obj)
                0x0000000000010a28                gatt_init_connection
 .text.gatt_free_connection
                0x0000000000010a78       0x50 /Users/clfilho/SimplicityStudio/BLE/socThroughputBG13/protocol/bluetooth/lib/EFR32BG13P/GCC/libbluetooth.a(gatt.c.obj)
                0x0000000000010a78                gatt_free_connection
 .text.send_gatt_mtu_exchanged_event
                0x0000000000010ac8       0x2a /Users/clfilho/SimplicityStudio/BLE/socThroughputBG13/protocol/bluetooth/lib/EFR32BG13P/GCC/libbluetooth.a(gatt.c.obj)
                0x0000000000010ac8                send_gatt_mtu_exchanged_event
 .text.gatt_start_procedure_timeout_timer
                0x0000000000010af2       0x16 /Users/clfilho/SimplicityStudio/BLE/socThroughputBG13/protocol/bluetooth/lib/EFR32BG13P/GCC/libbluetooth.a(gatt.c.obj)
                0x0000000000010af2                gatt_start_procedure_timeout_timer
 .text.gatt_stop_procedure_timeout_timer
                0x0000000000010b08        0x6 /Users/clfilho/SimplicityStudio/BLE/socThroughputBG13/protocol/bluetooth/lib/EFR32BG13P/GCC/libbluetooth.a(gatt.c.obj)
                0x0000000000010b08                gatt_stop_procedure_timeout_timer
 .text.gatt_start_procedure
                0x0000000000010b0e       0x24 /Users/clfilho/SimplicityStudio/BLE/socThroughputBG13/protocol/bluetooth/lib/EFR32BG13P/GCC/libbluetooth.a(gatt.c.obj)
                0x0000000000010b0e                gatt_start_procedure
 .text.gatt_procedure_timeout
                0x0000000000010b32       0x2e /Users/clfilho/SimplicityStudio/BLE/socThroughputBG13/protocol/bluetooth/lib/EFR32BG13P/GCC/libbluetooth.a(gatt.c.obj)
                0x0000000000010b32                gatt_procedure_timeout
 .text.gatt_listener
                0x0000000000010b60       0x80 /Users/clfilho/SimplicityStudio/BLE/socThroughputBG13/protocol/bluetooth/lib/EFR32BG13P/GCC/libbluetooth.a(gatt.c.obj)
 .text.gatt_get_connection
                0x0000000000010be0        0xc /Users/clfilho/SimplicityStudio/BLE/socThroughputBG13/protocol/bluetooth/lib/EFR32BG13P/GCC/libbluetooth.a(gatt.c.obj)
                0x0000000000010be0                gatt_get_connection
 .text.gatt_get_next_connection
                0x0000000000010bec       0x1a /Users/clfilho/SimplicityStudio/BLE/socThroughputBG13/protocol/bluetooth/lib/EFR32BG13P/GCC/libbluetooth.a(gatt.c.obj)
                0x0000000000010bec                gatt_get_next_connection
 .text.validate_gatt_connection_state
                0x0000000000010c06       0x1c /Users/clfilho/SimplicityStudio/BLE/socThroughputBG13/protocol/bluetooth/lib/EFR32BG13P/GCC/libbluetooth.a(gatt_client.c.obj)
 .text.free_params_data
                0x0000000000010c22       0x16 /Users/clfilho/SimplicityStudio/BLE/socThroughputBG13/protocol/bluetooth/lib/EFR32BG13P/GCC/libbluetooth.a(gatt_client.c.obj)
 .text.alloc_params_data
                0x0000000000010c38       0x2c /Users/clfilho/SimplicityStudio/BLE/socThroughputBG13/protocol/bluetooth/lib/EFR32BG13P/GCC/libbluetooth.a(gatt_client.c.obj)
 .text.should_start_long_read
                0x0000000000010c64       0x36 /Users/clfilho/SimplicityStudio/BLE/socThroughputBG13/protocol/bluetooth/lib/EFR32BG13P/GCC/libbluetooth.a(gatt_client.c.obj)
 .text.send_service_event
                0x0000000000010c9a       0x4a /Users/clfilho/SimplicityStudio/BLE/socThroughputBG13/protocol/bluetooth/lib/EFR32BG13P/GCC/libbluetooth.a(gatt_client.c.obj)
 .text.send_descriptor_value_event
                0x0000000000010ce4       0x3c /Users/clfilho/SimplicityStudio/BLE/socThroughputBG13/protocol/bluetooth/lib/EFR32BG13P/GCC/libbluetooth.a(gatt_client.c.obj)
 .text.end_procedure
                0x0000000000010d20       0x3c /Users/clfilho/SimplicityStudio/BLE/socThroughputBG13/protocol/bluetooth/lib/EFR32BG13P/GCC/libbluetooth.a(gatt_client.c.obj)
 .text.abort_long_write
                0x0000000000010d5c       0x20 /Users/clfilho/SimplicityStudio/BLE/socThroughputBG13/protocol/bluetooth/lib/EFR32BG13P/GCC/libbluetooth.a(gatt_client.c.obj)
 .text.send_characteristic_value_event
                0x0000000000010d7c       0x72 /Users/clfilho/SimplicityStudio/BLE/socThroughputBG13/protocol/bluetooth/lib/EFR32BG13P/GCC/libbluetooth.a(gatt_client.c.obj)
 .text.write_value
                0x0000000000010dee       0x4a /Users/clfilho/SimplicityStudio/BLE/socThroughputBG13/protocol/bluetooth/lib/EFR32BG13P/GCC/libbluetooth.a(gatt_client.c.obj)
 .text.gatt_find_included_services_handler
                0x0000000000010e38       0xb0 /Users/clfilho/SimplicityStudio/BLE/socThroughputBG13/protocol/bluetooth/lib/EFR32BG13P/GCC/libbluetooth.a(gatt_client.c.obj)
                0x0000000000010e38                gatt_find_included_services_handler
 .text.gatt_write_characteristic_value_without_response
                0x0000000000010ee8       0x1a /Users/clfilho/SimplicityStudio/BLE/socThroughputBG13/protocol/bluetooth/lib/EFR32BG13P/GCC/libbluetooth.a(gatt_client.c.obj)
                0x0000000000010ee8                gatt_write_characteristic_value_without_response
 .text.gatt_write_descriptor_value
                0x0000000000010f02       0x26 /Users/clfilho/SimplicityStudio/BLE/socThroughputBG13/protocol/bluetooth/lib/EFR32BG13P/GCC/libbluetooth.a(gatt_client.c.obj)
                0x0000000000010f02                gatt_write_descriptor_value
 .text.gatt_handle_exchange_mtu_rsp
                0x0000000000010f28       0x48 /Users/clfilho/SimplicityStudio/BLE/socThroughputBG13/protocol/bluetooth/lib/EFR32BG13P/GCC/libbluetooth.a(gatt_client.c.obj)
                0x0000000000010f28                gatt_handle_exchange_mtu_rsp
 .text.gatt_handle_find_information_response
                0x0000000000010f70      0x152 /Users/clfilho/SimplicityStudio/BLE/socThroughputBG13/protocol/bluetooth/lib/EFR32BG13P/GCC/libbluetooth.a(gatt_client.c.obj)
                0x0000000000010f70                gatt_handle_find_information_response
 .text.gatt_handle_find_by_type_value_response
                0x00000000000110c2       0xa0 /Users/clfilho/SimplicityStudio/BLE/socThroughputBG13/protocol/bluetooth/lib/EFR32BG13P/GCC/libbluetooth.a(gatt_client.c.obj)
                0x00000000000110c2                gatt_handle_find_by_type_value_response
 *fill*         0x0000000000011162        0x2 
 .text.gatt_handle_read_response
                0x0000000000011164       0xe4 /Users/clfilho/SimplicityStudio/BLE/socThroughputBG13/protocol/bluetooth/lib/EFR32BG13P/GCC/libbluetooth.a(gatt_client.c.obj)
                0x0000000000011164                gatt_handle_read_response
 .text.read_long_value_handler
                0x0000000000011248       0x72 /Users/clfilho/SimplicityStudio/BLE/socThroughputBG13/protocol/bluetooth/lib/EFR32BG13P/GCC/libbluetooth.a(gatt_client.c.obj)
 .text.gatt_handle_read_blob_response
                0x00000000000112ba       0x36 /Users/clfilho/SimplicityStudio/BLE/socThroughputBG13/protocol/bluetooth/lib/EFR32BG13P/GCC/libbluetooth.a(gatt_client.c.obj)
                0x00000000000112ba                gatt_handle_read_blob_response
 .text.gatt_handle_read_multiple_response
                0x00000000000112f0       0x3c /Users/clfilho/SimplicityStudio/BLE/socThroughputBG13/protocol/bluetooth/lib/EFR32BG13P/GCC/libbluetooth.a(gatt_client.c.obj)
                0x00000000000112f0                gatt_handle_read_multiple_response
 .text.gatt_handle_read_by_type_response
                0x000000000001132c      0x148 /Users/clfilho/SimplicityStudio/BLE/socThroughputBG13/protocol/bluetooth/lib/EFR32BG13P/GCC/libbluetooth.a(gatt_client.c.obj)
                0x000000000001132c                gatt_handle_read_by_type_response
 .text.gatt_handle_read_by_group_type_response
                0x0000000000011474       0xaa /Users/clfilho/SimplicityStudio/BLE/socThroughputBG13/protocol/bluetooth/lib/EFR32BG13P/GCC/libbluetooth.a(gatt_client.c.obj)
                0x0000000000011474                gatt_handle_read_by_group_type_response
 .text.gatt_handle_write_response
                0x000000000001151e       0x14 /Users/clfilho/SimplicityStudio/BLE/socThroughputBG13/protocol/bluetooth/lib/EFR32BG13P/GCC/libbluetooth.a(gatt_client.c.obj)
                0x000000000001151e                gatt_handle_write_response
 .text.gatt_handle_prepare_write_response
                0x0000000000011532       0xb6 /Users/clfilho/SimplicityStudio/BLE/socThroughputBG13/protocol/bluetooth/lib/EFR32BG13P/GCC/libbluetooth.a(gatt_client.c.obj)
                0x0000000000011532                gatt_handle_prepare_write_response
 .text.gatt_handle_execute_write_response
                0x00000000000115e8       0x3c /Users/clfilho/SimplicityStudio/BLE/socThroughputBG13/protocol/bluetooth/lib/EFR32BG13P/GCC/libbluetooth.a(gatt_client.c.obj)
                0x00000000000115e8                gatt_handle_execute_write_response
 .text.gatt_client_handle_value_notification
                0x0000000000011624       0x12 /Users/clfilho/SimplicityStudio/BLE/socThroughputBG13/protocol/bluetooth/lib/EFR32BG13P/GCC/libbluetooth.a(gatt_client.c.obj)
                0x0000000000011624                gatt_client_handle_value_notification
 .text.gatt_client_handle_value_indication
                0x0000000000011636       0x14 /Users/clfilho/SimplicityStudio/BLE/socThroughputBG13/protocol/bluetooth/lib/EFR32BG13P/GCC/libbluetooth.a(gatt_client.c.obj)
                0x0000000000011636                gatt_client_handle_value_indication
 .text.gatt_send_characteristic_confirmation
                0x000000000001164a       0x1e /Users/clfilho/SimplicityStudio/BLE/socThroughputBG13/protocol/bluetooth/lib/EFR32BG13P/GCC/libbluetooth.a(gatt_client.c.obj)
                0x000000000001164a                gatt_send_characteristic_confirmation
 .text.gatt_client_init
                0x0000000000011668        0xc /Users/clfilho/SimplicityStudio/BLE/socThroughputBG13/protocol/bluetooth/lib/EFR32BG13P/GCC/libbluetooth.a(gatt_client.c.obj)
                0x0000000000011668                gatt_client_init
 .text.get_att_uuid16
                0x0000000000011674       0x24 /Users/clfilho/SimplicityStudio/BLE/socThroughputBG13/protocol/bluetooth/lib/EFR32BG13P/GCC/libbluetooth.a(gatt_db_minimal.c.obj)
 .text.get_client_conf
                0x0000000000011698       0x24 /Users/clfilho/SimplicityStudio/BLE/socThroughputBG13/protocol/bluetooth/lib/EFR32BG13P/GCC/libbluetooth.a(gatt_db_minimal.c.obj)
 .text.gatt_db_set_db
                0x00000000000116bc       0x14 /Users/clfilho/SimplicityStudio/BLE/socThroughputBG13/protocol/bluetooth/lib/EFR32BG13P/GCC/libbluetooth.a(gatt_db_minimal.c.obj)
                0x00000000000116bc                gatt_db_set_db
 .text.gatt_db_invalidate_hash
                0x00000000000116d0       0x10 /Users/clfilho/SimplicityStudio/BLE/socThroughputBG13/protocol/bluetooth/lib/EFR32BG13P/GCC/libbluetooth.a(gatt_db_minimal.c.obj)
                0x00000000000116d0                gatt_db_invalidate_hash
 .text.gatt_db_set_client_features
                0x00000000000116e0       0x1c /Users/clfilho/SimplicityStudio/BLE/socThroughputBG13/protocol/bluetooth/lib/EFR32BG13P/GCC/libbluetooth.a(gatt_db_minimal.c.obj)
                0x00000000000116e0                gatt_db_set_client_features
 .text.gatt_db_handle_inrange
                0x00000000000116fc       0x18 /Users/clfilho/SimplicityStudio/BLE/socThroughputBG13/protocol/bluetooth/lib/EFR32BG13P/GCC/libbluetooth.a(gatt_db_minimal.c.obj)
                0x00000000000116fc                gatt_db_handle_inrange
 .text.gatt_db_handle_active
                0x0000000000011714       0x30 /Users/clfilho/SimplicityStudio/BLE/socThroughputBG13/protocol/bluetooth/lib/EFR32BG13P/GCC/libbluetooth.a(gatt_db_minimal.c.obj)
                0x0000000000011714                gatt_db_handle_active
 .text.get_client_conf_index
                0x0000000000011744       0x44 /Users/clfilho/SimplicityStudio/BLE/socThroughputBG13/protocol/bluetooth/lib/EFR32BG13P/GCC/libbluetooth.a(gatt_db_minimal.c.obj)
 .text.gatt_db_get_char_properties
                0x0000000000011788       0x44 /Users/clfilho/SimplicityStudio/BLE/socThroughputBG13/protocol/bluetooth/lib/EFR32BG13P/GCC/libbluetooth.a(gatt_db_minimal.c.obj)
                0x0000000000011788                gatt_db_get_char_properties
 .text.gatt_db_user_value
                0x00000000000117cc       0x1c /Users/clfilho/SimplicityStudio/BLE/socThroughputBG13/protocol/bluetooth/lib/EFR32BG13P/GCC/libbluetooth.a(gatt_db_minimal.c.obj)
                0x00000000000117cc                gatt_db_user_value
 .text.gatt_db_load_client_conf
                0x00000000000117e8       0x32 /Users/clfilho/SimplicityStudio/BLE/socThroughputBG13/protocol/bluetooth/lib/EFR32BG13P/GCC/libbluetooth.a(gatt_db_minimal.c.obj)
                0x00000000000117e8                gatt_db_load_client_conf
 *fill*         0x000000000001181a        0x2 
 .text.gatt_db_get_client_conf
                0x000000000001181c       0x68 /Users/clfilho/SimplicityStudio/BLE/socThroughputBG13/protocol/bluetooth/lib/EFR32BG13P/GCC/libbluetooth.a(gatt_db_minimal.c.obj)
                0x000000000001181c                gatt_db_get_client_conf
 .text.gatt_db_get_att_len
                0x0000000000011884       0x3c /Users/clfilho/SimplicityStudio/BLE/socThroughputBG13/protocol/bluetooth/lib/EFR32BG13P/GCC/libbluetooth.a(gatt_db_minimal.c.obj)
                0x0000000000011884                gatt_db_get_att_len
 .text.gatt_db_check_permissions
                0x00000000000118c0      0x124 /Users/clfilho/SimplicityStudio/BLE/socThroughputBG13/protocol/bluetooth/lib/EFR32BG13P/GCC/libbluetooth.a(gatt_db_minimal.c.obj)
                0x00000000000118c0                gatt_db_check_permissions
 .text.gatt_db_get_data
                0x00000000000119e4       0xa0 /Users/clfilho/SimplicityStudio/BLE/socThroughputBG13/protocol/bluetooth/lib/EFR32BG13P/GCC/libbluetooth.a(gatt_db_minimal.c.obj)
                0x00000000000119e4                gatt_db_get_data
 .text.gatt_db_set_hash
                0x0000000000011a84      0x104 /Users/clfilho/SimplicityStudio/BLE/socThroughputBG13/protocol/bluetooth/lib/EFR32BG13P/GCC/libbluetooth.a(gatt_db_minimal.c.obj)
                0x0000000000011a84                gatt_db_set_hash
 .text.gatt_db_find_attribute_by_type
                0x0000000000011b88       0x38 /Users/clfilho/SimplicityStudio/BLE/socThroughputBG13/protocol/bluetooth/lib/EFR32BG13P/GCC/libbluetooth.a(gatt_db_minimal.c.obj)
                0x0000000000011b88                gatt_db_find_attribute_by_type
 .text.gatt_db_find_group_end
                0x0000000000011bc0       0x48 /Users/clfilho/SimplicityStudio/BLE/socThroughputBG13/protocol/bluetooth/lib/EFR32BG13P/GCC/libbluetooth.a(gatt_db_minimal.c.obj)
                0x0000000000011bc0                gatt_db_find_group_end
 .text.gatt_db_find_by_type_value
                0x0000000000011c08       0x90 /Users/clfilho/SimplicityStudio/BLE/socThroughputBG13/protocol/bluetooth/lib/EFR32BG13P/GCC/libbluetooth.a(gatt_db_minimal.c.obj)
                0x0000000000011c08                gatt_db_find_by_type_value
 .text.gatt_db_populate_adv_services
                0x0000000000011c98      0x164 /Users/clfilho/SimplicityStudio/BLE/socThroughputBG13/protocol/bluetooth/lib/EFR32BG13P/GCC/libbluetooth.a(gatt_db_minimal.c.obj)
                0x0000000000011c98                gatt_db_populate_adv_services
 .text.gatt_db_get_attribute_type
                0x0000000000011dfc       0x34 /Users/clfilho/SimplicityStudio/BLE/socThroughputBG13/protocol/bluetooth/lib/EFR32BG13P/GCC/libbluetooth.a(gatt_db_minimal.c.obj)
                0x0000000000011dfc                gatt_db_get_attribute_type
 .text.gatt_db_get_16bit_char_handle
                0x0000000000011e30       0x26 /Users/clfilho/SimplicityStudio/BLE/socThroughputBG13/protocol/bluetooth/lib/EFR32BG13P/GCC/libbluetooth.a(gatt_db_minimal.c.obj)
                0x0000000000011e30                gatt_db_get_16bit_char_handle
 .text.set_client_conf.part.2
                0x0000000000011e56       0x7e /Users/clfilho/SimplicityStudio/BLE/socThroughputBG13/protocol/bluetooth/lib/EFR32BG13P/GCC/libbluetooth.a(gatt_db_minimal.c.obj)
 .text.gatt_db_set_data
                0x0000000000011ed4      0x160 /Users/clfilho/SimplicityStudio/BLE/socThroughputBG13/protocol/bluetooth/lib/EFR32BG13P/GCC/libbluetooth.a(gatt_db_minimal.c.obj)
                0x0000000000011ed4                gatt_db_set_data
 .text.gatt_db_reset_client_conf
                0x0000000000012034       0x50 /Users/clfilho/SimplicityStudio/BLE/socThroughputBG13/protocol/bluetooth/lib/EFR32BG13P/GCC/libbluetooth.a(gatt_db_minimal.c.obj)
                0x0000000000012034                gatt_db_reset_client_conf
 .text.send_user_read_request_event
                0x0000000000012084       0x32 /Users/clfilho/SimplicityStudio/BLE/socThroughputBG13/protocol/bluetooth/lib/EFR32BG13P/GCC/libbluetooth.a(gatt_server.c.obj)
 .text.send_user_write_request_event
                0x00000000000120b6       0x3a /Users/clfilho/SimplicityStudio/BLE/socThroughputBG13/protocol/bluetooth/lib/EFR32BG13P/GCC/libbluetooth.a(gatt_server.c.obj)
 .text.send_execute_write_completed_event
                0x00000000000120f0       0x2a /Users/clfilho/SimplicityStudio/BLE/socThroughputBG13/protocol/bluetooth/lib/EFR32BG13P/GCC/libbluetooth.a(gatt_server.c.obj)
 .text.finish_read_req
                0x000000000001211a       0x96 /Users/clfilho/SimplicityStudio/BLE/socThroughputBG13/protocol/bluetooth/lib/EFR32BG13P/GCC/libbluetooth.a(gatt_server.c.obj)
 .text.handle_read_req
                0x00000000000121b0       0xa4 /Users/clfilho/SimplicityStudio/BLE/socThroughputBG13/protocol/bluetooth/lib/EFR32BG13P/GCC/libbluetooth.a(gatt_server.c.obj)
 .text.finish_execute_write_req
                0x0000000000012254       0xa8 /Users/clfilho/SimplicityStudio/BLE/socThroughputBG13/protocol/bluetooth/lib/EFR32BG13P/GCC/libbluetooth.a(gatt_server.c.obj)
 .text.send_notification
                0x00000000000122fc       0x7e /Users/clfilho/SimplicityStudio/BLE/socThroughputBG13/protocol/bluetooth/lib/EFR32BG13P/GCC/libbluetooth.a(gatt_server.c.obj)
 .text.gatt_server_send_attribute_value_event
                0x000000000001237a       0x3a /Users/clfilho/SimplicityStudio/BLE/socThroughputBG13/protocol/bluetooth/lib/EFR32BG13P/GCC/libbluetooth.a(gatt_server.c.obj)
                0x000000000001237a                gatt_server_send_attribute_value_event
 .text.gatt_server_send_characteristic_status_event
                0x00000000000123b4       0x32 /Users/clfilho/SimplicityStudio/BLE/socThroughputBG13/protocol/bluetooth/lib/EFR32BG13P/GCC/libbluetooth.a(gatt_server.c.obj)
                0x00000000000123b4                gatt_server_send_characteristic_status_event
 *fill*         0x00000000000123e6        0x2 
 .text.gatt_server_handle_exchange_mtu_req
                0x00000000000123e8       0x3c /Users/clfilho/SimplicityStudio/BLE/socThroughputBG13/protocol/bluetooth/lib/EFR32BG13P/GCC/libbluetooth.a(gatt_server.c.obj)
                0x00000000000123e8                gatt_server_handle_exchange_mtu_req
 .text.gatt_server_handle_read_by_group_type
                0x0000000000012424      0x120 /Users/clfilho/SimplicityStudio/BLE/socThroughputBG13/protocol/bluetooth/lib/EFR32BG13P/GCC/libbluetooth.a(gatt_server.c.obj)
                0x0000000000012424                gatt_server_handle_read_by_group_type
 .text.gatt_server_handle_read_by_type
                0x0000000000012544      0x184 /Users/clfilho/SimplicityStudio/BLE/socThroughputBG13/protocol/bluetooth/lib/EFR32BG13P/GCC/libbluetooth.a(gatt_server.c.obj)
                0x0000000000012544                gatt_server_handle_read_by_type
 .text.gatt_server_handle_find_information
                0x00000000000126c8       0xe2 /Users/clfilho/SimplicityStudio/BLE/socThroughputBG13/protocol/bluetooth/lib/EFR32BG13P/GCC/libbluetooth.a(gatt_server.c.obj)
                0x00000000000126c8                gatt_server_handle_find_information
 .text.gatt_server_handle_find_by_type_value_req
                0x00000000000127aa       0xc8 /Users/clfilho/SimplicityStudio/BLE/socThroughputBG13/protocol/bluetooth/lib/EFR32BG13P/GCC/libbluetooth.a(gatt_server.c.obj)
                0x00000000000127aa                gatt_server_handle_find_by_type_value_req
 .text.gatt_server_handle_read_req
                0x0000000000012872        0xc /Users/clfilho/SimplicityStudio/BLE/socThroughputBG13/protocol/bluetooth/lib/EFR32BG13P/GCC/libbluetooth.a(gatt_server.c.obj)
                0x0000000000012872                gatt_server_handle_read_req
 .text.gatt_server_handle_read_blob_req
                0x000000000001287e        0xa /Users/clfilho/SimplicityStudio/BLE/socThroughputBG13/protocol/bluetooth/lib/EFR32BG13P/GCC/libbluetooth.a(gatt_server.c.obj)